interactions:
- request:
    body: null
    headers:
      Accept:
      - application/json
      Accept-Encoding:
      - gzip, deflate
      Connection:
      - keep-alive
      User-Agent:
      - promptflow-sdk/0.0.1 azure-ai-ml/1.12.0 azsdk-python-mgmt-machinelearningservices/0.1.0
        Python/3.11.5 (Windows-10-10.0.22621-SP0)
    method: GET
    uri: https://management.azure.com/subscriptions/00000000-0000-0000-0000-000000000000/resourceGroups/00000/providers/Microsoft.MachineLearningServices/workspaces/00000
  response:
    body:
      string: '{"id": "/subscriptions/00000000-0000-0000-0000-000000000000/resourceGroups/00000/providers/Microsoft.MachineLearningServices/workspaces/00000",
        "name": "00000", "type": "Microsoft.MachineLearningServices/workspaces", "location":
        "eastus", "tags": {}, "etag": null, "kind": "Default", "sku": {"name": "Basic",
        "tier": "Basic"}, "properties": {"discoveryUrl": "https://eastus.api.azureml.ms/discovery"}}'
    headers:
      cache-control:
      - no-cache
      content-length:
      - '3630'
      content-type:
      - application/json; charset=utf-8
      expires:
      - '-1'
      pragma:
      - no-cache
      strict-transport-security:
      - max-age=31536000; includeSubDomains
      vary:
      - Accept-Encoding
      x-cache:
      - CONFIG_NOCACHE
      x-content-type-options:
      - nosniff
      x-request-time:
      - '0.028'
    status:
      code: 200
      message: OK
- request:
    body: null
    headers:
      Accept:
      - application/json
      Accept-Encoding:
      - gzip, deflate
      Connection:
      - keep-alive
      User-Agent:
      - promptflow-sdk/0.0.1 azure-ai-ml/1.12.0 azsdk-python-mgmt-machinelearningservices/0.1.0
        Python/3.11.5 (Windows-10-10.0.22621-SP0)
    method: GET
    uri: https://management.azure.com/subscriptions/00000000-0000-0000-0000-000000000000/resourceGroups/00000/providers/Microsoft.MachineLearningServices/workspaces/00000/datastores?count=30&isDefault=true&orderByAsc=false
  response:
    body:
      string: '{"value": [{"id": "/subscriptions/00000000-0000-0000-0000-000000000000/resourceGroups/00000/providers/Microsoft.MachineLearningServices/workspaces/00000/datastores/workspaceblobstore",
        "name": "workspaceblobstore", "type": "Microsoft.MachineLearningServices/workspaces/datastores",
        "properties": {"description": null, "tags": null, "properties": null, "isDefault":
        true, "credentials": {"credentialsType": "AccountKey"}, "intellectualProperty":
        null, "subscriptionId": "00000000-0000-0000-0000-000000000000", "resourceGroup":
        "00000", "datastoreType": "AzureBlob", "accountName": "fake_account_name",
        "containerName": "fake-container-name", "endpoint": "core.windows.net", "protocol":
        "https", "serviceDataAccessAuthIdentity": "WorkspaceSystemAssignedIdentity"},
        "systemData": {"createdAt": "2023-04-08T02:53:06.5886442+00:00", "createdBy":
        "779301c0-18b2-4cdc-801b-a0a3368fee0a", "createdByType": "Application", "lastModifiedAt":
        "2023-04-08T02:53:07.521127+00:00", "lastModifiedBy": "779301c0-18b2-4cdc-801b-a0a3368fee0a",
        "lastModifiedByType": "Application"}}]}'
    headers:
      cache-control:
      - no-cache
      content-length:
      - '1372'
      content-type:
      - application/json; charset=utf-8
      expires:
      - '-1'
      pragma:
      - no-cache
      strict-transport-security:
      - max-age=31536000; includeSubDomains
      vary:
      - Accept-Encoding
      x-cache:
      - CONFIG_NOCACHE
      x-content-type-options:
      - nosniff
      x-request-time:
      - '0.056'
    status:
      code: 200
      message: OK
- request:
    body: null
    headers:
      Accept:
      - application/json
      Accept-Encoding:
      - gzip, deflate
      Connection:
      - keep-alive
      User-Agent:
      - promptflow-sdk/0.0.1 azure-ai-ml/1.12.0 azsdk-python-mgmt-machinelearningservices/0.1.0
        Python/3.11.5 (Windows-10-10.0.22621-SP0)
    method: GET
    uri: https://management.azure.com/subscriptions/00000000-0000-0000-0000-000000000000/resourceGroups/00000/providers/Microsoft.MachineLearningServices/workspaces/00000/datastores/workspaceblobstore
  response:
    body:
      string: '{"id": "/subscriptions/00000000-0000-0000-0000-000000000000/resourceGroups/00000/providers/Microsoft.MachineLearningServices/workspaces/00000/datastores/workspaceblobstore",
        "name": "workspaceblobstore", "type": "Microsoft.MachineLearningServices/workspaces/datastores",
        "properties": {"description": null, "tags": null, "properties": null, "isDefault":
        true, "credentials": {"credentialsType": "AccountKey"}, "intellectualProperty":
        null, "subscriptionId": "00000000-0000-0000-0000-000000000000", "resourceGroup":
        "00000", "datastoreType": "AzureBlob", "accountName": "fake_account_name",
        "containerName": "fake-container-name", "endpoint": "core.windows.net", "protocol":
        "https", "serviceDataAccessAuthIdentity": "WorkspaceSystemAssignedIdentity"},
        "systemData": {"createdAt": "2023-04-08T02:53:06.5886442+00:00", "createdBy":
        "779301c0-18b2-4cdc-801b-a0a3368fee0a", "createdByType": "Application", "lastModifiedAt":
        "2023-04-08T02:53:07.521127+00:00", "lastModifiedBy": "779301c0-18b2-4cdc-801b-a0a3368fee0a",
        "lastModifiedByType": "Application"}}'
    headers:
      cache-control:
      - no-cache
      content-length:
      - '1227'
      content-type:
      - application/json; charset=utf-8
      expires:
      - '-1'
      pragma:
      - no-cache
      strict-transport-security:
      - max-age=31536000; includeSubDomains
      vary:
      - Accept-Encoding
      x-cache:
      - CONFIG_NOCACHE
      x-content-type-options:
      - nosniff
      x-request-time:
      - '0.076'
    status:
      code: 200
      message: OK
- request:
    body: null
    headers:
      Accept:
      - application/json
      Accept-Encoding:
      - gzip, deflate
      Connection:
      - keep-alive
      Content-Length:
      - '0'
      User-Agent:
      - promptflow-sdk/0.0.1 azure-ai-ml/1.12.0 azsdk-python-mgmt-machinelearningservices/0.1.0
        Python/3.11.5 (Windows-10-10.0.22621-SP0)
    method: POST
    uri: https://management.azure.com/subscriptions/00000000-0000-0000-0000-000000000000/resourceGroups/00000/providers/Microsoft.MachineLearningServices/workspaces/00000/datastores/workspaceblobstore/listSecrets
  response:
    body:
      string: '{"secretsType": "AccountKey", "key": "dGhpcyBpcyBmYWtlIGtleQ=="}'
    headers:
      cache-control:
      - no-cache
      content-length:
      - '134'
      content-type:
      - application/json; charset=utf-8
      expires:
      - '-1'
      pragma:
      - no-cache
      strict-transport-security:
      - max-age=31536000; includeSubDomains
      x-cache:
      - CONFIG_NOCACHE
      x-content-type-options:
      - nosniff
      x-request-time:
      - '0.152'
    status:
      code: 200
      message: OK
- request:
    body: null
    headers:
      Accept:
      - application/xml
      Accept-Encoding:
      - gzip, deflate
      Connection:
      - keep-alive
      User-Agent:
      - azsdk-python-storage-blob/12.19.0 Python/3.11.5 (Windows-10-10.0.22621-SP0)
      x-ms-date:
      - Fri, 23 Feb 2024 09:41:39 GMT
      x-ms-version:
      - '2023-11-03'
    method: HEAD
    uri: https://fake_account_name.blob.core.windows.net/fake-container-name/LocalUpload/000000000000000000000000000000000000/simple_eager_flow_data.jsonl
  response:
    body:
      string: ''
    headers:
      accept-ranges:
      - bytes
      content-length:
      - '25'
      content-md5:
      - zt1zN1V/HR5p7N0Sh5396w==
      content-type:
      - application/octet-stream
      last-modified:
      - Tue, 23 Jan 2024 06:27:00 GMT
      server:
      - Windows-Azure-Blob/1.0 Microsoft-HTTPAPI/2.0
      vary:
      - Origin
      x-ms-blob-type:
      - BlockBlob
      x-ms-creation-time:
      - Tue, 23 Jan 2024 06:26:59 GMT
      x-ms-meta-name:
      - 1e376ce4-7c3b-4683-82ad-412f5cd23626
      x-ms-meta-upload_status:
      - completed
      x-ms-meta-version:
      - 7e65351c-7e4b-4a4d-90f8-304eacdc36bc
      x-ms-version:
      - '2023-11-03'
    status:
      code: 200
      message: OK
- request:
    body: null
    headers:
      Accept:
      - application/xml
      Accept-Encoding:
      - gzip, deflate
      Connection:
      - keep-alive
      User-Agent:
      - azsdk-python-storage-blob/12.19.0 Python/3.11.5 (Windows-10-10.0.22621-SP0)
      x-ms-date:
      - Fri, 23 Feb 2024 09:41:42 GMT
      x-ms-version:
      - '2023-11-03'
    method: HEAD
    uri: https://fake_account_name.blob.core.windows.net/fake-container-name/az-ml-artifacts/000000000000000000000000000000000000/simple_eager_flow_data.jsonl
  response:
    body:
      string: ''
    headers:
      server:
      - Windows-Azure-Blob/1.0 Microsoft-HTTPAPI/2.0
      transfer-encoding:
      - chunked
      vary:
      - Origin
      x-ms-error-code:
      - BlobNotFound
      x-ms-version:
      - '2023-11-03'
    status:
      code: 404
      message: The specified blob does not exist.
- request:
    body: null
    headers:
      Accept:
      - application/json
      Accept-Encoding:
      - gzip, deflate
      Connection:
      - keep-alive
      User-Agent:
      - promptflow-sdk/0.0.1 azure-ai-ml/1.12.0 azsdk-python-mgmt-machinelearningservices/0.1.0
        Python/3.11.5 (Windows-10-10.0.22621-SP0)
    method: GET
    uri: https://management.azure.com/subscriptions/00000000-0000-0000-0000-000000000000/resourceGroups/00000/providers/Microsoft.MachineLearningServices/workspaces/00000/datastores/workspaceblobstore
  response:
    body:
      string: '{"id": "/subscriptions/00000000-0000-0000-0000-000000000000/resourceGroups/00000/providers/Microsoft.MachineLearningServices/workspaces/00000/datastores/workspaceblobstore",
        "name": "workspaceblobstore", "type": "Microsoft.MachineLearningServices/workspaces/datastores",
        "properties": {"description": null, "tags": null, "properties": null, "isDefault":
        true, "credentials": {"credentialsType": "AccountKey"}, "intellectualProperty":
        null, "subscriptionId": "00000000-0000-0000-0000-000000000000", "resourceGroup":
        "00000", "datastoreType": "AzureBlob", "accountName": "fake_account_name",
        "containerName": "fake-container-name", "endpoint": "core.windows.net", "protocol":
        "https", "serviceDataAccessAuthIdentity": "WorkspaceSystemAssignedIdentity"},
        "systemData": {"createdAt": "2023-04-08T02:53:06.5886442+00:00", "createdBy":
        "779301c0-18b2-4cdc-801b-a0a3368fee0a", "createdByType": "Application", "lastModifiedAt":
        "2023-04-08T02:53:07.521127+00:00", "lastModifiedBy": "779301c0-18b2-4cdc-801b-a0a3368fee0a",
        "lastModifiedByType": "Application"}}'
    headers:
      cache-control:
      - no-cache
      content-length:
      - '1227'
      content-type:
      - application/json; charset=utf-8
      expires:
      - '-1'
      pragma:
      - no-cache
      strict-transport-security:
      - max-age=31536000; includeSubDomains
      vary:
      - Accept-Encoding
      x-cache:
      - CONFIG_NOCACHE
      x-content-type-options:
      - nosniff
      x-request-time:
      - '0.069'
    status:
      code: 200
      message: OK
- request:
    body: null
    headers:
      Accept:
      - application/json
      Accept-Encoding:
      - gzip, deflate
      Connection:
      - keep-alive
      Content-Length:
      - '0'
      User-Agent:
      - promptflow-sdk/0.0.1 azure-ai-ml/1.12.0 azsdk-python-mgmt-machinelearningservices/0.1.0
        Python/3.11.5 (Windows-10-10.0.22621-SP0)
    method: POST
    uri: https://management.azure.com/subscriptions/00000000-0000-0000-0000-000000000000/resourceGroups/00000/providers/Microsoft.MachineLearningServices/workspaces/00000/datastores/workspaceblobstore/listSecrets
  response:
    body:
      string: '{"secretsType": "AccountKey", "key": "dGhpcyBpcyBmYWtlIGtleQ=="}'
    headers:
      cache-control:
      - no-cache
      content-length:
      - '134'
      content-type:
      - application/json; charset=utf-8
      expires:
      - '-1'
      pragma:
      - no-cache
      strict-transport-security:
      - max-age=31536000; includeSubDomains
      x-cache:
      - CONFIG_NOCACHE
      x-content-type-options:
      - nosniff
      x-request-time:
      - '0.095'
    status:
      code: 200
      message: OK
- request:
    body: null
    headers:
      Accept:
      - application/xml
      Accept-Encoding:
      - gzip, deflate
      Connection:
      - keep-alive
      User-Agent:
      - azsdk-python-storage-blob/12.19.0 Python/3.11.5 (Windows-10-10.0.22621-SP0)
      x-ms-date:
      - Fri, 23 Feb 2024 09:41:51 GMT
      x-ms-version:
      - '2023-11-03'
    method: HEAD
    uri: https://fake_account_name.blob.core.windows.net/fake-container-name/LocalUpload/000000000000000000000000000000000000/long_running/.promptflow/flow.json
  response:
    body:
      string: ''
    headers:
      server:
      - Windows-Azure-Blob/1.0 Microsoft-HTTPAPI/2.0
      transfer-encoding:
      - chunked
      vary:
      - Origin
      x-ms-error-code:
      - BlobNotFound
      x-ms-version:
      - '2023-11-03'
    status:
      code: 404
      message: The specified blob does not exist.
- request:
    body: "{\r\n    \"entry\": \"entry:my_flow\",\r\n    \"function\": \"my_flow\",\r\n
      \   \"inputs\": {\r\n        \"input_val\": {\r\n            \"type\": \"object\"\r\n
      \       }\r\n    },\r\n    \"outputs\": {\r\n        \"output\": {\r\n            \"type\":
      \"string\"\r\n        }\r\n    }\r\n}"
    headers:
      Accept:
      - application/xml
      Accept-Encoding:
      - gzip, deflate
      Connection:
      - keep-alive
      Content-Length:
      - '240'
      Content-MD5:
      - +v1crsVbmor/Fm/S0JbZQQ==
      Content-Type:
      - application/octet-stream
      If-None-Match:
      - '*'
      User-Agent:
      - azsdk-python-storage-blob/12.19.0 Python/3.11.5 (Windows-10-10.0.22621-SP0)
      x-ms-blob-type:
      - BlockBlob
      x-ms-date:
      - Fri, 23 Feb 2024 09:41:55 GMT
      x-ms-version:
      - '2023-11-03'
    method: PUT
    uri: https://fake_account_name.blob.core.windows.net/fake-container-name/LocalUpload/000000000000000000000000000000000000/long_running/.promptflow/flow.json
  response:
    body:
      string: ''
    headers:
      content-length:
      - '0'
      content-md5:
      - +v1crsVbmor/Fm/S0JbZQQ==
      last-modified:
      - Fri, 23 Feb 2024 09:41:56 GMT
      server:
      - Windows-Azure-Blob/1.0 Microsoft-HTTPAPI/2.0
      x-ms-content-crc64:
      - rlsBty52i5s=
      x-ms-request-server-encrypted:
      - 'true'
      x-ms-version:
      - '2023-11-03'
    status:
      code: 201
      message: Created
- request:
    body: null
    headers:
      Accept:
      - application/xml
      Accept-Encoding:
      - gzip, deflate
      Connection:
      - keep-alive
      Content-Length:
      - '0'
      User-Agent:
      - azsdk-python-storage-blob/12.19.0 Python/3.11.5 (Windows-10-10.0.22621-SP0)
      x-ms-date:
      - Fri, 23 Feb 2024 09:41:55 GMT
      x-ms-meta-name:
      - f62e7501-ca5d-44a7-971a-764af62b33d3
      x-ms-meta-upload_status:
      - completed
      x-ms-meta-version:
      - '1'
      x-ms-version:
      - '2023-11-03'
    method: PUT
    uri: https://fake_account_name.blob.core.windows.net/fake-container-name/LocalUpload/000000000000000000000000000000000000/long_running/.promptflow/flow.json?comp=metadata
  response:
    body:
      string: ''
    headers:
      content-length:
      - '0'
      last-modified:
      - Fri, 23 Feb 2024 09:41:57 GMT
      server:
      - Windows-Azure-Blob/1.0 Microsoft-HTTPAPI/2.0
      x-ms-request-server-encrypted:
      - 'true'
      x-ms-version:
      - '2023-11-03'
    status:
      code: 200
      message: OK
- request:
    body: '{"flowDefinitionDataStoreName": "workspaceblobstore", "flowDefinitionBlobPath":
      "LocalUpload/000000000000000000000000000000000000/long_running/flow.dag.yaml",
      "runId": "name", "runDisplayName": "name", "runExperimentName": "", "sessionId":
      "000000000000000000000000000000000000000000000000", "sessionSetupMode": "SystemWait",
      "flowLineageId": "0000000000000000000000000000000000000000000000000000000000000000",
      "runtimeName": "fake-runtime-name", "batchDataInput": {"dataUri": "azureml://datastores/workspaceblobstore/paths/LocalUpload/000000000000000000000000000000000000/simple_eager_flow_data.jsonl"},
      "inputsMapping": {}, "connections": {}, "environmentVariables": {}, "runDisplayNameGenerationType":
      "UserProvidedMacro"}'
    headers:
      Accept:
      - application/json
      Accept-Encoding:
      - gzip, deflate
      Connection:
      - keep-alive
      Content-Length:
      - '785'
      Content-Type:
      - application/json
      User-Agent:
      - promptflow-sdk/0.0.1 azsdk-python-azuremachinelearningdesignerserviceclient/unknown
        Python/3.11.5 (Windows-10-10.0.22621-SP0)
    method: POST
    uri: https://eastus.api.azureml.ms/flow/api/subscriptions/00000000-0000-0000-0000-000000000000/resourceGroups/00000/providers/Microsoft.MachineLearningServices/workspaces/00000/BulkRuns/submit
  response:
    body:
      string: '"name"'
    headers:
      connection:
      - keep-alive
      content-length:
      - '38'
      content-type:
      - application/json; charset=utf-8
      strict-transport-security:
      - max-age=31536000; includeSubDomains; preload
      x-content-type-options:
      - nosniff
      x-request-time:
      - '4.015'
    status:
      code: 200
      message: OK
- request:
    body: null
    headers:
      Accept:
      - application/json
      Accept-Encoding:
      - gzip, deflate
      Connection:
      - keep-alive
      User-Agent:
      - promptflow-sdk/0.0.1 azsdk-python-azuremachinelearningdesignerserviceclient/unknown
        Python/3.11.5 (Windows-10-10.0.22621-SP0)
    method: GET
    uri: https://eastus.api.azureml.ms/flow/api/subscriptions/00000000-0000-0000-0000-000000000000/resourceGroups/00000/providers/Microsoft.MachineLearningServices/workspaces/00000/BulkRuns/name
  response:
    body:
      string: '{"flowRunResourceId": "azureml://locations/eastus/workspaces/00000/flows/name/flowRuns/name",
        "flowRunId": "name", "flowRunDisplayName": "name", "batchDataInput": {"dataUri":
        "azureml://datastores/workspaceblobstore/paths/LocalUpload/e62bc4d5a164939b21d42dd420469da7/simple_eager_flow_data.jsonl"},
        "flowRunType": "FlowRun", "flowType": "Default", "runtimeName": "automatic",
        "inputsMapping": {}, "outputDatastoreName": "workspaceblobstore", "childRunBasePath":
        "promptflow/PromptFlowArtifacts/name/flow_artifacts", "studioPortalEndpoint":
        "https://ml.azure.com/runs/name?wsid=/subscriptions/00000000-0000-0000-0000-000000000000/resourcegroups/00000/providers/Microsoft.MachineLearningServices/workspaces/00000"}'
    headers:
      connection:
      - keep-alive
      content-length:
      - '930'
      content-type:
      - application/json; charset=utf-8
      strict-transport-security:
      - max-age=31536000; includeSubDomains; preload
      transfer-encoding:
      - chunked
      vary:
      - Accept-Encoding
      x-content-type-options:
      - nosniff
      x-request-time:
      - '0.397'
    status:
      code: 200
      message: OK
- request:
    body: null
    headers:
      Accept:
      - text/plain, application/json
      Accept-Encoding:
      - gzip, deflate
      Connection:
      - keep-alive
      Content-Length:
      - '0'
      User-Agent:
      - promptflow-sdk/0.0.1 azsdk-python-azuremachinelearningdesignerserviceclient/unknown
        Python/3.11.5 (Windows-10-10.0.22621-SP0)
    method: POST
    uri: https://eastus.api.azureml.ms/flow/api/subscriptions/00000000-0000-0000-0000-000000000000/resourceGroups/00000/providers/Microsoft.MachineLearningServices/workspaces/00000/BulkRuns/name/cancel
  response:
    body:
      string: ''
    headers:
      connection:
      - keep-alive
      content-length:
      - '0'
      strict-transport-security:
      - max-age=31536000; includeSubDomains; preload
      x-content-type-options:
      - nosniff
      x-request-time:
      - '0.651'
    status:
      code: 200
      message: OK
- request:
    body: null
    headers:
      Accept:
      - application/json
      Accept-Encoding:
      - gzip, deflate
      Connection:
      - keep-alive
      User-Agent:
      - promptflow-sdk/0.0.1 azsdk-python-azuremachinelearningdesignerserviceclient/unknown
        Python/3.11.5 (Windows-10-10.0.22621-SP0)
    method: GET
    uri: https://eastus.api.azureml.ms/flow/api/subscriptions/00000000-0000-0000-0000-000000000000/resourceGroups/00000/providers/Microsoft.MachineLearningServices/workspaces/00000/BulkRuns/name
  response:
    body:
      string: '{"flowRunResourceId": "azureml://locations/eastus/workspaces/00000/flows/name/flowRuns/name",
        "flowRunId": "name", "flowRunDisplayName": "name", "batchDataInput": {"dataUri":
        "azureml://datastores/workspaceblobstore/paths/LocalUpload/e62bc4d5a164939b21d42dd420469da7/simple_eager_flow_data.jsonl"},
        "flowRunType": "FlowRun", "flowType": "Default", "runtimeName": "automatic",
        "inputsMapping": {}, "outputDatastoreName": "workspaceblobstore", "childRunBasePath":
        "promptflow/PromptFlowArtifacts/name/flow_artifacts", "flowDagFileRelativePath":
        "flow.dag.yaml", "flowSnapshotId": "8768e40b-799b-4644-8852-85cecdcc08f5",
        "studioPortalEndpoint": "https://ml.azure.com/runs/name?wsid=/subscriptions/00000000-0000-0000-0000-000000000000/resourcegroups/00000/providers/Microsoft.MachineLearningServices/workspaces/00000"}'
    headers:
      connection:
      - keep-alive
      content-length:
      - '1028'
      content-type:
      - application/json; charset=utf-8
      strict-transport-security:
      - max-age=31536000; includeSubDomains; preload
      transfer-encoding:
      - chunked
      vary:
      - Accept-Encoding
      x-content-type-options:
      - nosniff
      x-request-time:
      - '0.229'
    status:
      code: 200
      message: OK
- request:
    body: '{"runId": "name", "selectRunMetadata": true, "selectRunDefinition": true,
      "selectJobSpecification": true}'
    headers:
      Accept:
      - '*/*'
      Accept-Encoding:
      - gzip, deflate
      Connection:
      - keep-alive
      Content-Length:
      - '137'
      Content-Type:
      - application/json
      User-Agent:
      - python-requests/2.31.0
    method: POST
    uri: https://eastus.api.azureml.ms/history/v1.0/subscriptions/00000000-0000-0000-0000-000000000000/resourceGroups/00000/providers/Microsoft.MachineLearningServices/workspaces/00000/rundata
  response:
    body:
      string: '{"runMetadata": {"runNumber": 1708681330, "rootRunId": "name", "createdUtc":
        "2024-02-23T09:42:10.7942053+00:00", "createdBy": {"userObjectId": "00000000-0000-0000-0000-000000000000",
        "userPuId": "100320005227D154", "userIdp": null, "userAltSecId": null, "userIss":
        "https://sts.windows.net/00000000-0000-0000-0000-000000000000/", "userTenantId":
        "00000000-0000-0000-0000-000000000000", "userName": "Han Wang", "upn": null},
        "userId": "00000000-0000-0000-0000-000000000000", "token": null, "tokenExpiryTimeUtc":
        null, "error": null, "warnings": null, "revision": 3, "statusRevision": 1,
        "runUuid": "02674804-4fd7-4713-89db-d8086ec88cfd", "parentRunUuid": null,
        "rootRunUuid": "02674804-4fd7-4713-89db-d8086ec88cfd", "lastStartTimeUtc":
        null, "currentComputeTime": null, "computeDuration": "00:00:00", "effectiveStartTimeUtc":
        null, "lastModifiedBy": {"userObjectId": "00000000-0000-0000-0000-000000000000",
        "userPuId": "100320005227D154", "userIdp": null, "userAltSecId": null, "userIss":
        "https://sts.windows.net/00000000-0000-0000-0000-000000000000/", "userTenantId":
        "00000000-0000-0000-0000-000000000000", "userName": "Han Wang", "upn": null},
        "lastModifiedUtc": "2024-02-23T09:42:40.2085086+00:00", "duration": "00:00:00",
        "cancelationReason": null, "currentAttemptId": 1, "runId": "name", "parentRunId":
        null, "experimentId": "b0eb6a8a-ae84-4bfe-9741-689a08e793d8", "status": "Canceled",
        "startTimeUtc": "2024-02-23T09:42:30.3955245+00:00", "endTimeUtc": "2024-02-23T09:42:30.3955245+00:00",
        "scheduleId": null, "displayName": "name", "name": null, "dataContainerId":
        "dcid.name", "description": null, "hidden": false, "runType": "azureml.promptflow.FlowRun",
        "runTypeV2": {"orchestrator": null, "traits": [], "attribution": "PromptFlow",
        "computeType": null}, "properties": {"azureml.promptflow.runtime_name": "automatic",
        "azureml.promptflow.runtime_version": "20240220.v2", "azureml.promptflow.definition_file_name":
        "flow.dag.yaml", "azureml.promptflow.flow_lineage_id": "5ea4d8ed1431bf7fbc26f2c74ba16e38e8927ed93ec75ff608f8e86712ef17c2",
        "azureml.promptflow.flow_definition_datastore_name": "workspaceblobstore",
        "azureml.promptflow.flow_definition_blob_path": "LocalUpload/d0464019237ad44e9c63c410ff30d01f/long_running/flow.dag.yaml",
        "azureml.promptflow.input_data": "azureml://datastores/workspaceblobstore/paths/LocalUpload/e62bc4d5a164939b21d42dd420469da7/simple_eager_flow_data.jsonl",
        "_azureml.evaluation_run": "promptflow.BatchRun", "azureml.promptflow.session_id":
        "eaef6f595b07c179512ceebe471607e1d38375ad0fe3a637", "azureml.promptflow.snapshot_id":
        "8768e40b-799b-4644-8852-85cecdcc08f5", "azureml.promptflow.run_mode": "Eager"},
        "parameters": {}, "actionUris": {}, "scriptName": null, "target": null, "uniqueChildRunComputeTargets":
        [], "tags": {}, "settings": {}, "services": {}, "inputDatasets": [], "outputDatasets":
        [], "runDefinition": null, "jobSpecification": null, "primaryMetricName":
        null, "createdFrom": null, "cancelUri": null, "completeUri": null, "diagnosticsUri":
        null, "computeRequest": null, "compute": null, "retainForLifetimeOfWorkspace":
        false, "queueingInfo": null, "inputs": null, "outputs": null}, "runDefinition":
        null, "jobSpecification": null, "systemSettings": null}'
    headers:
      connection:
      - keep-alive
      content-length:
      - '3813'
      content-type:
      - application/json; charset=utf-8
      strict-transport-security:
      - max-age=31536000; includeSubDomains; preload
      transfer-encoding:
      - chunked
      vary:
      - Accept-Encoding
      x-content-type-options:
      - nosniff
      x-request-time:
      - '0.041'
    status:
      code: 200
      message: OK
version: 1
