interactions:
- request:
    body: null
    headers:
      Accept:
      - application/json
      Accept-Encoding:
      - gzip, deflate
      Connection:
      - keep-alive
      User-Agent:
      - promptflow-sdk/0.0.1 azure-ai-ml/1.13.0 azsdk-python-mgmt-machinelearningservices/0.1.0
        Python/3.9.18 (Linux-5.15.133.1-microsoft-standard-WSL2-x86_64-with-glibc2.31)
    method: GET
    uri: https://management.azure.com/subscriptions/00000000-0000-0000-0000-000000000000/resourceGroups/00000/providers/Microsoft.MachineLearningServices/workspaces/00000/datastores/workspaceblobstore
  response:
    body:
      string: '{"id": "/subscriptions/00000000-0000-0000-0000-000000000000/resourceGroups/00000/providers/Microsoft.MachineLearningServices/workspaces/00000/datastores/workspaceblobstore",
        "name": "workspaceblobstore", "type": "Microsoft.MachineLearningServices/workspaces/datastores",
        "properties": {"description": null, "tags": null, "properties": null, "isDefault":
        true, "credentials": {"credentialsType": "AccountKey"}, "intellectualProperty":
        null, "subscriptionId": "00000000-0000-0000-0000-000000000000", "resourceGroup":
        "00000", "datastoreType": "AzureBlob", "accountName": "fake_account_name",
        "containerName": "fake-container-name", "endpoint": "core.windows.net", "protocol":
        "https", "serviceDataAccessAuthIdentity": "WorkspaceSystemAssignedIdentity"},
        "systemData": {"createdAt": "2023-09-22T05:26:30.7527337+00:00", "createdBy":
        "779301c0-18b2-4cdc-801b-a0a3368fee0a", "createdByType": "Application", "lastModifiedAt":
        "2024-01-10T09:29:14.5412854+00:00", "lastModifiedBy": "Philip Gao", "lastModifiedByType":
        "User"}}'
    headers:
      cache-control:
      - no-cache
      content-length:
      - '1200'
      content-type:
      - application/json; charset=utf-8
      expires:
      - '-1'
      pragma:
      - no-cache
      strict-transport-security:
      - max-age=31536000; includeSubDomains
      vary:
      - Accept-Encoding
      x-cache:
      - CONFIG_NOCACHE
      x-content-type-options:
      - nosniff
      x-request-time:
      - '0.056'
    status:
      code: 200
      message: OK
- request:
    body: null
    headers:
      Accept:
      - application/json
      Accept-Encoding:
      - gzip, deflate
      Connection:
      - keep-alive
      Content-Length:
      - '0'
      User-Agent:
      - promptflow-sdk/0.0.1 azure-ai-ml/1.13.0 azsdk-python-mgmt-machinelearningservices/0.1.0
        Python/3.9.18 (Linux-5.15.133.1-microsoft-standard-WSL2-x86_64-with-glibc2.31)
    method: POST
    uri: https://management.azure.com/subscriptions/00000000-0000-0000-0000-000000000000/resourceGroups/00000/providers/Microsoft.MachineLearningServices/workspaces/00000/datastores/workspaceblobstore/listSecrets
  response:
    body:
      string: '{"secretsType": "AccountKey", "key": "dGhpcyBpcyBmYWtlIGtleQ=="}'
    headers:
      cache-control:
      - no-cache
      content-length:
      - '134'
      content-type:
      - application/json; charset=utf-8
      expires:
      - '-1'
      pragma:
      - no-cache
      strict-transport-security:
      - max-age=31536000; includeSubDomains
      x-cache:
      - CONFIG_NOCACHE
      x-content-type-options:
      - nosniff
      x-request-time:
      - '0.070'
    status:
      code: 200
      message: OK
- request:
    body: null
    headers:
      Accept:
      - application/xml
      Accept-Encoding:
      - gzip, deflate
      Connection:
      - keep-alive
      User-Agent:
      - azsdk-python-storage-blob/12.19.0 Python/3.9.18 (Linux-5.15.133.1-microsoft-standard-WSL2-x86_64-with-glibc2.31)
      x-ms-date:
      - Mon, 26 Feb 2024 12:30:14 GMT
      x-ms-version:
      - '2023-11-03'
    method: HEAD
    uri: https://fake_account_name.blob.core.windows.net/fake-container-name/LocalUpload/000000000000000000000000000000000000/env_var_names.jsonl
  response:
    body:
      string: ''
    headers:
      accept-ranges:
      - bytes
      content-length:
      - '48'
      content-md5:
      - coR2DL3u7dznqaSP7zFogw==
      content-type:
      - application/octet-stream
      last-modified:
      - Thu, 14 Dec 2023 05:52:56 GMT
      server:
      - Windows-Azure-Blob/1.0 Microsoft-HTTPAPI/2.0
      vary:
      - Origin
      x-ms-blob-type:
      - BlockBlob
      x-ms-creation-time:
      - Thu, 14 Dec 2023 05:52:56 GMT
      x-ms-meta-name:
      - c895610d-c15c-4348-96c9-f76b111dee97
      x-ms-meta-upload_status:
      - completed
      x-ms-meta-version:
      - 7401ce83-0d9b-4743-96cc-187555f06c17
      x-ms-version:
      - '2023-11-03'
    status:
      code: 200
      message: OK
- request:
    body: null
    headers:
      Accept:
      - application/xml
      Accept-Encoding:
      - gzip, deflate
      Connection:
      - keep-alive
      User-Agent:
      - azsdk-python-storage-blob/12.19.0 Python/3.9.18 (Linux-5.15.133.1-microsoft-standard-WSL2-x86_64-with-glibc2.31)
      x-ms-date:
      - Mon, 26 Feb 2024 12:30:15 GMT
      x-ms-version:
      - '2023-11-03'
    method: HEAD
    uri: https://fake_account_name.blob.core.windows.net/fake-container-name/az-ml-artifacts/000000000000000000000000000000000000/env_var_names.jsonl
  response:
    body:
      string: ''
    headers:
      server:
      - Windows-Azure-Blob/1.0 Microsoft-HTTPAPI/2.0
      transfer-encoding:
      - chunked
      vary:
      - Origin
      x-ms-error-code:
      - BlobNotFound
      x-ms-version:
      - '2023-11-03'
    status:
      code: 404
      message: The specified blob does not exist.
- request:
    body: null
    headers:
      Accept:
      - application/json
      Accept-Encoding:
      - gzip, deflate
      Connection:
      - keep-alive
      User-Agent:
      - promptflow-sdk/0.0.1 azure-ai-ml/1.13.0 azsdk-python-mgmt-machinelearningservices/0.1.0
        Python/3.9.18 (Linux-5.15.133.1-microsoft-standard-WSL2-x86_64-with-glibc2.31)
    method: GET
    uri: https://management.azure.com/subscriptions/00000000-0000-0000-0000-000000000000/resourceGroups/00000/providers/Microsoft.MachineLearningServices/workspaces/00000/datastores/workspaceblobstore
  response:
    body:
      string: '{"id": "/subscriptions/00000000-0000-0000-0000-000000000000/resourceGroups/00000/providers/Microsoft.MachineLearningServices/workspaces/00000/datastores/workspaceblobstore",
        "name": "workspaceblobstore", "type": "Microsoft.MachineLearningServices/workspaces/datastores",
        "properties": {"description": null, "tags": null, "properties": null, "isDefault":
        true, "credentials": {"credentialsType": "AccountKey"}, "intellectualProperty":
        null, "subscriptionId": "00000000-0000-0000-0000-000000000000", "resourceGroup":
        "00000", "datastoreType": "AzureBlob", "accountName": "fake_account_name",
        "containerName": "fake-container-name", "endpoint": "core.windows.net", "protocol":
        "https", "serviceDataAccessAuthIdentity": "WorkspaceSystemAssignedIdentity"},
        "systemData": {"createdAt": "2023-09-22T05:26:30.7527337+00:00", "createdBy":
        "779301c0-18b2-4cdc-801b-a0a3368fee0a", "createdByType": "Application", "lastModifiedAt":
        "2024-01-10T09:29:14.5412854+00:00", "lastModifiedBy": "Philip Gao", "lastModifiedByType":
        "User"}}'
    headers:
      cache-control:
      - no-cache
      content-length:
      - '1200'
      content-type:
      - application/json; charset=utf-8
      expires:
      - '-1'
      pragma:
      - no-cache
      strict-transport-security:
      - max-age=31536000; includeSubDomains
      vary:
      - Accept-Encoding
      x-cache:
      - CONFIG_NOCACHE
      x-content-type-options:
      - nosniff
      x-request-time:
      - '0.051'
    status:
      code: 200
      message: OK
- request:
    body: null
    headers:
      Accept:
      - application/json
      Accept-Encoding:
      - gzip, deflate
      Connection:
      - keep-alive
      Content-Length:
      - '0'
      User-Agent:
      - promptflow-sdk/0.0.1 azure-ai-ml/1.13.0 azsdk-python-mgmt-machinelearningservices/0.1.0
        Python/3.9.18 (Linux-5.15.133.1-microsoft-standard-WSL2-x86_64-with-glibc2.31)
    method: POST
    uri: https://management.azure.com/subscriptions/00000000-0000-0000-0000-000000000000/resourceGroups/00000/providers/Microsoft.MachineLearningServices/workspaces/00000/datastores/workspaceblobstore/listSecrets
  response:
    body:
      string: '{"secretsType": "AccountKey", "key": "dGhpcyBpcyBmYWtlIGtleQ=="}'
    headers:
      cache-control:
      - no-cache
      content-length:
      - '134'
      content-type:
      - application/json; charset=utf-8
      expires:
      - '-1'
      pragma:
      - no-cache
      strict-transport-security:
      - max-age=31536000; includeSubDomains
      x-cache:
      - CONFIG_NOCACHE
      x-content-type-options:
      - nosniff
      x-request-time:
      - '0.065'
    status:
      code: 200
      message: OK
- request:
    body: null
    headers:
      Accept:
      - application/xml
      Accept-Encoding:
      - gzip, deflate
      Connection:
      - keep-alive
      User-Agent:
      - azsdk-python-storage-blob/12.19.0 Python/3.9.18 (Linux-5.15.133.1-microsoft-standard-WSL2-x86_64-with-glibc2.31)
      x-ms-date:
      - Mon, 26 Feb 2024 12:30:17 GMT
      x-ms-version:
      - '2023-11-03'
    method: HEAD
    uri: https://fake_account_name.blob.core.windows.net/fake-container-name/LocalUpload/000000000000000000000000000000000000/print_env_var/.promptflow/flow-print_env.node.detail.json
  response:
    body:
      string: ''
    headers:
      accept-ranges:
      - bytes
      content-length:
      - '1569'
      content-md5:
      - CFRioFwsLq4a58rHWqzG+g==
      content-type:
      - application/octet-stream
      last-modified:
      - Mon, 26 Feb 2024 08:09:03 GMT
      server:
      - Windows-Azure-Blob/1.0 Microsoft-HTTPAPI/2.0
      vary:
      - Origin
      x-ms-blob-type:
      - BlockBlob
      x-ms-creation-time:
      - Mon, 26 Feb 2024 08:08:52 GMT
      x-ms-meta-name:
      - abf1fb14-9c97-4b5e-bfbb-115bb0107ae5
      x-ms-meta-upload_status:
      - completed
      x-ms-meta-version:
      - '1'
      x-ms-version:
      - '2023-11-03'
    status:
      code: 200
      message: OK
- request:
    body: null
    headers:
      Accept:
      - application/xml
      Accept-Encoding:
      - gzip, deflate
      Connection:
      - keep-alive
      User-Agent:
      - azsdk-python-storage-blob/12.19.0 Python/3.9.18 (Linux-5.15.133.1-microsoft-standard-WSL2-x86_64-with-glibc2.31)
      x-ms-date:
      - Mon, 26 Feb 2024 12:30:18 GMT
      x-ms-version:
      - '2023-11-03'
    method: HEAD
    uri: https://fake_account_name.blob.core.windows.net/fake-container-name/az-ml-artifacts/000000000000000000000000000000000000/print_env_var/.promptflow/flow-print_env.node.detail.json
  response:
    body:
      string: ''
    headers:
      server:
      - Windows-Azure-Blob/1.0 Microsoft-HTTPAPI/2.0
      transfer-encoding:
      - chunked
      vary:
      - Origin
      x-ms-error-code:
      - BlobNotFound
      x-ms-version:
      - '2023-11-03'
    status:
      code: 404
      message: The specified blob does not exist.
- request:
    body: '[{"iKey": "8b52b368-4c91-4226-b7f7-be52822f0509", "tags": {"ai.cloud.role":
      "pfazure", "ai.device.locale": "en_US", "ai.device.osVersion": "#1 SMP Thu Oct
      5 21:02:42 UTC 2023", "ai.device.type": "Other", "ai.internal.sdkVersion": "py3.9.18:oc0.11.4:ext1.1.13",
      "ai.operation.id": "00000000000000000000000000000000", "ai.operation.parentId":
      "|00000000000000000000000000000000.0000000000000000."}, "time": "2024-02-26T12:30:11.857257Z",
      "name": "Microsoft.ApplicationInsights.Event", "data": {"baseData": {"name":
      "pfazure.run.create.start", "properties": {"request_id": "33e8b537-d80a-439a-830e-9d97aa1ae723",
      "first_call": true, "activity_name": "pfazure.run.create", "activity_type":
      "PublicApi", "user_agent": "promptflow-sdk/0.0.1 promptflow-cli/0.0.1", "subscription_id":
      "96aede12-2f73-41cb-b983-6d11a904839b", "resource_group_name": "promptflow",
      "workspace_name": "promptflow-eastus2euap", "level": "INFO", "from_ci": false,
      "python_version": "3.9.18", "installation_id": "0a634356-f266-4def-a4af-c628414a4eea"},
      "measurements": {}, "ver": 2}, "baseType": "EventData"}}]'
    headers:
      Accept:
      - application/json
      Accept-Encoding:
      - gzip, deflate
      Connection:
      - keep-alive
      Content-Length:
      - '1078'
      Content-Type:
      - application/json; charset=utf-8
      User-Agent:
      - python-requests/2.31.0
    method: POST
    uri: https://dc.services.visualstudio.com/v2.1/track
  response:
    body:
      string: '{"itemsReceived": 1, "itemsAccepted": 0, "errors": [{"index": 0, "statusCode":
        307, "message": "Ingestion is allowed only from stamp specific endpoint -
        Location: https://eastus-8.in.applicationinsights.azure.com/v2.1/track"}]}'
    headers:
      cache-control:
      - max-age=604800
      content-length:
      - '217'
      content-type:
      - application/json; charset=utf-8
      location:
      - https://eastus-8.in.applicationinsights.azure.com/v2.1/track
      server:
      - Microsoft-HTTPAPI/2.0
      strict-transport-security:
      - max-age=31536000
      x-content-type-options:
      - nosniff
    status:
      code: 307
      message: Temporary Redirect
- request:
    body: '[{"iKey": "8b52b368-4c91-4226-b7f7-be52822f0509", "tags": {"ai.cloud.role":
      "pfazure", "ai.device.locale": "en_US", "ai.device.osVersion": "#1 SMP Thu Oct
      5 21:02:42 UTC 2023", "ai.device.type": "Other", "ai.internal.sdkVersion": "py3.9.18:oc0.11.4:ext1.1.13",
      "ai.operation.id": "00000000000000000000000000000000", "ai.operation.parentId":
      "|00000000000000000000000000000000.0000000000000000."}, "time": "2024-02-26T12:30:11.857257Z",
      "name": "Microsoft.ApplicationInsights.Event", "data": {"baseData": {"name":
      "pfazure.run.create.start", "properties": {"request_id": "33e8b537-d80a-439a-830e-9d97aa1ae723",
      "first_call": true, "activity_name": "pfazure.run.create", "activity_type":
      "PublicApi", "user_agent": "promptflow-sdk/0.0.1 promptflow-cli/0.0.1", "subscription_id":
      "96aede12-2f73-41cb-b983-6d11a904839b", "resource_group_name": "promptflow",
      "workspace_name": "promptflow-eastus2euap", "level": "INFO", "from_ci": false,
      "python_version": "3.9.18", "installation_id": "0a634356-f266-4def-a4af-c628414a4eea"},
      "measurements": {}, "ver": 2}, "baseType": "EventData"}}]'
    headers:
      Accept:
      - application/json
      Accept-Encoding:
      - gzip, deflate
      Connection:
      - keep-alive
      Content-Length:
      - '1078'
      Content-Type:
      - application/json; charset=utf-8
      User-Agent:
      - python-requests/2.31.0
    method: POST
    uri: https://eastus-8.in.applicationinsights.azure.com/v2.1/track
  response:
    body:
      string: '{"itemsReceived": 1, "itemsAccepted": 1, "errors": []}'
    headers:
      content-length:
      - '49'
      content-type:
      - application/json; charset=utf-8
      server:
      - Microsoft-HTTPAPI/2.0
      strict-transport-security:
      - max-age=31536000
      x-content-type-options:
      - nosniff
    status:
      code: 200
      message: OK
- request:
    body: '{"flowDefinitionDataStoreName": "workspaceblobstore", "flowDefinitionBlobPath":
      "LocalUpload/000000000000000000000000000000000000/print_env_var/flow.dag.yaml",
      "runId": "name", "runDisplayName": "name", "runExperimentName": "", "sessionId":
      "000000000000000000000000000000000000000000000000", "sessionSetupMode": "SystemWait",
      "flowLineageId": "0000000000000000000000000000000000000000000000000000000000000000",
      "runtimeName": "fake-runtime-name", "batchDataInput": {"dataUri": "azureml://datastores/workspaceblobstore/paths/LocalUpload/000000000000000000000000000000000000/env_var_names.jsonl"},
      "inputsMapping": {}, "connections": {}, "environmentVariables": {"API_BASE":
      "${azure_open_ai_connection.api_base}"}, "runDisplayNameGenerationType": "UserProvidedMacro"}'
    headers:
      Accept:
      - application/json
      Accept-Encoding:
      - gzip, deflate
      Connection:
      - keep-alive
      Content-Length:
      - '833'
      Content-Type:
      - application/json
      User-Agent:
      - promptflow-sdk/0.0.1 azsdk-python-azuremachinelearningdesignerserviceclient/unknown
        Python/3.9.18 (Linux-5.15.133.1-microsoft-standard-WSL2-x86_64-with-glibc2.31)
    method: POST
    uri: https://eastus2euap.api.azureml.ms/flow/api/subscriptions/00000000-0000-0000-0000-000000000000/resourceGroups/00000/providers/Microsoft.MachineLearningServices/workspaces/00000/BulkRuns/submit
  response:
    body:
      string: '"name"'
    headers:
      connection:
      - keep-alive
      content-length:
      - '38'
      content-type:
      - application/json; charset=utf-8
      strict-transport-security:
      - max-age=31536000; includeSubDomains; preload
      x-content-type-options:
      - nosniff
      x-request-time:
      - '52.296'
    status:
      code: 200
      message: OK
- request:
    body: null
    headers:
      Accept:
      - application/json
      Accept-Encoding:
      - gzip, deflate
      Connection:
      - keep-alive
      User-Agent:
      - promptflow-sdk/0.0.1 azsdk-python-azuremachinelearningdesignerserviceclient/unknown
        Python/3.9.18 (Linux-5.15.133.1-microsoft-standard-WSL2-x86_64-with-glibc2.31)
    method: GET
    uri: https://eastus2euap.api.azureml.ms/flow/api/subscriptions/00000000-0000-0000-0000-000000000000/resourceGroups/00000/providers/Microsoft.MachineLearningServices/workspaces/00000/BulkRuns/name
  response:
    body:
      string: '{"flowRunResourceId": "azureml://locations/eastus2euap/workspaces/00000/flows/name/flowRuns/name",
        "flowRunId": "name", "flowRunDisplayName": "name", "batchDataInput": {"dataUri":
        "azureml://datastores/workspaceblobstore/paths/LocalUpload/4104a8f4d3b0b5b51c7cacbdac64e128/env_var_names.jsonl"},
        "flowRunType": "FlowRun", "flowType": "Default", "runtimeName": "test_azure_cli",
        "inputsMapping": {}, "outputDatastoreName": "workspaceblobstore", "childRunBasePath":
        "promptflow/PromptFlowArtifacts/name/flow_artifacts", "studioPortalEndpoint":
        "https://ml.azure.com/runs/name?wsid=/subscriptions/00000000-0000-0000-0000-000000000000/resourcegroups/00000/providers/Microsoft.MachineLearningServices/workspaces/00000"}'
    headers:
      connection:
      - keep-alive
      content-length:
      - '936'
      content-type:
      - application/json; charset=utf-8
      strict-transport-security:
      - max-age=31536000; includeSubDomains; preload
      transfer-encoding:
      - chunked
      vary:
      - Accept-Encoding
      x-content-type-options:
      - nosniff
      x-request-time:
      - '0.115'
    status:
      code: 200
      message: OK
- request:
    body: null
    headers:
      Accept:
      - application/json
      Accept-Encoding:
      - gzip, deflate
      Connection:
      - keep-alive
      User-Agent:
      - promptflow-sdk/0.0.1 azsdk-python-azuremachinelearningdesignerserviceclient/unknown
        Python/3.9.18 (Linux-5.15.133.1-microsoft-standard-WSL2-x86_64-with-glibc2.31)
    method: GET
    uri: https://eastus2euap.api.azureml.ms/flow/api/subscriptions/00000000-0000-0000-0000-000000000000/resourceGroups/00000/providers/Microsoft.MachineLearningServices/workspaces/00000/BulkRuns/name
  response:
    body:
      string: '{"flowRunResourceId": "azureml://locations/eastus2euap/workspaces/00000/flows/name/flowRuns/name",
        "flowRunId": "name", "flowRunDisplayName": "name", "batchDataInput": {"dataUri":
        "azureml://datastores/workspaceblobstore/paths/LocalUpload/4104a8f4d3b0b5b51c7cacbdac64e128/env_var_names.jsonl"},
        "flowRunType": "FlowRun", "flowType": "Default", "runtimeName": "test_azure_cli",
        "inputsMapping": {}, "outputDatastoreName": "workspaceblobstore", "childRunBasePath":
        "promptflow/PromptFlowArtifacts/name/flow_artifacts", "studioPortalEndpoint":
        "https://ml.azure.com/runs/name?wsid=/subscriptions/00000000-0000-0000-0000-000000000000/resourcegroups/00000/providers/Microsoft.MachineLearningServices/workspaces/00000"}'
    headers:
      connection:
      - keep-alive
      content-length:
      - '936'
      content-type:
      - application/json; charset=utf-8
      strict-transport-security:
      - max-age=31536000; includeSubDomains; preload
      transfer-encoding:
      - chunked
      vary:
      - Accept-Encoding
      x-content-type-options:
      - nosniff
      x-request-time:
      - '0.147'
    status:
      code: 200
      message: OK
- request:
    body: '{"runId": "name", "selectRunMetadata": true, "selectRunDefinition": true,
      "selectJobSpecification": true}'
    headers:
      Accept:
      - '*/*'
      Accept-Encoding:
      - gzip, deflate
      Connection:
      - keep-alive
      Content-Length:
      - '137'
      Content-Type:
      - application/json
      User-Agent:
      - python-requests/2.31.0
    method: POST
    uri: https://eastus2euap.api.azureml.ms/history/v1.0/subscriptions/00000000-0000-0000-0000-000000000000/resourceGroups/00000/providers/Microsoft.MachineLearningServices/workspaces/00000/rundata
  response:
    body:
      string: '{"runMetadata": {"runNumber": 1708950625, "rootRunId": "name", "createdUtc":
        "2024-02-26T12:30:25.0855656+00:00", "createdBy": {"userObjectId": "00000000-0000-0000-0000-000000000000",
        "userPuId": "10032002106D9FE2", "userIdp": null, "userAltSecId": null, "userIss":
        "https://sts.windows.net/00000000-0000-0000-0000-000000000000/", "userTenantId":
        "00000000-0000-0000-0000-000000000000", "userName": "LuLu Zuo", "upn": null},
        "userId": "00000000-0000-0000-0000-000000000000", "token": null, "tokenExpiryTimeUtc":
        null, "error": null, "warnings": null, "revision": 1, "statusRevision": 0,
        "runUuid": "4bce5d97-7104-49e9-a706-3dcb6c7f61d7", "parentRunUuid": null,
        "rootRunUuid": "4bce5d97-7104-49e9-a706-3dcb6c7f61d7", "lastStartTimeUtc":
        null, "currentComputeTime": "00:00:00", "computeDuration": null, "effectiveStartTimeUtc":
        null, "lastModifiedBy": {"userObjectId": "00000000-0000-0000-0000-000000000000",
        "userPuId": "10032002106D9FE2", "userIdp": null, "userAltSecId": null, "userIss":
        "https://sts.windows.net/00000000-0000-0000-0000-000000000000/", "userTenantId":
        "00000000-0000-0000-0000-000000000000", "userName": "LuLu Zuo", "upn": null},
        "lastModifiedUtc": "2024-02-26T12:30:25.0855656+00:00", "duration": null,
        "cancelationReason": null, "currentAttemptId": 1, "runId": "name", "parentRunId":
        null, "experimentId": "3d231066-dc93-4023-a5ce-61478dc02cf7", "status": "NotStarted",
        "startTimeUtc": null, "endTimeUtc": null, "scheduleId": null, "displayName":
        "name", "name": null, "dataContainerId": "dcid.name", "description": null,
        "hidden": false, "runType": "azureml.promptflow.FlowRun", "runTypeV2": {"orchestrator":
        null, "traits": [], "attribution": "PromptFlow", "computeType": "AmlcDsi"},
        "properties": {"azureml.promptflow.runtime_name": "test_azure_cli", "azureml.promptflow.runtime_version":
        "20240222.v3", "azureml.promptflow.definition_file_name": "flow.dag.yaml",
        "azureml.promptflow.flow_lineage_id": "f62f35c174e78bd426fba55c56d2ffb88daa2b2445c4adbe93d67262ab5b0186",
        "azureml.promptflow.flow_definition_datastore_name": "workspaceblobstore",
        "azureml.promptflow.flow_definition_blob_path": "LocalUpload/8240856cfa7b7df51e9e38d8d4e38da7/print_env_var/flow.dag.yaml",
        "azureml.promptflow.input_data": "azureml://datastores/workspaceblobstore/paths/LocalUpload/4104a8f4d3b0b5b51c7cacbdac64e128/env_var_names.jsonl",
        "_azureml.evaluation_run": "promptflow.BatchRun"}, "parameters": {}, "actionUris":
        {}, "scriptName": null, "target": null, "uniqueChildRunComputeTargets": [],
        "tags": {}, "settings": {}, "services": {}, "inputDatasets": [], "outputDatasets":
        [], "runDefinition": null, "jobSpecification": null, "primaryMetricName":
        null, "createdFrom": null, "cancelUri": null, "completeUri": null, "diagnosticsUri":
        null, "computeRequest": null, "compute": null, "retainForLifetimeOfWorkspace":
        false, "queueingInfo": null, "inputs": null, "outputs": null}, "runDefinition":
        null, "jobSpecification": null, "systemSettings": null}'
    headers:
      connection:
      - keep-alive
      content-length:
      - '3532'
      content-type:
      - application/json; charset=utf-8
      strict-transport-security:
      - max-age=31536000; includeSubDomains; preload
      transfer-encoding:
      - chunked
      vary:
      - Accept-Encoding
      x-content-type-options:
      - nosniff
      x-request-time:
      - '0.020'
    status:
      code: 200
      message: OK
version: 1
