interactions:
- request:
    body: null
    headers:
      Accept:
      - application/json
      Accept-Encoding:
      - gzip, deflate
      Connection:
      - keep-alive
      User-Agent:
      - promptflow-sdk/0.0.1 azure-ai-ml/1.12.1 azsdk-python-mgmt-machinelearningservices/0.1.0
        Python/3.10.13 (Windows-10-10.0.22631-SP0)
    method: GET
    uri: https://management.azure.com/subscriptions/00000000-0000-0000-0000-000000000000/resourceGroups/00000/providers/Microsoft.MachineLearningServices/workspaces/00000
  response:
    body:
      string: '{"id": "/subscriptions/00000000-0000-0000-0000-000000000000/resourceGroups/00000/providers/Microsoft.MachineLearningServices/workspaces/00000",
        "name": "00000", "type": "Microsoft.MachineLearningServices/workspaces", "location":
        "eastus", "tags": {}, "etag": null, "kind": "Default", "sku": {"name": "Basic",
        "tier": "Basic"}, "properties": {"discoveryUrl": "https://eastus.api.azureml.ms/discovery"}}'
    headers:
      cache-control:
      - no-cache
      content-length:
      - '3630'
      content-type:
      - application/json; charset=utf-8
      expires:
      - '-1'
      pragma:
      - no-cache
      strict-transport-security:
      - max-age=31536000; includeSubDomains
      vary:
      - Accept-Encoding
      x-cache:
      - CONFIG_NOCACHE
      x-content-type-options:
      - nosniff
      x-request-time:
      - '0.028'
    status:
      code: 200
      message: OK
- request:
    body: null
    headers:
      Accept:
      - application/json
      Accept-Encoding:
      - gzip, deflate
      Connection:
      - keep-alive
      User-Agent:
      - promptflow-sdk/0.0.1 azure-ai-ml/1.12.1 azsdk-python-mgmt-machinelearningservices/0.1.0
        Python/3.10.13 (Windows-10-10.0.22631-SP0)
    method: GET
    uri: https://management.azure.com/subscriptions/00000000-0000-0000-0000-000000000000/resourceGroups/00000/providers/Microsoft.MachineLearningServices/workspaces/00000/datastores?count=30&isDefault=true&orderByAsc=false
  response:
    body:
      string: '{"value": [{"id": "/subscriptions/00000000-0000-0000-0000-000000000000/resourceGroups/00000/providers/Microsoft.MachineLearningServices/workspaces/00000/datastores/workspaceblobstore",
        "name": "workspaceblobstore", "type": "Microsoft.MachineLearningServices/workspaces/datastores",
        "properties": {"description": null, "tags": null, "properties": null, "isDefault":
        true, "credentials": {"credentialsType": "AccountKey"}, "intellectualProperty":
        null, "subscriptionId": "00000000-0000-0000-0000-000000000000", "resourceGroup":
        "00000", "datastoreType": "AzureBlob", "accountName": "fake_account_name",
        "containerName": "fake-container-name", "endpoint": "core.windows.net", "protocol":
        "https", "serviceDataAccessAuthIdentity": "WorkspaceSystemAssignedIdentity"},
        "systemData": {"createdAt": "2023-04-08T02:53:06.5886442+00:00", "createdBy":
        "779301c0-18b2-4cdc-801b-a0a3368fee0a", "createdByType": "Application", "lastModifiedAt":
        "2023-04-08T02:53:07.521127+00:00", "lastModifiedBy": "779301c0-18b2-4cdc-801b-a0a3368fee0a",
        "lastModifiedByType": "Application"}}]}'
    headers:
      cache-control:
      - no-cache
      content-length:
      - '1372'
      content-type:
      - application/json; charset=utf-8
      expires:
      - '-1'
      pragma:
      - no-cache
      strict-transport-security:
      - max-age=31536000; includeSubDomains
      vary:
      - Accept-Encoding
      x-cache:
      - CONFIG_NOCACHE
      x-content-type-options:
      - nosniff
      x-request-time:
      - '0.087'
    status:
      code: 200
      message: OK
- request:
    body: null
    headers:
      Accept:
      - application/json
      Accept-Encoding:
      - gzip, deflate
      Connection:
      - keep-alive
      User-Agent:
      - promptflow-sdk/0.0.1 azure-ai-ml/1.12.1 azsdk-python-mgmt-machinelearningservices/0.1.0
        Python/3.10.13 (Windows-10-10.0.22631-SP0)
    method: GET
    uri: https://management.azure.com/subscriptions/00000000-0000-0000-0000-000000000000/resourceGroups/00000/providers/Microsoft.MachineLearningServices/workspaces/00000/datastores/workspaceblobstore
  response:
    body:
      string: '{"id": "/subscriptions/00000000-0000-0000-0000-000000000000/resourceGroups/00000/providers/Microsoft.MachineLearningServices/workspaces/00000/datastores/workspaceblobstore",
        "name": "workspaceblobstore", "type": "Microsoft.MachineLearningServices/workspaces/datastores",
        "properties": {"description": null, "tags": null, "properties": null, "isDefault":
        true, "credentials": {"credentialsType": "AccountKey"}, "intellectualProperty":
        null, "subscriptionId": "00000000-0000-0000-0000-000000000000", "resourceGroup":
        "00000", "datastoreType": "AzureBlob", "accountName": "fake_account_name",
        "containerName": "fake-container-name", "endpoint": "core.windows.net", "protocol":
        "https", "serviceDataAccessAuthIdentity": "WorkspaceSystemAssignedIdentity"},
        "systemData": {"createdAt": "2023-04-08T02:53:06.5886442+00:00", "createdBy":
        "779301c0-18b2-4cdc-801b-a0a3368fee0a", "createdByType": "Application", "lastModifiedAt":
        "2023-04-08T02:53:07.521127+00:00", "lastModifiedBy": "779301c0-18b2-4cdc-801b-a0a3368fee0a",
        "lastModifiedByType": "Application"}}'
    headers:
      cache-control:
      - no-cache
      content-length:
      - '1227'
      content-type:
      - application/json; charset=utf-8
      expires:
      - '-1'
      pragma:
      - no-cache
      strict-transport-security:
      - max-age=31536000; includeSubDomains
      vary:
      - Accept-Encoding
      x-cache:
      - CONFIG_NOCACHE
      x-content-type-options:
      - nosniff
      x-request-time:
      - '0.118'
    status:
      code: 200
      message: OK
- request:
    body: null
    headers:
      Accept:
      - application/json
      Accept-Encoding:
      - gzip, deflate
      Connection:
      - keep-alive
      Content-Length:
      - '0'
      User-Agent:
      - promptflow-sdk/0.0.1 azure-ai-ml/1.12.1 azsdk-python-mgmt-machinelearningservices/0.1.0
        Python/3.10.13 (Windows-10-10.0.22631-SP0)
    method: POST
    uri: https://management.azure.com/subscriptions/00000000-0000-0000-0000-000000000000/resourceGroups/00000/providers/Microsoft.MachineLearningServices/workspaces/00000/datastores/workspaceblobstore/listSecrets
  response:
    body:
      string: '{"secretsType": "AccountKey", "key": "dGhpcyBpcyBmYWtlIGtleQ=="}'
    headers:
      cache-control:
      - no-cache
      content-length:
      - '134'
      content-type:
      - application/json; charset=utf-8
      expires:
      - '-1'
      pragma:
      - no-cache
      strict-transport-security:
      - max-age=31536000; includeSubDomains
      x-cache:
      - CONFIG_NOCACHE
      x-content-type-options:
      - nosniff
      x-request-time:
      - '0.284'
    status:
      code: 200
      message: OK
- request:
    body: null
    headers:
      Accept:
      - application/xml
      Accept-Encoding:
      - gzip, deflate
      Connection:
      - keep-alive
      User-Agent:
      - azsdk-python-storage-blob/12.18.0 Python/3.10.13 (Windows-10-10.0.22631-SP0)
      x-ms-date:
      - Tue, 21 Nov 2023 08:32:21 GMT
      x-ms-version:
      - '2023-08-03'
    method: HEAD
    uri: https://fake_account_name.blob.core.windows.net/fake-container-name/LocalUpload/000000000000000000000000000000000000/webClassification3.jsonl
  response:
    body:
      string: ''
    headers:
      accept-ranges:
      - bytes
      content-length:
      - '379'
      content-md5:
      - lI/pz9jzTQ7Td3RHPL7y7w==
      content-type:
      - application/octet-stream
      last-modified:
      - Mon, 06 Nov 2023 08:30:18 GMT
      server:
      - Windows-Azure-Blob/1.0 Microsoft-HTTPAPI/2.0
      vary:
      - Origin
      x-ms-blob-type:
      - BlockBlob
      x-ms-creation-time:
      - Mon, 06 Nov 2023 08:30:18 GMT
      x-ms-meta-name:
      - 94331215-cf7f-452a-9f1a-1d276bc9b0e4
      x-ms-meta-upload_status:
      - completed
      x-ms-meta-version:
      - 3f163752-edb0-4afc-a6f5-b0a670bd7c24
      x-ms-version:
      - '2023-08-03'
    status:
      code: 200
      message: OK
- request:
    body: null
    headers:
      Accept:
      - application/xml
      Accept-Encoding:
      - gzip, deflate
      Connection:
      - keep-alive
      User-Agent:
      - azsdk-python-storage-blob/12.18.0 Python/3.10.13 (Windows-10-10.0.22631-SP0)
      x-ms-date:
      - Tue, 21 Nov 2023 08:32:22 GMT
      x-ms-version:
      - '2023-08-03'
    method: HEAD
    uri: https://fake_account_name.blob.core.windows.net/fake-container-name/az-ml-artifacts/000000000000000000000000000000000000/webClassification3.jsonl
  response:
    body:
      string: ''
    headers:
      server:
      - Windows-Azure-Blob/1.0 Microsoft-HTTPAPI/2.0
      transfer-encoding:
      - chunked
      vary:
      - Origin
      x-ms-error-code:
      - BlobNotFound
      x-ms-version:
      - '2023-08-03'
    status:
      code: 404
      message: The specified blob does not exist.
- request:
    body: null
    headers:
      Accept:
      - application/json
      Accept-Encoding:
      - gzip, deflate
      Connection:
      - keep-alive
      User-Agent:
      - promptflow-sdk/0.0.1 azure-ai-ml/1.12.1 azsdk-python-mgmt-machinelearningservices/0.1.0
        Python/3.10.13 (Windows-10-10.0.22631-SP0)
    method: GET
    uri: https://management.azure.com/subscriptions/00000000-0000-0000-0000-000000000000/resourceGroups/00000/providers/Microsoft.MachineLearningServices/workspaces/00000/datastores/workspaceblobstore
  response:
    body:
      string: '{"id": "/subscriptions/00000000-0000-0000-0000-000000000000/resourceGroups/00000/providers/Microsoft.MachineLearningServices/workspaces/00000/datastores/workspaceblobstore",
        "name": "workspaceblobstore", "type": "Microsoft.MachineLearningServices/workspaces/datastores",
        "properties": {"description": null, "tags": null, "properties": null, "isDefault":
        true, "credentials": {"credentialsType": "AccountKey"}, "intellectualProperty":
        null, "subscriptionId": "00000000-0000-0000-0000-000000000000", "resourceGroup":
        "00000", "datastoreType": "AzureBlob", "accountName": "fake_account_name",
        "containerName": "fake-container-name", "endpoint": "core.windows.net", "protocol":
        "https", "serviceDataAccessAuthIdentity": "WorkspaceSystemAssignedIdentity"},
        "systemData": {"createdAt": "2023-04-08T02:53:06.5886442+00:00", "createdBy":
        "779301c0-18b2-4cdc-801b-a0a3368fee0a", "createdByType": "Application", "lastModifiedAt":
        "2023-04-08T02:53:07.521127+00:00", "lastModifiedBy": "779301c0-18b2-4cdc-801b-a0a3368fee0a",
        "lastModifiedByType": "Application"}}'
    headers:
      cache-control:
      - no-cache
      content-length:
      - '1227'
      content-type:
      - application/json; charset=utf-8
      expires:
      - '-1'
      pragma:
      - no-cache
      strict-transport-security:
      - max-age=31536000; includeSubDomains
      vary:
      - Accept-Encoding
      x-cache:
      - CONFIG_NOCACHE
      x-content-type-options:
      - nosniff
      x-request-time:
      - '0.089'
    status:
      code: 200
      message: OK
- request:
    body: null
    headers:
      Accept:
      - application/json
      Accept-Encoding:
      - gzip, deflate
      Connection:
      - keep-alive
      Content-Length:
      - '0'
      User-Agent:
      - promptflow-sdk/0.0.1 azure-ai-ml/1.12.1 azsdk-python-mgmt-machinelearningservices/0.1.0
        Python/3.10.13 (Windows-10-10.0.22631-SP0)
    method: POST
    uri: https://management.azure.com/subscriptions/00000000-0000-0000-0000-000000000000/resourceGroups/00000/providers/Microsoft.MachineLearningServices/workspaces/00000/datastores/workspaceblobstore/listSecrets
  response:
    body:
      string: '{"secretsType": "AccountKey", "key": "dGhpcyBpcyBmYWtlIGtleQ=="}'
    headers:
      cache-control:
      - no-cache
      content-length:
      - '134'
      content-type:
      - application/json; charset=utf-8
      expires:
      - '-1'
      pragma:
      - no-cache
      strict-transport-security:
      - max-age=31536000; includeSubDomains
      x-cache:
      - CONFIG_NOCACHE
      x-content-type-options:
      - nosniff
      x-request-time:
      - '0.122'
    status:
      code: 200
      message: OK
- request:
    body: null
    headers:
      Accept:
      - application/xml
      Accept-Encoding:
      - gzip, deflate
      Connection:
      - keep-alive
      User-Agent:
      - azsdk-python-storage-blob/12.18.0 Python/3.10.13 (Windows-10-10.0.22631-SP0)
      x-ms-date:
      - Tue, 21 Nov 2023 08:32:24 GMT
      x-ms-version:
      - '2023-08-03'
    method: HEAD
    uri: https://fake_account_name.blob.core.windows.net/fake-container-name/LocalUpload/000000000000000000000000000000000000/web_classification/.promptflow/flow.detail.json
  response:
    body:
      string: ''
    headers:
      accept-ranges:
      - bytes
      content-length:
      - '74310'
      content-md5:
      - TtfXOT2nr1pDBtzsuOQkUw==
      content-type:
      - application/octet-stream
      last-modified:
      - Tue, 21 Nov 2023 07:58:08 GMT
      server:
      - Windows-Azure-Blob/1.0 Microsoft-HTTPAPI/2.0
      vary:
      - Origin
      x-ms-blob-type:
      - BlockBlob
      x-ms-creation-time:
      - Tue, 21 Nov 2023 07:58:07 GMT
      x-ms-meta-name:
      - e958bcd3-8fdc-4746-8f46-abc388771493
      x-ms-meta-upload_status:
      - completed
      x-ms-meta-version:
      - '1'
      x-ms-version:
      - '2023-08-03'
    status:
      code: 200
      message: OK
- request:
    body: null
    headers:
      Accept:
      - application/xml
      Accept-Encoding:
      - gzip, deflate
      Connection:
      - keep-alive
      User-Agent:
      - azsdk-python-storage-blob/12.18.0 Python/3.10.13 (Windows-10-10.0.22631-SP0)
      x-ms-date:
      - Tue, 21 Nov 2023 08:32:25 GMT
      x-ms-version:
      - '2023-08-03'
    method: HEAD
    uri: https://fake_account_name.blob.core.windows.net/fake-container-name/az-ml-artifacts/000000000000000000000000000000000000/web_classification/.promptflow/flow.detail.json
  response:
    body:
      string: ''
    headers:
      server:
      - Windows-Azure-Blob/1.0 Microsoft-HTTPAPI/2.0
      transfer-encoding:
      - chunked
      vary:
      - Origin
      x-ms-error-code:
      - BlobNotFound
      x-ms-version:
      - '2023-08-03'
    status:
      code: 404
      message: The specified blob does not exist.
- request:
    body: '{"flowDefinitionDataStoreName": "workspaceblobstore", "flowDefinitionBlobPath":
      "LocalUpload/000000000000000000000000000000000000/web_classification/flow.dag.yaml",
      "runId": "batch_run_name", "runDisplayName": "web_classification", "runExperimentName":
      "web_classification", "nodeVariant": "${summarize_text_content.variant_0}",
      "batchDataInput": {"dataUri": "azureml://datastores/workspaceblobstore/paths/LocalUpload/000000000000000000000000000000000000/webClassification3.jsonl"},
      "inputsMapping": {"url": "${data.url}"}, "connections": {}, "environmentVariables":
      {}, "runtimeName": "test-runtime-ci", "sessionId": "4dd8f4d5f44dfeb817d3438cf84bd739215d87afd9458597",
      "flowLineageId": "af1a6951de9be2ce13d3b58b23dbd8b6a0cd8fd4918ad9cb22b28fb8395fbcb0",
      "runDisplayNameGenerationType": "UserProvidedMacro"}'
    headers:
      Accept:
      - application/json
      Accept-Encoding:
      - gzip, deflate
      Connection:
      - keep-alive
      Content-Length:
      - '821'
      Content-Type:
      - application/json
      User-Agent:
      - promptflow-sdk/0.0.1 azsdk-python-azuremachinelearningdesignerserviceclient/unknown
        Python/3.10.13 (Windows-10-10.0.22631-SP0)
    method: POST
    uri: https://eastus.api.azureml.ms/flow/api/subscriptions/00000000-0000-0000-0000-000000000000/resourceGroups/00000/providers/Microsoft.MachineLearningServices/workspaces/00000/BulkRuns/submit
  response:
    body:
      string: '"batch_run_name"'
    headers:
      connection:
      - keep-alive
      content-length:
      - '38'
      content-type:
      - application/json; charset=utf-8
      strict-transport-security:
      - max-age=15724800; includeSubDomains; preload
      x-content-type-options:
      - nosniff
      x-request-time:
      - '13.281'
    status:
      code: 200
      message: OK
- request:
    body: null
    headers:
      Accept:
      - application/json
      Accept-Encoding:
      - gzip, deflate
      Connection:
      - keep-alive
      User-Agent:
      - promptflow-sdk/0.0.1 azure-ai-ml/1.12.1 azsdk-python-mgmt-machinelearningservices/0.1.0
        Python/3.10.13 (Windows-10-10.0.22631-SP0)
    method: GET
    uri: https://management.azure.com/subscriptions/00000000-0000-0000-0000-000000000000/resourceGroups/00000/providers/Microsoft.MachineLearningServices/workspaces/00000/datastores/workspaceblobstore
  response:
    body:
      string: '{"id": "/subscriptions/00000000-0000-0000-0000-000000000000/resourceGroups/00000/providers/Microsoft.MachineLearningServices/workspaces/00000/datastores/workspaceblobstore",
        "name": "workspaceblobstore", "type": "Microsoft.MachineLearningServices/workspaces/datastores",
        "properties": {"description": null, "tags": null, "properties": null, "isDefault":
        true, "credentials": {"credentialsType": "AccountKey"}, "intellectualProperty":
        null, "subscriptionId": "00000000-0000-0000-0000-000000000000", "resourceGroup":
        "00000", "datastoreType": "AzureBlob", "accountName": "fake_account_name",
        "containerName": "fake-container-name", "endpoint": "core.windows.net", "protocol":
        "https", "serviceDataAccessAuthIdentity": "WorkspaceSystemAssignedIdentity"},
        "systemData": {"createdAt": "2023-04-08T02:53:06.5886442+00:00", "createdBy":
        "779301c0-18b2-4cdc-801b-a0a3368fee0a", "createdByType": "Application", "lastModifiedAt":
        "2023-04-08T02:53:07.521127+00:00", "lastModifiedBy": "779301c0-18b2-4cdc-801b-a0a3368fee0a",
        "lastModifiedByType": "Application"}}'
    headers:
      cache-control:
      - no-cache
      content-length:
      - '1227'
      content-type:
      - application/json; charset=utf-8
      expires:
      - '-1'
      pragma:
      - no-cache
      strict-transport-security:
      - max-age=31536000; includeSubDomains
      vary:
      - Accept-Encoding
      x-cache:
      - CONFIG_NOCACHE
      x-content-type-options:
      - nosniff
      x-request-time:
      - '0.082'
    status:
      code: 200
      message: OK
- request:
    body: null
    headers:
      Accept:
      - application/json
      Accept-Encoding:
      - gzip, deflate
      Connection:
      - keep-alive
      Content-Length:
      - '0'
      User-Agent:
      - promptflow-sdk/0.0.1 azure-ai-ml/1.12.1 azsdk-python-mgmt-machinelearningservices/0.1.0
        Python/3.10.13 (Windows-10-10.0.22631-SP0)
    method: POST
    uri: https://management.azure.com/subscriptions/00000000-0000-0000-0000-000000000000/resourceGroups/00000/providers/Microsoft.MachineLearningServices/workspaces/00000/datastores/workspaceblobstore/listSecrets
  response:
    body:
      string: '{"secretsType": "AccountKey", "key": "dGhpcyBpcyBmYWtlIGtleQ=="}'
    headers:
      cache-control:
      - no-cache
      content-length:
      - '134'
      content-type:
      - application/json; charset=utf-8
      expires:
      - '-1'
      pragma:
      - no-cache
      strict-transport-security:
      - max-age=31536000; includeSubDomains
      x-cache:
      - CONFIG_NOCACHE
      x-content-type-options:
      - nosniff
      x-request-time:
      - '0.125'
    status:
      code: 200
      message: OK
- request:
    body: null
    headers:
      Accept:
      - application/xml
      Accept-Encoding:
      - gzip, deflate
      Connection:
      - keep-alive
      User-Agent:
      - azsdk-python-storage-blob/12.18.0 Python/3.10.13 (Windows-10-10.0.22631-SP0)
      x-ms-date:
      - Tue, 21 Nov 2023 08:33:05 GMT
      x-ms-version:
      - '2023-08-03'
    method: HEAD
    uri: https://fake_account_name.blob.core.windows.net/fake-container-name/LocalUpload/000000000000000000000000000000000000/webClassification3.jsonl
  response:
    body:
      string: ''
    headers:
      accept-ranges:
      - bytes
      content-length:
      - '379'
      content-md5:
      - lI/pz9jzTQ7Td3RHPL7y7w==
      content-type:
      - application/octet-stream
      last-modified:
      - Mon, 06 Nov 2023 08:30:18 GMT
      server:
      - Windows-Azure-Blob/1.0 Microsoft-HTTPAPI/2.0
      vary:
      - Origin
      x-ms-blob-type:
      - BlockBlob
      x-ms-creation-time:
      - Mon, 06 Nov 2023 08:30:18 GMT
      x-ms-meta-name:
      - 94331215-cf7f-452a-9f1a-1d276bc9b0e4
      x-ms-meta-upload_status:
      - completed
      x-ms-meta-version:
      - 3f163752-edb0-4afc-a6f5-b0a670bd7c24
      x-ms-version:
      - '2023-08-03'
    status:
      code: 200
      message: OK
- request:
    body: null
    headers:
      Accept:
      - application/xml
      Accept-Encoding:
      - gzip, deflate
      Connection:
      - keep-alive
      User-Agent:
      - azsdk-python-storage-blob/12.18.0 Python/3.10.13 (Windows-10-10.0.22631-SP0)
      x-ms-date:
      - Tue, 21 Nov 2023 08:33:06 GMT
      x-ms-version:
      - '2023-08-03'
    method: HEAD
    uri: https://fake_account_name.blob.core.windows.net/fake-container-name/az-ml-artifacts/000000000000000000000000000000000000/webClassification3.jsonl
  response:
    body:
      string: ''
    headers:
      server:
      - Windows-Azure-Blob/1.0 Microsoft-HTTPAPI/2.0
      transfer-encoding:
      - chunked
      vary:
      - Origin
      x-ms-error-code:
      - BlobNotFound
      x-ms-version:
      - '2023-08-03'
    status:
      code: 404
      message: The specified blob does not exist.
- request:
    body: null
    headers:
      Accept:
      - application/json
      Accept-Encoding:
      - gzip, deflate
      Connection:
      - keep-alive
      User-Agent:
      - promptflow-sdk/0.0.1 azure-ai-ml/1.12.1 azsdk-python-mgmt-machinelearningservices/0.1.0
        Python/3.10.13 (Windows-10-10.0.22631-SP0)
    method: GET
    uri: https://management.azure.com/subscriptions/00000000-0000-0000-0000-000000000000/resourceGroups/00000/providers/Microsoft.MachineLearningServices/workspaces/00000/datastores/workspaceblobstore
  response:
    body:
      string: '{"id": "/subscriptions/00000000-0000-0000-0000-000000000000/resourceGroups/00000/providers/Microsoft.MachineLearningServices/workspaces/00000/datastores/workspaceblobstore",
        "name": "workspaceblobstore", "type": "Microsoft.MachineLearningServices/workspaces/datastores",
        "properties": {"description": null, "tags": null, "properties": null, "isDefault":
        true, "credentials": {"credentialsType": "AccountKey"}, "intellectualProperty":
        null, "subscriptionId": "00000000-0000-0000-0000-000000000000", "resourceGroup":
        "00000", "datastoreType": "AzureBlob", "accountName": "fake_account_name",
        "containerName": "fake-container-name", "endpoint": "core.windows.net", "protocol":
        "https", "serviceDataAccessAuthIdentity": "WorkspaceSystemAssignedIdentity"},
        "systemData": {"createdAt": "2023-04-08T02:53:06.5886442+00:00", "createdBy":
        "779301c0-18b2-4cdc-801b-a0a3368fee0a", "createdByType": "Application", "lastModifiedAt":
        "2023-04-08T02:53:07.521127+00:00", "lastModifiedBy": "779301c0-18b2-4cdc-801b-a0a3368fee0a",
        "lastModifiedByType": "Application"}}'
    headers:
      cache-control:
      - no-cache
      content-length:
      - '1227'
      content-type:
      - application/json; charset=utf-8
      expires:
      - '-1'
      pragma:
      - no-cache
      strict-transport-security:
      - max-age=31536000; includeSubDomains
      vary:
      - Accept-Encoding
      x-cache:
      - CONFIG_NOCACHE
      x-content-type-options:
      - nosniff
      x-request-time:
      - '0.089'
    status:
      code: 200
      message: OK
- request:
    body: null
    headers:
      Accept:
      - application/json
      Accept-Encoding:
      - gzip, deflate
      Connection:
      - keep-alive
      Content-Length:
      - '0'
      User-Agent:
      - promptflow-sdk/0.0.1 azure-ai-ml/1.12.1 azsdk-python-mgmt-machinelearningservices/0.1.0
        Python/3.10.13 (Windows-10-10.0.22631-SP0)
    method: POST
    uri: https://management.azure.com/subscriptions/00000000-0000-0000-0000-000000000000/resourceGroups/00000/providers/Microsoft.MachineLearningServices/workspaces/00000/datastores/workspaceblobstore/listSecrets
  response:
    body:
      string: '{"secretsType": "AccountKey", "key": "dGhpcyBpcyBmYWtlIGtleQ=="}'
    headers:
      cache-control:
      - no-cache
      content-length:
      - '134'
      content-type:
      - application/json; charset=utf-8
      expires:
      - '-1'
      pragma:
      - no-cache
      strict-transport-security:
      - max-age=31536000; includeSubDomains
      x-cache:
      - CONFIG_NOCACHE
      x-content-type-options:
      - nosniff
      x-request-time:
      - '0.105'
    status:
      code: 200
      message: OK
- request:
    body: null
    headers:
      Accept:
      - application/xml
      Accept-Encoding:
      - gzip, deflate
      Connection:
      - keep-alive
      User-Agent:
      - azsdk-python-storage-blob/12.18.0 Python/3.10.13 (Windows-10-10.0.22631-SP0)
      x-ms-date:
      - Tue, 21 Nov 2023 08:33:08 GMT
      x-ms-version:
      - '2023-08-03'
    method: HEAD
    uri: https://fake_account_name.blob.core.windows.net/fake-container-name/LocalUpload/000000000000000000000000000000000000/eval-classification-accuracy/calculate_accuracy.py
  response:
    body:
      string: ''
    headers:
      accept-ranges:
      - bytes
      content-length:
      - '409'
      content-md5:
      - OyENtlqGVUTrY5zKuzo8XA==
      content-type:
      - application/octet-stream
      last-modified:
      - Tue, 21 Nov 2023 08:03:40 GMT
      server:
      - Windows-Azure-Blob/1.0 Microsoft-HTTPAPI/2.0
      vary:
      - Origin
      x-ms-blob-type:
      - BlockBlob
      x-ms-creation-time:
      - Tue, 21 Nov 2023 08:03:39 GMT
      x-ms-meta-name:
      - fd932777-4f3a-4c1d-9c3a-24d45835d7e1
      x-ms-meta-upload_status:
      - completed
      x-ms-meta-version:
      - '1'
      x-ms-version:
      - '2023-08-03'
    status:
      code: 200
      message: OK
- request:
    body: null
    headers:
      Accept:
      - application/xml
      Accept-Encoding:
      - gzip, deflate
      Connection:
      - keep-alive
      User-Agent:
      - azsdk-python-storage-blob/12.18.0 Python/3.10.13 (Windows-10-10.0.22631-SP0)
      x-ms-date:
      - Tue, 21 Nov 2023 08:33:09 GMT
      x-ms-version:
      - '2023-08-03'
    method: HEAD
    uri: https://fake_account_name.blob.core.windows.net/fake-container-name/az-ml-artifacts/000000000000000000000000000000000000/eval-classification-accuracy/calculate_accuracy.py
  response:
    body:
      string: ''
    headers:
      server:
      - Windows-Azure-Blob/1.0 Microsoft-HTTPAPI/2.0
      transfer-encoding:
      - chunked
      vary:
      - Origin
      x-ms-error-code:
      - BlobNotFound
      x-ms-version:
      - '2023-08-03'
    status:
      code: 404
      message: The specified blob does not exist.
- request:
    body: '{"flowDefinitionDataStoreName": "workspaceblobstore", "flowDefinitionBlobPath":
      "LocalUpload/000000000000000000000000000000000000/eval-classification-accuracy/flow.dag.yaml",
      "runId": "eval_run_name", "runDisplayName": "eval-classification-accuracy",
      "runExperimentName": "eval_classification_accuracy", "variantRunId": "batch_run_name",
      "batchDataInput": {"dataUri": "azureml://datastores/workspaceblobstore/paths/LocalUpload/000000000000000000000000000000000000/webClassification3.jsonl"},
      "inputsMapping": {"groundtruth": "${data.answer}", "prediction": "${run.outputs.category}"},
      "connections": {}, "environmentVariables": {}, "runtimeName": "test-runtime-ci",
      "sessionId": "f8e4236a4e78e7f7125bbd811ec7976cb330412723a530f8", "flowLineageId":
      "26c575d863a85371ef937096728441d8c68c3e737b5a1bfeae5ac8f3b9ccb048", "runDisplayNameGenerationType":
      "UserProvidedMacro"}'
    headers:
      Accept:
      - application/json
      Accept-Encoding:
      - gzip, deflate
      Connection:
      - keep-alive
      Content-Length:
      - '905'
      Content-Type:
      - application/json
      User-Agent:
      - promptflow-sdk/0.0.1 azsdk-python-azuremachinelearningdesignerserviceclient/unknown
        Python/3.10.13 (Windows-10-10.0.22631-SP0)
    method: POST
    uri: https://eastus.api.azureml.ms/flow/api/subscriptions/00000000-0000-0000-0000-000000000000/resourceGroups/00000/providers/Microsoft.MachineLearningServices/workspaces/00000/BulkRuns/submit
  response:
    body:
      string: '"eval_run_name"'
    headers:
      connection:
      - keep-alive
      content-length:
      - '38'
      content-type:
      - application/json; charset=utf-8
      strict-transport-security:
      - max-age=15724800; includeSubDomains; preload
      x-content-type-options:
      - nosniff
      x-request-time:
      - '8.791'
    status:
      code: 200
      message: OK
- request:
    body: null
    headers:
      Accept:
      - application/json
      Accept-Encoding:
      - gzip, deflate
      Connection:
      - keep-alive
      User-Agent:
      - promptflow-sdk/0.0.1 azure-ai-ml/1.12.1 azsdk-python-mgmt-machinelearningservices/0.1.0
        Python/3.10.13 (Windows-10-10.0.22631-SP0)
    method: GET
    uri: https://management.azure.com/subscriptions/00000000-0000-0000-0000-000000000000/resourceGroups/00000/providers/Microsoft.MachineLearningServices/workspaces/00000/datastores/workspaceblobstore
  response:
    body:
      string: '{"id": "/subscriptions/00000000-0000-0000-0000-000000000000/resourceGroups/00000/providers/Microsoft.MachineLearningServices/workspaces/00000/datastores/workspaceblobstore",
        "name": "workspaceblobstore", "type": "Microsoft.MachineLearningServices/workspaces/datastores",
        "properties": {"description": null, "tags": null, "properties": null, "isDefault":
        true, "credentials": {"credentialsType": "AccountKey"}, "intellectualProperty":
        null, "subscriptionId": "00000000-0000-0000-0000-000000000000", "resourceGroup":
        "00000", "datastoreType": "AzureBlob", "accountName": "fake_account_name",
        "containerName": "fake-container-name", "endpoint": "core.windows.net", "protocol":
        "https", "serviceDataAccessAuthIdentity": "WorkspaceSystemAssignedIdentity"},
        "systemData": {"createdAt": "2023-04-08T02:53:06.5886442+00:00", "createdBy":
        "779301c0-18b2-4cdc-801b-a0a3368fee0a", "createdByType": "Application", "lastModifiedAt":
        "2023-04-08T02:53:07.521127+00:00", "lastModifiedBy": "779301c0-18b2-4cdc-801b-a0a3368fee0a",
        "lastModifiedByType": "Application"}}'
    headers:
      cache-control:
      - no-cache
      content-length:
      - '1227'
      content-type:
      - application/json; charset=utf-8
      expires:
      - '-1'
      pragma:
      - no-cache
      strict-transport-security:
      - max-age=31536000; includeSubDomains
      vary:
      - Accept-Encoding
      x-cache:
      - CONFIG_NOCACHE
      x-content-type-options:
      - nosniff
      x-request-time:
      - '0.104'
    status:
      code: 200
      message: OK
- request:
    body: null
    headers:
      Accept:
      - application/json
      Accept-Encoding:
      - gzip, deflate
      Connection:
      - keep-alive
      Content-Length:
      - '0'
      User-Agent:
      - promptflow-sdk/0.0.1 azure-ai-ml/1.12.1 azsdk-python-mgmt-machinelearningservices/0.1.0
        Python/3.10.13 (Windows-10-10.0.22631-SP0)
    method: POST
    uri: https://management.azure.com/subscriptions/00000000-0000-0000-0000-000000000000/resourceGroups/00000/providers/Microsoft.MachineLearningServices/workspaces/00000/datastores/workspaceblobstore/listSecrets
  response:
    body:
      string: '{"secretsType": "AccountKey", "key": "dGhpcyBpcyBmYWtlIGtleQ=="}'
    headers:
      cache-control:
      - no-cache
      content-length:
      - '134'
      content-type:
      - application/json; charset=utf-8
      expires:
      - '-1'
      pragma:
      - no-cache
      strict-transport-security:
      - max-age=31536000; includeSubDomains
      x-cache:
      - CONFIG_NOCACHE
      x-content-type-options:
      - nosniff
      x-request-time:
      - '0.135'
    status:
      code: 200
      message: OK
- request:
    body: null
    headers:
      Accept:
      - application/xml
      Accept-Encoding:
      - gzip, deflate
      Connection:
      - keep-alive
      User-Agent:
      - azsdk-python-storage-blob/12.18.0 Python/3.10.13 (Windows-10-10.0.22631-SP0)
      x-ms-date:
      - Tue, 21 Nov 2023 08:33:43 GMT
      x-ms-version:
      - '2023-08-03'
    method: HEAD
    uri: https://fake_account_name.blob.core.windows.net/fake-container-name/LocalUpload/000000000000000000000000000000000000/eval-classification-accuracy/calculate_accuracy.py
  response:
    body:
      string: ''
    headers:
      accept-ranges:
      - bytes
      content-length:
      - '409'
      content-md5:
      - OyENtlqGVUTrY5zKuzo8XA==
      content-type:
      - application/octet-stream
      last-modified:
      - Tue, 21 Nov 2023 08:03:40 GMT
      server:
      - Windows-Azure-Blob/1.0 Microsoft-HTTPAPI/2.0
      vary:
      - Origin
      x-ms-blob-type:
      - BlockBlob
      x-ms-creation-time:
      - Tue, 21 Nov 2023 08:03:39 GMT
      x-ms-meta-name:
      - fd932777-4f3a-4c1d-9c3a-24d45835d7e1
      x-ms-meta-upload_status:
      - completed
      x-ms-meta-version:
      - '1'
      x-ms-version:
      - '2023-08-03'
    status:
      code: 200
      message: OK
- request:
    body: null
    headers:
      Accept:
      - application/xml
      Accept-Encoding:
      - gzip, deflate
      Connection:
      - keep-alive
      User-Agent:
      - azsdk-python-storage-blob/12.18.0 Python/3.10.13 (Windows-10-10.0.22631-SP0)
      x-ms-date:
      - Tue, 21 Nov 2023 08:33:44 GMT
      x-ms-version:
      - '2023-08-03'
    method: HEAD
    uri: https://fake_account_name.blob.core.windows.net/fake-container-name/az-ml-artifacts/000000000000000000000000000000000000/eval-classification-accuracy/calculate_accuracy.py
  response:
    body:
      string: ''
    headers:
      server:
      - Windows-Azure-Blob/1.0 Microsoft-HTTPAPI/2.0
      transfer-encoding:
      - chunked
      vary:
      - Origin
      x-ms-error-code:
      - BlobNotFound
      x-ms-version:
      - '2023-08-03'
    status:
      code: 404
      message: The specified blob does not exist.
- request:
    body: '{"flowDefinitionDataStoreName": "workspaceblobstore", "flowDefinitionBlobPath":
      "LocalUpload/000000000000000000000000000000000000/eval-classification-accuracy/flow.dag.yaml",
      "runId": "eval_run_name_1", "runDisplayName": "eval-classification-accuracy",
      "runExperimentName": "eval_classification_accuracy", "variantRunId": "batch_run_name",
      "batchDataInput": {}, "inputsMapping": {"groundtruth": "${run.inputs.url}",
      "prediction": "${run.outputs.category}"}, "connections": {}, "environmentVariables":
      {}, "runtimeName": "test-runtime-ci", "sessionId": "f8e4236a4e78e7f7125bbd811ec7976cb330412723a530f8",
      "flowLineageId": "26c575d863a85371ef937096728441d8c68c3e737b5a1bfeae5ac8f3b9ccb048",
      "runDisplayNameGenerationType": "UserProvidedMacro"}'
    headers:
      Accept:
      - application/json
      Accept-Encoding:
      - gzip, deflate
      Connection:
      - keep-alive
      Content-Length:
      - '780'
      Content-Type:
      - application/json
      User-Agent:
      - promptflow-sdk/0.0.1 azsdk-python-azuremachinelearningdesignerserviceclient/unknown
        Python/3.10.13 (Windows-10-10.0.22631-SP0)
    method: POST
    uri: https://eastus.api.azureml.ms/flow/api/subscriptions/00000000-0000-0000-0000-000000000000/resourceGroups/00000/providers/Microsoft.MachineLearningServices/workspaces/00000/BulkRuns/submit
  response:
    body:
      string: '"eval_run_name_1"'
    headers:
      connection:
      - keep-alive
      content-length:
      - '38'
      content-type:
      - application/json; charset=utf-8
      strict-transport-security:
      - max-age=15724800; includeSubDomains; preload
      x-content-type-options:
      - nosniff
      x-request-time:
      - '9.225'
    status:
      code: 200
      message: OK
- request:
    body: '{"runId": "batch_run_name", "selectRunMetadata": true, "selectRunDefinition":
      true, "selectJobSpecification": true}'
    headers:
      Accept:
      - '*/*'
      Accept-Encoding:
      - gzip, deflate
      Connection:
      - keep-alive
      Content-Length:
      - '137'
      Content-Type:
      - application/json
      User-Agent:
      - python-requests/2.31.0
    method: POST
    uri: https://eastus.api.azureml.ms/history/v1.0/subscriptions/00000000-0000-0000-0000-000000000000/resourceGroups/00000/providers/Microsoft.MachineLearningServices/workspaces/00000/rundata
  response:
    body:
      string: '{"runMetadata": {"runNumber": 1700555555, "rootRunId": "batch_run_name",
        "createdUtc": "2023-11-21T08:32:35.9601532+00:00", "createdBy": {"userObjectId":
        "4e60fbf3-0338-41a8-bed5-fc341be556f8", "userPuId": null, "userIdp": "https://sts.windows.net/00000000-0000-0000-0000-000000000000/",
        "userAltSecId": null, "userIss": "https://sts.windows.net/00000000-0000-0000-0000-000000000000/",
        "userTenantId": "00000000-0000-0000-0000-000000000000", "userName": "4cbd0e2e-aae4-4099-b4ba-94d3a4910587",
        "upn": null}, "userId": "4e60fbf3-0338-41a8-bed5-fc341be556f8", "token": null,
        "tokenExpiryTimeUtc": null, "error": null, "warnings": null, "revision": 5,
        "statusRevision": 3, "runUuid": "a00983c2-6ead-4c96-8de9-e101d749a64e", "parentRunUuid":
        null, "rootRunUuid": "a00983c2-6ead-4c96-8de9-e101d749a64e", "lastStartTimeUtc":
        null, "currentComputeTime": null, "computeDuration": "00:00:09.4044054", "effectiveStartTimeUtc":
        null, "lastModifiedBy": {"userObjectId": "4e60fbf3-0338-41a8-bed5-fc341be556f8",
        "userPuId": null, "userIdp": "https://sts.windows.net/00000000-0000-0000-0000-000000000000/",
        "userAltSecId": null, "userIss": "https://sts.windows.net/00000000-0000-0000-0000-000000000000/",
        "userTenantId": "00000000-0000-0000-0000-000000000000", "userName": "18a66f5f-dbdf-4c17-9dd7-1634712a9cbe",
        "upn": null}, "lastModifiedUtc": "2023-11-21T08:32:58.427289+00:00", "duration":
        "00:00:09.4044054", "cancelationReason": null, "currentAttemptId": 1, "runId":
        "batch_run_name", "parentRunId": null, "experimentId": "d30efbeb-f81d-4cfa-b5cc-a0570a049009",
        "status": "Completed", "startTimeUtc": "2023-11-21T08:32:50.2606002+00:00",
        "endTimeUtc": "2023-11-21T08:32:59.6650056+00:00", "scheduleId": null, "displayName":
        "web_classification", "name": null, "dataContainerId": "dcid.batch_run_name",
        "description": null, "hidden": false, "runType": "azureml.promptflow.FlowRun",
        "runTypeV2": {"orchestrator": null, "traits": [], "attribution": "PromptFlow",
        "computeType": "AmlcDsi"}, "properties": {"azureml.promptflow.runtime_name":
        "test-runtime-ci", "azureml.promptflow.runtime_version": "20231030.v3", "azureml.promptflow.definition_file_name":
        "flow.dag.yaml", "azureml.promptflow.session_id": "4dd8f4d5f44dfeb817d3438cf84bd739215d87afd9458597",
        "azureml.promptflow.flow_lineage_id": "af1a6951de9be2ce13d3b58b23dbd8b6a0cd8fd4918ad9cb22b28fb8395fbcb0",
        "azureml.promptflow.node_variant": "${summarize_text_content.variant_0}",
        "azureml.promptflow.flow_definition_datastore_name": "workspaceblobstore",
        "azureml.promptflow.flow_definition_blob_path": "LocalUpload/e4dd2bc9b0668503d8a40961078c4be0/web_classification/flow.dag.yaml",
        "azureml.promptflow.input_data": "azureml://datastores/workspaceblobstore/paths/LocalUpload/74c11bba717480b2d6b04b8e746d09d7/webClassification3.jsonl",
        "azureml.promptflow.inputs_mapping": "{\"url\":\"${data.url}\"}", "azureml.promptflow.snapshot_id":
        "fcb67010-6fe3-4f0d-8338-3be9f7f8c6fe", "_azureml.evaluation_run": "promptflow.BatchRun",
        "azureml.promptflow.total_tokens": "2480", "_azureml.evaluate_artifacts":
        "[{\"path\": \"instance_results.jsonl\", \"type\": \"table\"}]"}, "parameters":
        {}, "actionUris": {}, "scriptName": null, "target": null, "uniqueChildRunComputeTargets":
        [], "tags": {}, "settings": {}, "services": {}, "inputDatasets": [], "outputDatasets":
        [], "runDefinition": null, "jobSpecification": null, "primaryMetricName":
        null, "createdFrom": null, "cancelUri": null, "completeUri": null, "diagnosticsUri":
        null, "computeRequest": null, "compute": null, "retainForLifetimeOfWorkspace":
        false, "queueingInfo": null, "inputs": null, "outputs": {"debug_info": {"assetId":
        "azureml://locations/eastus/workspaces/00000/data/azureml_batch_run_name_output_data_debug_info/versions/1",
        "type": "UriFolder"}, "flow_outputs": {"assetId": "azureml://locations/eastus/workspaces/00000/data/azureml_batch_run_name_output_data_flow_outputs/versions/1",
        "type": "UriFolder"}}}, "runDefinition": {"Nodes": [{"Name": "fetch_text_content_from_url",
        "Type": "python", "Source": {"Type": "code", "Tool": null, "Path": "fetch_text_content_from_url.py"},
        "Inputs": {"fetch_url": "${inputs.url}"}, "Tool": "fetch_text_content_from_url.py",
        "Reduce": false, "Comment": null, "Activate": null, "Api": null, "Provider":
        null, "Connection": null, "Module": null}, {"Name": "prepare_examples", "Type":
        "python", "Source": {"Type": "code", "Tool": null, "Path": "prepare_examples.py"},
        "Inputs": {}, "Tool": "prepare_examples.py", "Reduce": false, "Comment": null,
        "Activate": null, "Api": null, "Provider": null, "Connection": null, "Module":
        null}, {"Name": "classify_with_llm", "Type": "llm", "Source": {"Type": "code",
        "Tool": null, "Path": "classify_with_llm.jinja2"}, "Inputs": {"deployment_name":
        "text-davinci-003", "suffix": "", "max_tokens": "128", "temperature": "0.1",
        "top_p": "1.0", "logprobs": "", "echo": "False", "stop": "", "presence_penalty":
        "0", "frequency_penalty": "0", "best_of": "1", "logit_bias": "", "url": "${inputs.url}",
        "examples": "${prepare_examples.output}", "text_content": "${summarize_text_content.output}"},
        "Tool": "classify_with_llm.jinja2", "Reduce": false, "Comment": null, "Activate":
        null, "Api": "completion", "Provider": "AzureOpenAI", "Connection": "azure_open_ai_connection",
        "Module": "promptflow.tools.aoai"}, {"Name": "convert_to_dict", "Type": "python",
        "Source": {"Type": "code", "Tool": null, "Path": "convert_to_dict.py"}, "Inputs":
        {"input_str": "${classify_with_llm.output}"}, "Tool": "convert_to_dict.py",
        "Reduce": false, "Comment": null, "Activate": null, "Api": null, "Provider":
        null, "Connection": null, "Module": null}, {"Name": "summarize_text_content",
        "Type": "llm", "Source": {"Type": "code", "Tool": null, "Path": "summarize_text_content.jinja2"},
        "Inputs": {"deployment_name": "text-davinci-003", "suffix": "", "max_tokens":
        "128", "temperature": "0.2", "top_p": "1.0", "logprobs": "", "echo": "False",
        "stop": "", "presence_penalty": "0", "frequency_penalty": "0", "best_of":
        "1", "logit_bias": "", "text": "${fetch_text_content_from_url.output}"}, "Tool":
        "summarize_text_content.jinja2", "Reduce": false, "Comment": null, "Activate":
        null, "Api": "completion", "Provider": "AzureOpenAI", "Connection": "azure_open_ai_connection",
        "Module": "promptflow.tools.aoai"}], "Tools": [{"Name": "Content Safety (Text
        Analyze)", "Type": "python", "Inputs": {"connection": {"Name": null, "Type":
        ["AzureContentSafetyConnection"], "Default": null, "Description": null, "Enum":
        null, "enabled_by": null, "enabled_by_type": null, "enabled_by_value": null,
        "model_list": null, "Capabilities": null, "dynamic_list": null, "allow_manual_entry":
        false, "is_multi_select": false, "generated_by": null, "input_type": "default"},
        "hate_category": {"Name": null, "Type": ["string"], "Default": "medium_sensitivity",
        "Description": null, "Enum": ["disable", "low_sensitivity", "medium_sensitivity",
        "high_sensitivity"], "enabled_by": null, "enabled_by_type": null, "enabled_by_value":
        null, "model_list": null, "Capabilities": null, "dynamic_list": null, "allow_manual_entry":
        false, "is_multi_select": false, "generated_by": null, "input_type": "default"},
        "self_harm_category": {"Name": null, "Type": ["string"], "Default": "medium_sensitivity",
        "Description": null, "Enum": ["disable", "low_sensitivity", "medium_sensitivity",
        "high_sensitivity"], "enabled_by": null, "enabled_by_type": null, "enabled_by_value":
        null, "model_list": null, "Capabilities": null, "dynamic_list": null, "allow_manual_entry":
        false, "is_multi_select": false, "generated_by": null, "input_type": "default"},
        "sexual_category": {"Name": null, "Type": ["string"], "Default": "medium_sensitivity",
        "Description": null, "Enum": ["disable", "low_sensitivity", "medium_sensitivity",
        "high_sensitivity"], "enabled_by": null, "enabled_by_type": null, "enabled_by_value":
        null, "model_list": null, "Capabilities": null, "dynamic_list": null, "allow_manual_entry":
        false, "is_multi_select": false, "generated_by": null, "input_type": "default"},
        "text": {"Name": null, "Type": ["string"], "Default": null, "Description":
        null, "Enum": null, "enabled_by": null, "enabled_by_type": null, "enabled_by_value":
        null, "model_list": null, "Capabilities": null, "dynamic_list": null, "allow_manual_entry":
        false, "is_multi_select": false, "generated_by": null, "input_type": "default"},
        "violence_category": {"Name": null, "Type": ["string"], "Default": "medium_sensitivity",
        "Description": null, "Enum": ["disable", "low_sensitivity", "medium_sensitivity",
        "high_sensitivity"], "enabled_by": null, "enabled_by_type": null, "enabled_by_value":
        null, "model_list": null, "Capabilities": null, "dynamic_list": null, "allow_manual_entry":
        false, "is_multi_select": false, "generated_by": null, "input_type": "default"}},
        "Outputs": null, "Description": "Use Azure Content Safety to detect harmful
        content.", "connection_type": null, "Module": "content_safety_text.tools.content_safety_text_tool",
        "class_name": null, "Source": null, "LkgCode": null, "Code": null, "Function":
        "analyze_text", "action_type": null, "provider_config": null, "function_config":
        null, "Icon": null, "Category": null, "Tags": null, "is_builtin": true, "package":
        "promptflow-contentsafety", "package_version": "0.0.9", "default_prompt":
        null, "enable_kwargs": false}, {"Name": "Embedding", "Type": "python", "Inputs":
        {"connection": {"Name": null, "Type": ["AzureOpenAIConnection", "OpenAIConnection"],
        "Default": null, "Description": null, "Enum": null, "enabled_by": null, "enabled_by_type":
        null, "enabled_by_value": null, "model_list": null, "Capabilities": null,
        "dynamic_list": null, "allow_manual_entry": false, "is_multi_select": false,
        "generated_by": null, "input_type": "default"}, "deployment_name": {"Name":
        null, "Type": ["string"], "Default": null, "Description": null, "Enum": null,
        "enabled_by": "connection", "enabled_by_type": ["AzureOpenAIConnection"],
        "enabled_by_value": null, "model_list": ["text-embedding-ada-002", "text-search-ada-doc-001",
        "text-search-ada-query-001"], "Capabilities": {"completion": false, "chat_completion":
        false, "embeddings": true}, "dynamic_list": null, "allow_manual_entry": false,
        "is_multi_select": false, "generated_by": null, "input_type": "default"},
        "input": {"Name": null, "Type": ["string"], "Default": null, "Description":
        null, "Enum": null, "enabled_by": null, "enabled_by_type": null, "enabled_by_value":
        null, "model_list": null, "Capabilities": null, "dynamic_list": null, "allow_manual_entry":
        false, "is_multi_select": false, "generated_by": null, "input_type": "default"},
        "model": {"Name": null, "Type": ["string"], "Default": null, "Description":
        null, "Enum": ["text-embedding-ada-002", "text-search-ada-doc-001", "text-search-ada-query-001"],
        "enabled_by": "connection", "enabled_by_type": ["OpenAIConnection"], "enabled_by_value":
        null, "model_list": null, "Capabilities": null, "dynamic_list": null, "allow_manual_entry":
        false, "is_multi_select": false, "generated_by": null, "input_type": "default"}},
        "Outputs": null, "Description": "Use Open AI''s embedding model to create
        an embedding vector representing the input text.", "connection_type": null,
        "Module": "promptflow.tools.embedding", "class_name": null, "Source": null,
        "LkgCode": null, "Code": null, "Function": "embedding", "action_type": null,
        "provider_config": null, "function_config": null, "Icon": null, "Category":
        null, "Tags": null, "is_builtin": true, "package": "promptflow-tools", "package_version":
        "0.1.0b10", "default_prompt": null, "enable_kwargs": false}, {"Name": "Open
        Source LLM", "Type": "custom_llm", "Inputs": {"api": {"Name": null, "Type":
        ["string"], "Default": null, "Description": null, "Enum": ["chat", "completion"],
        "enabled_by": null, "enabled_by_type": null, "enabled_by_value": null, "model_list":
        null, "Capabilities": null, "dynamic_list": null, "allow_manual_entry": false,
        "is_multi_select": false, "generated_by": null, "input_type": "default"},
        "connection": {"Name": null, "Type": ["CustomConnection"], "Default": null,
        "Description": null, "Enum": null, "enabled_by": null, "enabled_by_type":
        null, "enabled_by_value": null, "model_list": null, "Capabilities": null,
        "dynamic_list": null, "allow_manual_entry": false, "is_multi_select": false,
        "generated_by": null, "input_type": "default"}, "deployment_name": {"Name":
        null, "Type": ["string"], "Default": null, "Description": null, "Enum": null,
        "enabled_by": null, "enabled_by_type": null, "enabled_by_value": null, "model_list":
        null, "Capabilities": null, "dynamic_list": null, "allow_manual_entry": false,
        "is_multi_select": false, "generated_by": null, "input_type": "default"},
        "endpoint_name": {"Name": null, "Type": ["string"], "Default": "-- please
        enter an endpoint name --", "Description": null, "Enum": null, "enabled_by":
        null, "enabled_by_type": null, "enabled_by_value": null, "model_list": null,
        "Capabilities": null, "dynamic_list": null, "allow_manual_entry": false, "is_multi_select":
        false, "generated_by": null, "input_type": "default"}, "max_new_tokens": {"Name":
        null, "Type": ["int"], "Default": "500", "Description": null, "Enum": null,
        "enabled_by": null, "enabled_by_type": null, "enabled_by_value": null, "model_list":
        null, "Capabilities": null, "dynamic_list": null, "allow_manual_entry": false,
        "is_multi_select": false, "generated_by": null, "input_type": "default"},
        "model_kwargs": {"Name": null, "Type": ["object"], "Default": "{}", "Description":
        null, "Enum": null, "enabled_by": null, "enabled_by_type": null, "enabled_by_value":
        null, "model_list": null, "Capabilities": null, "dynamic_list": null, "allow_manual_entry":
        false, "is_multi_select": false, "generated_by": null, "input_type": "default"},
        "temperature": {"Name": null, "Type": ["double"], "Default": "1.0", "Description":
        null, "Enum": null, "enabled_by": null, "enabled_by_type": null, "enabled_by_value":
        null, "model_list": null, "Capabilities": null, "dynamic_list": null, "allow_manual_entry":
        false, "is_multi_select": false, "generated_by": null, "input_type": "default"},
        "top_p": {"Name": null, "Type": ["double"], "Default": "1.0", "Description":
        null, "Enum": null, "enabled_by": null, "enabled_by_type": null, "enabled_by_value":
        null, "model_list": null, "Capabilities": null, "dynamic_list": null, "allow_manual_entry":
        false, "is_multi_select": false, "generated_by": null, "input_type": "default"}},
        "Outputs": null, "Description": "Use an Open Source model from the Azure Model
        catalog, deployed to an AzureML Online Endpoint for LLM Chat or Completion
        API calls.", "connection_type": null, "Module": "promptflow.tools.open_source_llm",
        "class_name": "OpenSourceLLM", "Source": null, "LkgCode": null, "Code": null,
        "Function": "call", "action_type": null, "provider_config": null, "function_config":
        null, "Icon": "data:image/png;base64,iVBORw0KGgoAAAANSUhEUgAAABAAAAAQCAQAAAC1+jfqAAABYUlEQVR4nIWRsUtbcRRGz70v5BmHiLSh7pJu0oJDHUrf1kVwlCIRHMTN/yDasd0imCkgZGibFlrd5DmFNDSiksADsdAhk3TIZmj6kCa/65BERCie6Rsu93LPByPeajUxztWEKXcxzwTg/VQz18y9mwYwMQ9AxkNHLzI5nfvT9lwqa1H3c9AAwRATob7qLw8mLTz/tHEJxZnnK/4i/+Ivr8oGUNtqho1gdCz5yx+mRtAK63kAooPSAhwVTor7TwE+Zs+K4Q6UFqIDSIDG02nTb7tTa7N7xxFMPuvVrsumX9MaQwJM+wNxtNne9Fc/iJZfF2KAysAUbv81rzqxe939cfW9EFcnhi8CKIjz1BSjjyQfJR8j9DFTT8UNN6Q6XXFIRo3eRe/CyCgirtN1KQDq+VZ4GnCPRtAKa3nuiEq5w5+V9d+w82T+TXJJR6Luqf7b9pyftahXeXk8VP1gWbf8r+4bvICY0FkMumIAAAAASUVORK5CYII=",
        "Category": null, "Tags": null, "is_builtin": true, "package": "promptflow-tools",
        "package_version": "0.1.0b10", "default_prompt": null, "enable_kwargs": false},
        {"Name": "Serp API", "Type": "python", "Inputs": {"connection": {"Name": null,
        "Type": ["SerpConnection"], "Default": null, "Description": null, "Enum":
        null, "enabled_by": null, "enabled_by_type": null, "enabled_by_value": null,
        "model_list": null, "Capabilities": null, "dynamic_list": null, "allow_manual_entry":
        false, "is_multi_select": false, "generated_by": null, "input_type": "default"},
        "engine": {"Name": null, "Type": ["string"], "Default": "google", "Description":
        null, "Enum": ["google", "bing"], "enabled_by": null, "enabled_by_type": null,
        "enabled_by_value": null, "model_list": null, "Capabilities": null, "dynamic_list":
        null, "allow_manual_entry": false, "is_multi_select": false, "generated_by":
        null, "input_type": "default"}, "location": {"Name": null, "Type": ["string"],
        "Default": "", "Description": null, "Enum": null, "enabled_by": null, "enabled_by_type":
        null, "enabled_by_value": null, "model_list": null, "Capabilities": null,
        "dynamic_list": null, "allow_manual_entry": false, "is_multi_select": false,
        "generated_by": null, "input_type": "default"}, "num": {"Name": null, "Type":
        ["int"], "Default": "10", "Description": null, "Enum": null, "enabled_by":
        null, "enabled_by_type": null, "enabled_by_value": null, "model_list": null,
        "Capabilities": null, "dynamic_list": null, "allow_manual_entry": false, "is_multi_select":
        false, "generated_by": null, "input_type": "default"}, "query": {"Name": null,
        "Type": ["string"], "Default": null, "Description": null, "Enum": null, "enabled_by":
        null, "enabled_by_type": null, "enabled_by_value": null, "model_list": null,
        "Capabilities": null, "dynamic_list": null, "allow_manual_entry": false, "is_multi_select":
        false, "generated_by": null, "input_type": "default"}, "safe": {"Name": null,
        "Type": ["string"], "Default": "off", "Description": null, "Enum": ["active",
        "off"], "enabled_by": null, "enabled_by_type": null, "enabled_by_value": null,
        "model_list": null, "Capabilities": null, "dynamic_list": null, "allow_manual_entry":
        false, "is_multi_select": false, "generated_by": null, "input_type": "default"}},
        "Outputs": null, "Description": "Use Serp API to obtain search results from
        a specific search engine.", "connection_type": null, "Module": "promptflow.tools.serpapi",
        "class_name": "SerpAPI", "Source": null, "LkgCode": null, "Code": null, "Function":
        "search", "action_type": null, "provider_config": null, "function_config":
        null, "Icon": null, "Category": null, "Tags": null, "is_builtin": true, "package":
        "promptflow-tools", "package_version": "0.1.0b10", "default_prompt": null,
        "enable_kwargs": false}, {"Name": "Faiss Index Lookup", "Type": "python",
        "Inputs": {"path": {"Name": null, "Type": ["string"], "Default": null, "Description":
        null, "Enum": null, "enabled_by": null, "enabled_by_type": null, "enabled_by_value":
        null, "model_list": null, "Capabilities": null, "dynamic_list": null, "allow_manual_entry":
        false, "is_multi_select": false, "generated_by": null, "input_type": "default"},
        "top_k": {"Name": null, "Type": ["int"], "Default": "3", "Description": null,
        "Enum": null, "enabled_by": null, "enabled_by_type": null, "enabled_by_value":
        null, "model_list": null, "Capabilities": null, "dynamic_list": null, "allow_manual_entry":
        false, "is_multi_select": false, "generated_by": null, "input_type": "default"},
        "vector": {"Name": null, "Type": ["list"], "Default": null, "Description":
        null, "Enum": null, "enabled_by": null, "enabled_by_type": null, "enabled_by_value":
        null, "model_list": null, "Capabilities": null, "dynamic_list": null, "allow_manual_entry":
        false, "is_multi_select": false, "generated_by": null, "input_type": "default"}},
        "Outputs": null, "Description": "Search vector based query from the FAISS
        index file.", "connection_type": null, "Module": "promptflow_vectordb.tool.faiss_index_lookup",
        "class_name": "FaissIndexLookup", "Source": null, "LkgCode": null, "Code":
        null, "Function": "search", "action_type": null, "provider_config": null,
        "function_config": null, "Icon": null, "Category": null, "Tags": null, "is_builtin":
        true, "package": "promptflow-vectordb", "package_version": "0.0.1", "default_prompt":
        null, "enable_kwargs": false}, {"Name": "Vector DB Lookup", "Type": "python",
        "Inputs": {"class_name": {"Name": null, "Type": ["string"], "Default": null,
        "Description": null, "Enum": null, "enabled_by": "connection", "enabled_by_type":
        ["WeaviateConnection"], "enabled_by_value": null, "model_list": null, "Capabilities":
        null, "dynamic_list": null, "allow_manual_entry": false, "is_multi_select":
        false, "generated_by": null, "input_type": "default"}, "collection_name":
        {"Name": null, "Type": ["string"], "Default": null, "Description": null, "Enum":
        null, "enabled_by": "connection", "enabled_by_type": ["QdrantConnection"],
        "enabled_by_value": null, "model_list": null, "Capabilities": null, "dynamic_list":
        null, "allow_manual_entry": false, "is_multi_select": false, "generated_by":
        null, "input_type": "default"}, "connection": {"Name": null, "Type": ["CognitiveSearchConnection",
        "QdrantConnection", "WeaviateConnection"], "Default": null, "Description":
        null, "Enum": null, "enabled_by": null, "enabled_by_type": null, "enabled_by_value":
        null, "model_list": null, "Capabilities": null, "dynamic_list": null, "allow_manual_entry":
        false, "is_multi_select": false, "generated_by": null, "input_type": "default"},
        "index_name": {"Name": null, "Type": ["string"], "Default": null, "Description":
        null, "Enum": null, "enabled_by": "connection", "enabled_by_type": ["CognitiveSearchConnection"],
        "enabled_by_value": null, "model_list": null, "Capabilities": null, "dynamic_list":
        null, "allow_manual_entry": false, "is_multi_select": false, "generated_by":
        null, "input_type": "default"}, "search_filters": {"Name": null, "Type": ["object"],
        "Default": null, "Description": null, "Enum": null, "enabled_by": "connection",
        "enabled_by_type": ["CognitiveSearchConnection", "QdrantConnection"], "enabled_by_value":
        null, "model_list": null, "Capabilities": null, "dynamic_list": null, "allow_manual_entry":
        false, "is_multi_select": false, "generated_by": null, "input_type": "default"},
        "search_params": {"Name": null, "Type": ["object"], "Default": null, "Description":
        null, "Enum": null, "enabled_by": "connection", "enabled_by_type": ["CognitiveSearchConnection",
        "QdrantConnection"], "enabled_by_value": null, "model_list": null, "Capabilities":
        null, "dynamic_list": null, "allow_manual_entry": false, "is_multi_select":
        false, "generated_by": null, "input_type": "default"}, "text_field": {"Name":
        null, "Type": ["string"], "Default": null, "Description": null, "Enum": null,
        "enabled_by": "connection", "enabled_by_type": ["CognitiveSearchConnection",
        "QdrantConnection", "WeaviateConnection"], "enabled_by_value": null, "model_list":
        null, "Capabilities": null, "dynamic_list": null, "allow_manual_entry": false,
        "is_multi_select": false, "generated_by": null, "input_type": "default"},
        "top_k": {"Name": null, "Type": ["int"], "Default": "3", "Description": null,
        "Enum": null, "enabled_by": null, "enabled_by_type": null, "enabled_by_value":
        null, "model_list": null, "Capabilities": null, "dynamic_list": null, "allow_manual_entry":
        false, "is_multi_select": false, "generated_by": null, "input_type": "default"},
        "vector": {"Name": null, "Type": ["list"], "Default": null, "Description":
        null, "Enum": null, "enabled_by": null, "enabled_by_type": null, "enabled_by_value":
        null, "model_list": null, "Capabilities": null, "dynamic_list": null, "allow_manual_entry":
        false, "is_multi_select": false, "generated_by": null, "input_type": "default"},
        "vector_field": {"Name": null, "Type": ["string"], "Default": null, "Description":
        null, "Enum": null, "enabled_by": "connection", "enabled_by_type": ["CognitiveSearchConnection"],
        "enabled_by_value": null, "model_list": null, "Capabilities": null, "dynamic_list":
        null, "allow_manual_entry": false, "is_multi_select": false, "generated_by":
        null, "input_type": "default"}}, "Outputs": null, "Description": "Search vector
        based query from existing Vector Database.", "connection_type": null, "Module":
        "promptflow_vectordb.tool.vector_db_lookup", "class_name": "VectorDBLookup",
        "Source": null, "LkgCode": null, "Code": null, "Function": "search", "action_type":
        null, "provider_config": null, "function_config": null, "Icon": null, "Category":
        null, "Tags": null, "is_builtin": true, "package": "promptflow-vectordb",
        "package_version": "0.0.1", "default_prompt": null, "enable_kwargs": false},
        {"Name": "Vector Index Lookup", "Type": "python", "Inputs": {"path": {"Name":
        null, "Type": ["string"], "Default": null, "Description": null, "Enum": null,
        "enabled_by": null, "enabled_by_type": null, "enabled_by_value": null, "model_list":
        null, "Capabilities": null, "dynamic_list": null, "allow_manual_entry": false,
        "is_multi_select": false, "generated_by": null, "input_type": "default"},
        "query": {"Name": null, "Type": ["object"], "Default": null, "Description":
        null, "Enum": null, "enabled_by": null, "enabled_by_type": null, "enabled_by_value":
        null, "model_list": null, "Capabilities": null, "dynamic_list": null, "allow_manual_entry":
        false, "is_multi_select": false, "generated_by": null, "input_type": "default"},
        "top_k": {"Name": null, "Type": ["int"], "Default": "3", "Description": null,
        "Enum": null, "enabled_by": null, "enabled_by_type": null, "enabled_by_value":
        null, "model_list": null, "Capabilities": null, "dynamic_list": null, "allow_manual_entry":
        false, "is_multi_select": false, "generated_by": null, "input_type": "default"}},
        "Outputs": null, "Description": "Search text or vector based query from AzureML
        Vector Index.", "connection_type": null, "Module": "promptflow_vectordb.tool.vector_index_lookup",
        "class_name": "VectorIndexLookup", "Source": null, "LkgCode": null, "Code":
        null, "Function": "search", "action_type": null, "provider_config": null,
        "function_config": null, "Icon": null, "Category": null, "Tags": null, "is_builtin":
        true, "package": "promptflow-vectordb", "package_version": "0.0.1", "default_prompt":
        null, "enable_kwargs": false}, {"Name": "classify_with_llm.jinja2", "Type":
        "llm", "Inputs": {"examples": {"Name": null, "Type": ["string"], "Default":
        null, "Description": null, "Enum": null, "enabled_by": null, "enabled_by_type":
        null, "enabled_by_value": null, "model_list": null, "Capabilities": null,
        "dynamic_list": null, "allow_manual_entry": false, "is_multi_select": false,
        "generated_by": null, "input_type": "default"}, "text_content": {"Name": null,
        "Type": ["string"], "Default": null, "Description": null, "Enum": null, "enabled_by":
        null, "enabled_by_type": null, "enabled_by_value": null, "model_list": null,
        "Capabilities": null, "dynamic_list": null, "allow_manual_entry": false, "is_multi_select":
        false, "generated_by": null, "input_type": "default"}, "url": {"Name": null,
        "Type": ["string"], "Default": null, "Description": null, "Enum": null, "enabled_by":
        null, "enabled_by_type": null, "enabled_by_value": null, "model_list": null,
        "Capabilities": null, "dynamic_list": null, "allow_manual_entry": false, "is_multi_select":
        false, "generated_by": null, "input_type": "default"}}, "Outputs": null, "Description":
        null, "connection_type": null, "Module": null, "class_name": null, "Source":
        "classify_with_llm.jinja2", "LkgCode": null, "Code": null, "Function": null,
        "action_type": null, "provider_config": null, "function_config": null, "Icon":
        null, "Category": null, "Tags": null, "is_builtin": false, "package": null,
        "package_version": null, "default_prompt": null, "enable_kwargs": false},
        {"Name": "convert_to_dict.py", "Type": "python", "Inputs": {"input_str": {"Name":
        null, "Type": ["string"], "Default": null, "Description": null, "Enum": null,
        "enabled_by": null, "enabled_by_type": null, "enabled_by_value": null, "model_list":
        null, "Capabilities": null, "dynamic_list": null, "allow_manual_entry": false,
        "is_multi_select": false, "generated_by": null, "input_type": "default"}},
        "Outputs": null, "Description": null, "connection_type": null, "Module": null,
        "class_name": null, "Source": "convert_to_dict.py", "LkgCode": null, "Code":
        null, "Function": "convert_to_dict", "action_type": null, "provider_config":
        null, "function_config": null, "Icon": null, "Category": null, "Tags": null,
        "is_builtin": false, "package": null, "package_version": null, "default_prompt":
        null, "enable_kwargs": false}, {"Name": "fetch_text_content_from_url.py",
        "Type": "python", "Inputs": {"fetch_url": {"Name": null, "Type": ["string"],
        "Default": null, "Description": null, "Enum": null, "enabled_by": null, "enabled_by_type":
        null, "enabled_by_value": null, "model_list": null, "Capabilities": null,
        "dynamic_list": null, "allow_manual_entry": false, "is_multi_select": false,
        "generated_by": null, "input_type": "default"}}, "Outputs": null, "Description":
        null, "connection_type": null, "Module": null, "class_name": null, "Source":
        "fetch_text_content_from_url.py", "LkgCode": null, "Code": null, "Function":
        "fetch_text_content_from_url", "action_type": null, "provider_config": null,
        "function_config": null, "Icon": null, "Category": null, "Tags": null, "is_builtin":
        false, "package": null, "package_version": null, "default_prompt": null, "enable_kwargs":
        false}, {"Name": "prepare_examples.py", "Type": "python", "Inputs": null,
        "Outputs": null, "Description": null, "connection_type": null, "Module": null,
        "class_name": null, "Source": "prepare_examples.py", "LkgCode": null, "Code":
        null, "Function": "prepare_examples", "action_type": null, "provider_config":
        null, "function_config": null, "Icon": null, "Category": null, "Tags": null,
        "is_builtin": false, "package": null, "package_version": null, "default_prompt":
        null, "enable_kwargs": false}, {"Name": "summarize_text_content.jinja2", "Type":
        "llm", "Inputs": {"text": {"Name": null, "Type": ["string"], "Default": null,
        "Description": null, "Enum": null, "enabled_by": null, "enabled_by_type":
        null, "enabled_by_value": null, "model_list": null, "Capabilities": null,
        "dynamic_list": null, "allow_manual_entry": false, "is_multi_select": false,
        "generated_by": null, "input_type": "default"}}, "Outputs": null, "Description":
        null, "connection_type": null, "Module": null, "class_name": null, "Source":
        "summarize_text_content.jinja2", "LkgCode": null, "Code": null, "Function":
        null, "action_type": null, "provider_config": null, "function_config": null,
        "Icon": null, "Category": null, "Tags": null, "is_builtin": false, "package":
        null, "package_version": null, "default_prompt": null, "enable_kwargs": false},
        {"Name": "summarize_text_content__variant_1.jinja2", "Type": "llm", "Inputs":
        {"text": {"Name": null, "Type": ["string"], "Default": null, "Description":
        null, "Enum": null, "enabled_by": null, "enabled_by_type": null, "enabled_by_value":
        null, "model_list": null, "Capabilities": null, "dynamic_list": null, "allow_manual_entry":
        false, "is_multi_select": false, "generated_by": null, "input_type": "default"}},
        "Outputs": null, "Description": null, "connection_type": null, "Module": null,
        "class_name": null, "Source": "summarize_text_content__variant_1.jinja2",
        "LkgCode": null, "Code": null, "Function": null, "action_type": null, "provider_config":
        null, "function_config": null, "Icon": null, "Category": null, "Tags": null,
        "is_builtin": false, "package": null, "package_version": null, "default_prompt":
        null, "enable_kwargs": false}], "Codes": null, "Inputs": {"url": {"Name":
        null, "Type": "string", "Default": "https://www.microsoft.com/en-us/d/xbox-wireless-controller-stellar-shift-special-edition/94fbjc7h0h6h",
        "Description": null, "is_chat_input": false, "is_chat_history": null}}, "Outputs":
        {"category": {"Name": null, "Type": "string", "Description": null, "Reference":
        "${convert_to_dict.output.category}", "evaluation_only": false, "is_chat_output":
        false}, "evidence": {"Name": null, "Type": "string", "Description": null,
        "Reference": "${convert_to_dict.output.evidence}", "evaluation_only": false,
        "is_chat_output": false}}}, "jobSpecification": null, "systemSettings": null}'
    headers:
      connection:
      - keep-alive
      content-length:
      - '48064'
      content-type:
      - application/json; charset=utf-8
      strict-transport-security:
      - max-age=15724800; includeSubDomains; preload
      transfer-encoding:
      - chunked
      vary:
      - Accept-Encoding
      x-content-type-options:
      - nosniff
      x-request-time:
      - '0.047'
    status:
      code: 200
      message: OK
- request:
    body: '{"runId": "eval_run_name", "selectRunMetadata": true, "selectRunDefinition":
      true, "selectJobSpecification": true}'
    headers:
      Accept:
      - '*/*'
      Accept-Encoding:
      - gzip, deflate
      Connection:
      - keep-alive
      Content-Length:
      - '137'
      Content-Type:
      - application/json
      User-Agent:
      - python-requests/2.31.0
    method: POST
    uri: https://eastus.api.azureml.ms/history/v1.0/subscriptions/00000000-0000-0000-0000-000000000000/resourceGroups/00000/providers/Microsoft.MachineLearningServices/workspaces/00000/rundata
  response:
    body:
      string: '{"runMetadata": {"runNumber": 1700555597, "rootRunId": "eval_run_name",
        "createdUtc": "2023-11-21T08:33:17.2417466+00:00", "createdBy": {"userObjectId":
        "4e60fbf3-0338-41a8-bed5-fc341be556f8", "userPuId": null, "userIdp": "https://sts.windows.net/00000000-0000-0000-0000-000000000000/",
        "userAltSecId": null, "userIss": "https://sts.windows.net/00000000-0000-0000-0000-000000000000/",
        "userTenantId": "00000000-0000-0000-0000-000000000000", "userName": "4cbd0e2e-aae4-4099-b4ba-94d3a4910587",
        "upn": null}, "userId": "4e60fbf3-0338-41a8-bed5-fc341be556f8", "token": null,
        "tokenExpiryTimeUtc": null, "error": null, "warnings": null, "revision": 5,
        "statusRevision": 3, "runUuid": "c897aa4c-868a-49e7-ab73-ffa5e58a3fed", "parentRunUuid":
        null, "rootRunUuid": "c897aa4c-868a-49e7-ab73-ffa5e58a3fed", "lastStartTimeUtc":
        null, "currentComputeTime": null, "computeDuration": "00:00:04.4563841", "effectiveStartTimeUtc":
        null, "lastModifiedBy": {"userObjectId": "4e60fbf3-0338-41a8-bed5-fc341be556f8",
        "userPuId": null, "userIdp": "https://sts.windows.net/00000000-0000-0000-0000-000000000000/",
        "userAltSecId": null, "userIss": "https://sts.windows.net/00000000-0000-0000-0000-000000000000/",
        "userTenantId": "00000000-0000-0000-0000-000000000000", "userName": "18a66f5f-dbdf-4c17-9dd7-1634712a9cbe",
        "upn": null}, "lastModifiedUtc": "2023-11-21T08:33:32.8236581+00:00", "duration":
        "00:00:04.4563841", "cancelationReason": null, "currentAttemptId": 1, "runId":
        "eval_run_name", "parentRunId": null, "experimentId": "7bdec279-f99c-4ed3-b0b8-dd75698b8fd0",
        "status": "Completed", "startTimeUtc": "2023-11-21T08:33:29.3426531+00:00",
        "endTimeUtc": "2023-11-21T08:33:33.7990372+00:00", "scheduleId": null, "displayName":
        "eval-classification-accuracy", "name": null, "dataContainerId": "dcid.eval_run_name",
        "description": null, "hidden": false, "runType": "azureml.promptflow.FlowRun",
        "runTypeV2": {"orchestrator": null, "traits": [], "attribution": "PromptFlow",
        "computeType": "AmlcDsi"}, "properties": {"azureml.promptflow.runtime_name":
        "test-runtime-ci", "azureml.promptflow.runtime_version": "20231030.v3", "azureml.promptflow.definition_file_name":
        "flow.dag.yaml", "azureml.promptflow.session_id": "f8e4236a4e78e7f7125bbd811ec7976cb330412723a530f8",
        "azureml.promptflow.flow_lineage_id": "26c575d863a85371ef937096728441d8c68c3e737b5a1bfeae5ac8f3b9ccb048",
        "azureml.promptflow.flow_definition_datastore_name": "workspaceblobstore",
        "azureml.promptflow.flow_definition_blob_path": "LocalUpload/1aa3064d06f6170abbc488cc35c713b9/eval-classification-accuracy/flow.dag.yaml",
        "azureml.promptflow.input_data": "azureml://datastores/workspaceblobstore/paths/LocalUpload/74c11bba717480b2d6b04b8e746d09d7/webClassification3.jsonl",
        "azureml.promptflow.input_run_id": "batch_run_name", "azureml.promptflow.inputs_mapping":
        "{\"groundtruth\":\"${data.answer}\",\"prediction\":\"${run.outputs.category}\"}",
        "azureml.promptflow.snapshot_id": "5e534290-c988-4bbe-8453-ab1483548754",
        "_azureml.evaluation_run": "promptflow.BatchRun", "azureml.promptflow.total_tokens":
        "0", "_azureml.evaluate_artifacts": "[{\"path\": \"instance_results.jsonl\",
        \"type\": \"table\"}]"}, "parameters": {}, "actionUris": {}, "scriptName":
        null, "target": null, "uniqueChildRunComputeTargets": [], "tags": {}, "settings":
        {}, "services": {}, "inputDatasets": [], "outputDatasets": [], "runDefinition":
        null, "jobSpecification": null, "primaryMetricName": null, "createdFrom":
        null, "cancelUri": null, "completeUri": null, "diagnosticsUri": null, "computeRequest":
        null, "compute": null, "retainForLifetimeOfWorkspace": false, "queueingInfo":
        null, "inputs": null, "outputs": {"debug_info": {"assetId": "azureml://locations/eastus/workspaces/00000/data/azureml_eval_run_name_output_data_debug_info/versions/1",
        "type": "UriFolder"}, "flow_outputs": {"assetId": "azureml://locations/eastus/workspaces/00000/data/azureml_eval_run_name_output_data_flow_outputs/versions/1",
        "type": "UriFolder"}}}, "runDefinition": {"Nodes": [{"Name": "grade", "Type":
        "python", "Source": {"Type": "code", "Tool": null, "Path": "grade.py"}, "Inputs":
        {"groundtruth": "${inputs.groundtruth}", "prediction": "${inputs.prediction}"},
        "Tool": "grade.py", "Reduce": false, "Comment": null, "Activate": null, "Api":
        null, "Provider": null, "Connection": null, "Module": null}, {"Name": "calculate_accuracy",
        "Type": "python", "Source": {"Type": "code", "Tool": null, "Path": "calculate_accuracy.py"},
        "Inputs": {"grades": "${grade.output}"}, "Tool": "calculate_accuracy.py",
        "Reduce": true, "Comment": null, "Activate": null, "Api": null, "Provider":
        null, "Connection": null, "Module": null}], "Tools": [{"Name": "Content Safety
        (Text Analyze)", "Type": "python", "Inputs": {"connection": {"Name": null,
        "Type": ["AzureContentSafetyConnection"], "Default": null, "Description":
        null, "Enum": null, "enabled_by": null, "enabled_by_type": null, "enabled_by_value":
        null, "model_list": null, "Capabilities": null, "dynamic_list": null, "allow_manual_entry":
        false, "is_multi_select": false, "generated_by": null, "input_type": "default"},
        "hate_category": {"Name": null, "Type": ["string"], "Default": "medium_sensitivity",
        "Description": null, "Enum": ["disable", "low_sensitivity", "medium_sensitivity",
        "high_sensitivity"], "enabled_by": null, "enabled_by_type": null, "enabled_by_value":
        null, "model_list": null, "Capabilities": null, "dynamic_list": null, "allow_manual_entry":
        false, "is_multi_select": false, "generated_by": null, "input_type": "default"},
        "self_harm_category": {"Name": null, "Type": ["string"], "Default": "medium_sensitivity",
        "Description": null, "Enum": ["disable", "low_sensitivity", "medium_sensitivity",
        "high_sensitivity"], "enabled_by": null, "enabled_by_type": null, "enabled_by_value":
        null, "model_list": null, "Capabilities": null, "dynamic_list": null, "allow_manual_entry":
        false, "is_multi_select": false, "generated_by": null, "input_type": "default"},
        "sexual_category": {"Name": null, "Type": ["string"], "Default": "medium_sensitivity",
        "Description": null, "Enum": ["disable", "low_sensitivity", "medium_sensitivity",
        "high_sensitivity"], "enabled_by": null, "enabled_by_type": null, "enabled_by_value":
        null, "model_list": null, "Capabilities": null, "dynamic_list": null, "allow_manual_entry":
        false, "is_multi_select": false, "generated_by": null, "input_type": "default"},
        "text": {"Name": null, "Type": ["string"], "Default": null, "Description":
        null, "Enum": null, "enabled_by": null, "enabled_by_type": null, "enabled_by_value":
        null, "model_list": null, "Capabilities": null, "dynamic_list": null, "allow_manual_entry":
        false, "is_multi_select": false, "generated_by": null, "input_type": "default"},
        "violence_category": {"Name": null, "Type": ["string"], "Default": "medium_sensitivity",
        "Description": null, "Enum": ["disable", "low_sensitivity", "medium_sensitivity",
        "high_sensitivity"], "enabled_by": null, "enabled_by_type": null, "enabled_by_value":
        null, "model_list": null, "Capabilities": null, "dynamic_list": null, "allow_manual_entry":
        false, "is_multi_select": false, "generated_by": null, "input_type": "default"}},
        "Outputs": null, "Description": "Use Azure Content Safety to detect harmful
        content.", "connection_type": null, "Module": "content_safety_text.tools.content_safety_text_tool",
        "class_name": null, "Source": null, "LkgCode": null, "Code": null, "Function":
        "analyze_text", "action_type": null, "provider_config": null, "function_config":
        null, "Icon": null, "Category": null, "Tags": null, "is_builtin": true, "package":
        "promptflow-contentsafety", "package_version": "0.0.9", "default_prompt":
        null, "enable_kwargs": false}, {"Name": "Embedding", "Type": "python", "Inputs":
        {"connection": {"Name": null, "Type": ["AzureOpenAIConnection", "OpenAIConnection"],
        "Default": null, "Description": null, "Enum": null, "enabled_by": null, "enabled_by_type":
        null, "enabled_by_value": null, "model_list": null, "Capabilities": null,
        "dynamic_list": null, "allow_manual_entry": false, "is_multi_select": false,
        "generated_by": null, "input_type": "default"}, "deployment_name": {"Name":
        null, "Type": ["string"], "Default": null, "Description": null, "Enum": null,
        "enabled_by": "connection", "enabled_by_type": ["AzureOpenAIConnection"],
        "enabled_by_value": null, "model_list": ["text-embedding-ada-002", "text-search-ada-doc-001",
        "text-search-ada-query-001"], "Capabilities": {"completion": false, "chat_completion":
        false, "embeddings": true}, "dynamic_list": null, "allow_manual_entry": false,
        "is_multi_select": false, "generated_by": null, "input_type": "default"},
        "input": {"Name": null, "Type": ["string"], "Default": null, "Description":
        null, "Enum": null, "enabled_by": null, "enabled_by_type": null, "enabled_by_value":
        null, "model_list": null, "Capabilities": null, "dynamic_list": null, "allow_manual_entry":
        false, "is_multi_select": false, "generated_by": null, "input_type": "default"},
        "model": {"Name": null, "Type": ["string"], "Default": null, "Description":
        null, "Enum": ["text-embedding-ada-002", "text-search-ada-doc-001", "text-search-ada-query-001"],
        "enabled_by": "connection", "enabled_by_type": ["OpenAIConnection"], "enabled_by_value":
        null, "model_list": null, "Capabilities": null, "dynamic_list": null, "allow_manual_entry":
        false, "is_multi_select": false, "generated_by": null, "input_type": "default"}},
        "Outputs": null, "Description": "Use Open AI''s embedding model to create
        an embedding vector representing the input text.", "connection_type": null,
        "Module": "promptflow.tools.embedding", "class_name": null, "Source": null,
        "LkgCode": null, "Code": null, "Function": "embedding", "action_type": null,
        "provider_config": null, "function_config": null, "Icon": null, "Category":
        null, "Tags": null, "is_builtin": true, "package": "promptflow-tools", "package_version":
        "0.1.0b10", "default_prompt": null, "enable_kwargs": false}, {"Name": "Open
        Source LLM", "Type": "custom_llm", "Inputs": {"api": {"Name": null, "Type":
        ["string"], "Default": null, "Description": null, "Enum": ["chat", "completion"],
        "enabled_by": null, "enabled_by_type": null, "enabled_by_value": null, "model_list":
        null, "Capabilities": null, "dynamic_list": null, "allow_manual_entry": false,
        "is_multi_select": false, "generated_by": null, "input_type": "default"},
        "connection": {"Name": null, "Type": ["CustomConnection"], "Default": null,
        "Description": null, "Enum": null, "enabled_by": null, "enabled_by_type":
        null, "enabled_by_value": null, "model_list": null, "Capabilities": null,
        "dynamic_list": null, "allow_manual_entry": false, "is_multi_select": false,
        "generated_by": null, "input_type": "default"}, "deployment_name": {"Name":
        null, "Type": ["string"], "Default": null, "Description": null, "Enum": null,
        "enabled_by": null, "enabled_by_type": null, "enabled_by_value": null, "model_list":
        null, "Capabilities": null, "dynamic_list": null, "allow_manual_entry": false,
        "is_multi_select": false, "generated_by": null, "input_type": "default"},
        "endpoint_name": {"Name": null, "Type": ["string"], "Default": "-- please
        enter an endpoint name --", "Description": null, "Enum": null, "enabled_by":
        null, "enabled_by_type": null, "enabled_by_value": null, "model_list": null,
        "Capabilities": null, "dynamic_list": null, "allow_manual_entry": false, "is_multi_select":
        false, "generated_by": null, "input_type": "default"}, "max_new_tokens": {"Name":
        null, "Type": ["int"], "Default": "500", "Description": null, "Enum": null,
        "enabled_by": null, "enabled_by_type": null, "enabled_by_value": null, "model_list":
        null, "Capabilities": null, "dynamic_list": null, "allow_manual_entry": false,
        "is_multi_select": false, "generated_by": null, "input_type": "default"},
        "model_kwargs": {"Name": null, "Type": ["object"], "Default": "{}", "Description":
        null, "Enum": null, "enabled_by": null, "enabled_by_type": null, "enabled_by_value":
        null, "model_list": null, "Capabilities": null, "dynamic_list": null, "allow_manual_entry":
        false, "is_multi_select": false, "generated_by": null, "input_type": "default"},
        "temperature": {"Name": null, "Type": ["double"], "Default": "1.0", "Description":
        null, "Enum": null, "enabled_by": null, "enabled_by_type": null, "enabled_by_value":
        null, "model_list": null, "Capabilities": null, "dynamic_list": null, "allow_manual_entry":
        false, "is_multi_select": false, "generated_by": null, "input_type": "default"},
        "top_p": {"Name": null, "Type": ["double"], "Default": "1.0", "Description":
        null, "Enum": null, "enabled_by": null, "enabled_by_type": null, "enabled_by_value":
        null, "model_list": null, "Capabilities": null, "dynamic_list": null, "allow_manual_entry":
        false, "is_multi_select": false, "generated_by": null, "input_type": "default"}},
        "Outputs": null, "Description": "Use an Open Source model from the Azure Model
        catalog, deployed to an AzureML Online Endpoint for LLM Chat or Completion
        API calls.", "connection_type": null, "Module": "promptflow.tools.open_source_llm",
        "class_name": "OpenSourceLLM", "Source": null, "LkgCode": null, "Code": null,
        "Function": "call", "action_type": null, "provider_config": null, "function_config":
        null, "Icon": "data:image/png;base64,iVBORw0KGgoAAAANSUhEUgAAABAAAAAQCAQAAAC1+jfqAAABYUlEQVR4nIWRsUtbcRRGz70v5BmHiLSh7pJu0oJDHUrf1kVwlCIRHMTN/yDasd0imCkgZGibFlrd5DmFNDSiksADsdAhk3TIZmj6kCa/65BERCie6Rsu93LPByPeajUxztWEKXcxzwTg/VQz18y9mwYwMQ9AxkNHLzI5nfvT9lwqa1H3c9AAwRATob7qLw8mLTz/tHEJxZnnK/4i/+Ivr8oGUNtqho1gdCz5yx+mRtAK63kAooPSAhwVTor7TwE+Zs+K4Q6UFqIDSIDG02nTb7tTa7N7xxFMPuvVrsumX9MaQwJM+wNxtNne9Fc/iJZfF2KAysAUbv81rzqxe939cfW9EFcnhi8CKIjz1BSjjyQfJR8j9DFTT8UNN6Q6XXFIRo3eRe/CyCgirtN1KQDq+VZ4GnCPRtAKa3nuiEq5w5+V9d+w82T+TXJJR6Luqf7b9pyftahXeXk8VP1gWbf8r+4bvICY0FkMumIAAAAASUVORK5CYII=",
        "Category": null, "Tags": null, "is_builtin": true, "package": "promptflow-tools",
        "package_version": "0.1.0b10", "default_prompt": null, "enable_kwargs": false},
        {"Name": "Serp API", "Type": "python", "Inputs": {"connection": {"Name": null,
        "Type": ["SerpConnection"], "Default": null, "Description": null, "Enum":
        null, "enabled_by": null, "enabled_by_type": null, "enabled_by_value": null,
        "model_list": null, "Capabilities": null, "dynamic_list": null, "allow_manual_entry":
        false, "is_multi_select": false, "generated_by": null, "input_type": "default"},
        "engine": {"Name": null, "Type": ["string"], "Default": "google", "Description":
        null, "Enum": ["google", "bing"], "enabled_by": null, "enabled_by_type": null,
        "enabled_by_value": null, "model_list": null, "Capabilities": null, "dynamic_list":
        null, "allow_manual_entry": false, "is_multi_select": false, "generated_by":
        null, "input_type": "default"}, "location": {"Name": null, "Type": ["string"],
        "Default": "", "Description": null, "Enum": null, "enabled_by": null, "enabled_by_type":
        null, "enabled_by_value": null, "model_list": null, "Capabilities": null,
        "dynamic_list": null, "allow_manual_entry": false, "is_multi_select": false,
        "generated_by": null, "input_type": "default"}, "num": {"Name": null, "Type":
        ["int"], "Default": "10", "Description": null, "Enum": null, "enabled_by":
        null, "enabled_by_type": null, "enabled_by_value": null, "model_list": null,
        "Capabilities": null, "dynamic_list": null, "allow_manual_entry": false, "is_multi_select":
        false, "generated_by": null, "input_type": "default"}, "query": {"Name": null,
        "Type": ["string"], "Default": null, "Description": null, "Enum": null, "enabled_by":
        null, "enabled_by_type": null, "enabled_by_value": null, "model_list": null,
        "Capabilities": null, "dynamic_list": null, "allow_manual_entry": false, "is_multi_select":
        false, "generated_by": null, "input_type": "default"}, "safe": {"Name": null,
        "Type": ["string"], "Default": "off", "Description": null, "Enum": ["active",
        "off"], "enabled_by": null, "enabled_by_type": null, "enabled_by_value": null,
        "model_list": null, "Capabilities": null, "dynamic_list": null, "allow_manual_entry":
        false, "is_multi_select": false, "generated_by": null, "input_type": "default"}},
        "Outputs": null, "Description": "Use Serp API to obtain search results from
        a specific search engine.", "connection_type": null, "Module": "promptflow.tools.serpapi",
        "class_name": "SerpAPI", "Source": null, "LkgCode": null, "Code": null, "Function":
        "search", "action_type": null, "provider_config": null, "function_config":
        null, "Icon": null, "Category": null, "Tags": null, "is_builtin": true, "package":
        "promptflow-tools", "package_version": "0.1.0b10", "default_prompt": null,
        "enable_kwargs": false}, {"Name": "Faiss Index Lookup", "Type": "python",
        "Inputs": {"path": {"Name": null, "Type": ["string"], "Default": null, "Description":
        null, "Enum": null, "enabled_by": null, "enabled_by_type": null, "enabled_by_value":
        null, "model_list": null, "Capabilities": null, "dynamic_list": null, "allow_manual_entry":
        false, "is_multi_select": false, "generated_by": null, "input_type": "default"},
        "top_k": {"Name": null, "Type": ["int"], "Default": "3", "Description": null,
        "Enum": null, "enabled_by": null, "enabled_by_type": null, "enabled_by_value":
        null, "model_list": null, "Capabilities": null, "dynamic_list": null, "allow_manual_entry":
        false, "is_multi_select": false, "generated_by": null, "input_type": "default"},
        "vector": {"Name": null, "Type": ["list"], "Default": null, "Description":
        null, "Enum": null, "enabled_by": null, "enabled_by_type": null, "enabled_by_value":
        null, "model_list": null, "Capabilities": null, "dynamic_list": null, "allow_manual_entry":
        false, "is_multi_select": false, "generated_by": null, "input_type": "default"}},
        "Outputs": null, "Description": "Search vector based query from the FAISS
        index file.", "connection_type": null, "Module": "promptflow_vectordb.tool.faiss_index_lookup",
        "class_name": "FaissIndexLookup", "Source": null, "LkgCode": null, "Code":
        null, "Function": "search", "action_type": null, "provider_config": null,
        "function_config": null, "Icon": null, "Category": null, "Tags": null, "is_builtin":
        true, "package": "promptflow-vectordb", "package_version": "0.0.1", "default_prompt":
        null, "enable_kwargs": false}, {"Name": "Vector DB Lookup", "Type": "python",
        "Inputs": {"class_name": {"Name": null, "Type": ["string"], "Default": null,
        "Description": null, "Enum": null, "enabled_by": "connection", "enabled_by_type":
        ["WeaviateConnection"], "enabled_by_value": null, "model_list": null, "Capabilities":
        null, "dynamic_list": null, "allow_manual_entry": false, "is_multi_select":
        false, "generated_by": null, "input_type": "default"}, "collection_name":
        {"Name": null, "Type": ["string"], "Default": null, "Description": null, "Enum":
        null, "enabled_by": "connection", "enabled_by_type": ["QdrantConnection"],
        "enabled_by_value": null, "model_list": null, "Capabilities": null, "dynamic_list":
        null, "allow_manual_entry": false, "is_multi_select": false, "generated_by":
        null, "input_type": "default"}, "connection": {"Name": null, "Type": ["CognitiveSearchConnection",
        "QdrantConnection", "WeaviateConnection"], "Default": null, "Description":
        null, "Enum": null, "enabled_by": null, "enabled_by_type": null, "enabled_by_value":
        null, "model_list": null, "Capabilities": null, "dynamic_list": null, "allow_manual_entry":
        false, "is_multi_select": false, "generated_by": null, "input_type": "default"},
        "index_name": {"Name": null, "Type": ["string"], "Default": null, "Description":
        null, "Enum": null, "enabled_by": "connection", "enabled_by_type": ["CognitiveSearchConnection"],
        "enabled_by_value": null, "model_list": null, "Capabilities": null, "dynamic_list":
        null, "allow_manual_entry": false, "is_multi_select": false, "generated_by":
        null, "input_type": "default"}, "search_filters": {"Name": null, "Type": ["object"],
        "Default": null, "Description": null, "Enum": null, "enabled_by": "connection",
        "enabled_by_type": ["CognitiveSearchConnection", "QdrantConnection"], "enabled_by_value":
        null, "model_list": null, "Capabilities": null, "dynamic_list": null, "allow_manual_entry":
        false, "is_multi_select": false, "generated_by": null, "input_type": "default"},
        "search_params": {"Name": null, "Type": ["object"], "Default": null, "Description":
        null, "Enum": null, "enabled_by": "connection", "enabled_by_type": ["CognitiveSearchConnection",
        "QdrantConnection"], "enabled_by_value": null, "model_list": null, "Capabilities":
        null, "dynamic_list": null, "allow_manual_entry": false, "is_multi_select":
        false, "generated_by": null, "input_type": "default"}, "text_field": {"Name":
        null, "Type": ["string"], "Default": null, "Description": null, "Enum": null,
        "enabled_by": "connection", "enabled_by_type": ["CognitiveSearchConnection",
        "QdrantConnection", "WeaviateConnection"], "enabled_by_value": null, "model_list":
        null, "Capabilities": null, "dynamic_list": null, "allow_manual_entry": false,
        "is_multi_select": false, "generated_by": null, "input_type": "default"},
        "top_k": {"Name": null, "Type": ["int"], "Default": "3", "Description": null,
        "Enum": null, "enabled_by": null, "enabled_by_type": null, "enabled_by_value":
        null, "model_list": null, "Capabilities": null, "dynamic_list": null, "allow_manual_entry":
        false, "is_multi_select": false, "generated_by": null, "input_type": "default"},
        "vector": {"Name": null, "Type": ["list"], "Default": null, "Description":
        null, "Enum": null, "enabled_by": null, "enabled_by_type": null, "enabled_by_value":
        null, "model_list": null, "Capabilities": null, "dynamic_list": null, "allow_manual_entry":
        false, "is_multi_select": false, "generated_by": null, "input_type": "default"},
        "vector_field": {"Name": null, "Type": ["string"], "Default": null, "Description":
        null, "Enum": null, "enabled_by": "connection", "enabled_by_type": ["CognitiveSearchConnection"],
        "enabled_by_value": null, "model_list": null, "Capabilities": null, "dynamic_list":
        null, "allow_manual_entry": false, "is_multi_select": false, "generated_by":
        null, "input_type": "default"}}, "Outputs": null, "Description": "Search vector
        based query from existing Vector Database.", "connection_type": null, "Module":
        "promptflow_vectordb.tool.vector_db_lookup", "class_name": "VectorDBLookup",
        "Source": null, "LkgCode": null, "Code": null, "Function": "search", "action_type":
        null, "provider_config": null, "function_config": null, "Icon": null, "Category":
        null, "Tags": null, "is_builtin": true, "package": "promptflow-vectordb",
        "package_version": "0.0.1", "default_prompt": null, "enable_kwargs": false},
        {"Name": "Vector Index Lookup", "Type": "python", "Inputs": {"path": {"Name":
        null, "Type": ["string"], "Default": null, "Description": null, "Enum": null,
        "enabled_by": null, "enabled_by_type": null, "enabled_by_value": null, "model_list":
        null, "Capabilities": null, "dynamic_list": null, "allow_manual_entry": false,
        "is_multi_select": false, "generated_by": null, "input_type": "default"},
        "query": {"Name": null, "Type": ["object"], "Default": null, "Description":
        null, "Enum": null, "enabled_by": null, "enabled_by_type": null, "enabled_by_value":
        null, "model_list": null, "Capabilities": null, "dynamic_list": null, "allow_manual_entry":
        false, "is_multi_select": false, "generated_by": null, "input_type": "default"},
        "top_k": {"Name": null, "Type": ["int"], "Default": "3", "Description": null,
        "Enum": null, "enabled_by": null, "enabled_by_type": null, "enabled_by_value":
        null, "model_list": null, "Capabilities": null, "dynamic_list": null, "allow_manual_entry":
        false, "is_multi_select": false, "generated_by": null, "input_type": "default"}},
        "Outputs": null, "Description": "Search text or vector based query from AzureML
        Vector Index.", "connection_type": null, "Module": "promptflow_vectordb.tool.vector_index_lookup",
        "class_name": "VectorIndexLookup", "Source": null, "LkgCode": null, "Code":
        null, "Function": "search", "action_type": null, "provider_config": null,
        "function_config": null, "Icon": null, "Category": null, "Tags": null, "is_builtin":
        true, "package": "promptflow-vectordb", "package_version": "0.0.1", "default_prompt":
        null, "enable_kwargs": false}, {"Name": "calculate_accuracy.py", "Type": "python",
        "Inputs": {"grades": {"Name": null, "Type": ["object"], "Default": null, "Description":
        null, "Enum": null, "enabled_by": null, "enabled_by_type": null, "enabled_by_value":
        null, "model_list": null, "Capabilities": null, "dynamic_list": null, "allow_manual_entry":
        false, "is_multi_select": false, "generated_by": null, "input_type": "default"}},
        "Outputs": null, "Description": null, "connection_type": null, "Module": null,
        "class_name": null, "Source": "calculate_accuracy.py", "LkgCode": null, "Code":
        null, "Function": "calculate_accuracy", "action_type": null, "provider_config":
        null, "function_config": null, "Icon": null, "Category": null, "Tags": null,
        "is_builtin": false, "package": null, "package_version": null, "default_prompt":
        null, "enable_kwargs": false}, {"Name": "grade.py", "Type": "python", "Inputs":
        {"groundtruth": {"Name": null, "Type": ["string"], "Default": null, "Description":
        null, "Enum": null, "enabled_by": null, "enabled_by_type": null, "enabled_by_value":
        null, "model_list": null, "Capabilities": null, "dynamic_list": null, "allow_manual_entry":
        false, "is_multi_select": false, "generated_by": null, "input_type": "default"},
        "prediction": {"Name": null, "Type": ["string"], "Default": null, "Description":
        null, "Enum": null, "enabled_by": null, "enabled_by_type": null, "enabled_by_value":
        null, "model_list": null, "Capabilities": null, "dynamic_list": null, "allow_manual_entry":
        false, "is_multi_select": false, "generated_by": null, "input_type": "default"}},
        "Outputs": null, "Description": null, "connection_type": null, "Module": null,
        "class_name": null, "Source": "grade.py", "LkgCode": null, "Code": null, "Function":
        "grade", "action_type": null, "provider_config": null, "function_config":
        null, "Icon": null, "Category": null, "Tags": null, "is_builtin": false, "package":
        null, "package_version": null, "default_prompt": null, "enable_kwargs": false}],
        "Codes": null, "Inputs": {"groundtruth": {"Name": null, "Type": "string",
        "Default": "APP", "Description": "Please specify the groundtruth column, which
        contains the true label to the outputs that your flow produces.", "is_chat_input":
        false, "is_chat_history": null}, "prediction": {"Name": null, "Type": "string",
        "Default": "APP", "Description": "Please specify the prediction column, which
        contains the predicted outputs that your flow produces.", "is_chat_input":
        false, "is_chat_history": null}}, "Outputs": {"grade": {"Name": null, "Type":
        "string", "Description": null, "Reference": "${grade.output}", "evaluation_only":
        false, "is_chat_output": false}}}, "jobSpecification": null, "systemSettings":
        null}'
    headers:
      connection:
      - keep-alive
      content-length:
      - '40675'
      content-type:
      - application/json; charset=utf-8
      strict-transport-security:
      - max-age=15724800; includeSubDomains; preload
      transfer-encoding:
      - chunked
      vary:
      - Accept-Encoding
      x-content-type-options:
      - nosniff
      x-request-time:
      - '0.063'
    status:
      code: 200
      message: OK
- request:
    body: '{"runId": "eval_run_name_1", "selectRunMetadata": true, "selectRunDefinition":
      true, "selectJobSpecification": true}'
    headers:
      Accept:
      - '*/*'
      Accept-Encoding:
      - gzip, deflate
      Connection:
      - keep-alive
      Content-Length:
      - '137'
      Content-Type:
      - application/json
      User-Agent:
      - python-requests/2.31.0
    method: POST
    uri: https://eastus.api.azureml.ms/history/v1.0/subscriptions/00000000-0000-0000-0000-000000000000/resourceGroups/00000/providers/Microsoft.MachineLearningServices/workspaces/00000/rundata
  response:
    body:
      string: '{"runMetadata": {"runNumber": 1700555632, "rootRunId": "eval_run_name_1",
        "createdUtc": "2023-11-21T08:33:52.3278712+00:00", "createdBy": {"userObjectId":
        "4e60fbf3-0338-41a8-bed5-fc341be556f8", "userPuId": null, "userIdp": "https://sts.windows.net/00000000-0000-0000-0000-000000000000/",
        "userAltSecId": null, "userIss": "https://sts.windows.net/00000000-0000-0000-0000-000000000000/",
        "userTenantId": "00000000-0000-0000-0000-000000000000", "userName": "4cbd0e2e-aae4-4099-b4ba-94d3a4910587",
        "upn": null}, "userId": "4e60fbf3-0338-41a8-bed5-fc341be556f8", "token": null,
        "tokenExpiryTimeUtc": null, "error": null, "warnings": null, "revision": 5,
        "statusRevision": 3, "runUuid": "9f653c89-aff0-46b8-a63b-681c3768ddd5", "parentRunUuid":
        null, "rootRunUuid": "9f653c89-aff0-46b8-a63b-681c3768ddd5", "lastStartTimeUtc":
        null, "currentComputeTime": null, "computeDuration": "00:00:04.9065601", "effectiveStartTimeUtc":
        null, "lastModifiedBy": {"userObjectId": "4e60fbf3-0338-41a8-bed5-fc341be556f8",
        "userPuId": null, "userIdp": "https://sts.windows.net/00000000-0000-0000-0000-000000000000/",
        "userAltSecId": null, "userIss": "https://sts.windows.net/00000000-0000-0000-0000-000000000000/",
        "userTenantId": "00000000-0000-0000-0000-000000000000", "userName": "18a66f5f-dbdf-4c17-9dd7-1634712a9cbe",
        "upn": null}, "lastModifiedUtc": "2023-11-21T08:34:08.6447647+00:00", "duration":
        "00:00:04.9065601", "cancelationReason": null, "currentAttemptId": 1, "runId":
        "eval_run_name_1", "parentRunId": null, "experimentId": "7bdec279-f99c-4ed3-b0b8-dd75698b8fd0",
        "status": "Completed", "startTimeUtc": "2023-11-21T08:34:04.727235+00:00",
        "endTimeUtc": "2023-11-21T08:34:09.6337951+00:00", "scheduleId": null, "displayName":
        "eval-classification-accuracy", "name": null, "dataContainerId": "dcid.eval_run_name_1",
        "description": null, "hidden": false, "runType": "azureml.promptflow.FlowRun",
        "runTypeV2": {"orchestrator": null, "traits": [], "attribution": "PromptFlow",
        "computeType": "AmlcDsi"}, "properties": {"azureml.promptflow.runtime_name":
        "test-runtime-ci", "azureml.promptflow.runtime_version": "20231030.v3", "azureml.promptflow.definition_file_name":
        "flow.dag.yaml", "azureml.promptflow.session_id": "f8e4236a4e78e7f7125bbd811ec7976cb330412723a530f8",
        "azureml.promptflow.flow_lineage_id": "26c575d863a85371ef937096728441d8c68c3e737b5a1bfeae5ac8f3b9ccb048",
        "azureml.promptflow.flow_definition_datastore_name": "workspaceblobstore",
        "azureml.promptflow.flow_definition_blob_path": "LocalUpload/1aa3064d06f6170abbc488cc35c713b9/eval-classification-accuracy/flow.dag.yaml",
        "azureml.promptflow.input_run_id": "batch_run_name", "azureml.promptflow.inputs_mapping":
        "{\"groundtruth\":\"${run.inputs.url}\",\"prediction\":\"${run.outputs.category}\"}",
        "azureml.promptflow.snapshot_id": "59ec61bd-131c-42d0-9cf8-140809a67b99",
        "_azureml.evaluation_run": "promptflow.BatchRun", "azureml.promptflow.total_tokens":
        "0", "_azureml.evaluate_artifacts": "[{\"path\": \"instance_results.jsonl\",
        \"type\": \"table\"}]"}, "parameters": {}, "actionUris": {}, "scriptName":
        null, "target": null, "uniqueChildRunComputeTargets": [], "tags": {}, "settings":
        {}, "services": {}, "inputDatasets": [], "outputDatasets": [], "runDefinition":
        null, "jobSpecification": null, "primaryMetricName": null, "createdFrom":
        null, "cancelUri": null, "completeUri": null, "diagnosticsUri": null, "computeRequest":
        null, "compute": null, "retainForLifetimeOfWorkspace": false, "queueingInfo":
        null, "inputs": null, "outputs": {"debug_info": {"assetId": "azureml://locations/eastus/workspaces/00000/data/azureml_eval_run_name_1_output_data_debug_info/versions/1",
        "type": "UriFolder"}, "flow_outputs": {"assetId": "azureml://locations/eastus/workspaces/00000/data/azureml_eval_run_name_1_output_data_flow_outputs/versions/1",
        "type": "UriFolder"}}}, "runDefinition": {"Nodes": [{"Name": "grade", "Type":
        "python", "Source": {"Type": "code", "Tool": null, "Path": "grade.py"}, "Inputs":
        {"groundtruth": "${inputs.groundtruth}", "prediction": "${inputs.prediction}"},
        "Tool": "grade.py", "Reduce": false, "Comment": null, "Activate": null, "Api":
        null, "Provider": null, "Connection": null, "Module": null}, {"Name": "calculate_accuracy",
        "Type": "python", "Source": {"Type": "code", "Tool": null, "Path": "calculate_accuracy.py"},
        "Inputs": {"grades": "${grade.output}"}, "Tool": "calculate_accuracy.py",
        "Reduce": true, "Comment": null, "Activate": null, "Api": null, "Provider":
        null, "Connection": null, "Module": null}], "Tools": [{"Name": "Content Safety
        (Text Analyze)", "Type": "python", "Inputs": {"connection": {"Name": null,
        "Type": ["AzureContentSafetyConnection"], "Default": null, "Description":
        null, "Enum": null, "enabled_by": null, "enabled_by_type": null, "enabled_by_value":
        null, "model_list": null, "Capabilities": null, "dynamic_list": null, "allow_manual_entry":
        false, "is_multi_select": false, "generated_by": null, "input_type": "default"},
        "hate_category": {"Name": null, "Type": ["string"], "Default": "medium_sensitivity",
        "Description": null, "Enum": ["disable", "low_sensitivity", "medium_sensitivity",
        "high_sensitivity"], "enabled_by": null, "enabled_by_type": null, "enabled_by_value":
        null, "model_list": null, "Capabilities": null, "dynamic_list": null, "allow_manual_entry":
        false, "is_multi_select": false, "generated_by": null, "input_type": "default"},
        "self_harm_category": {"Name": null, "Type": ["string"], "Default": "medium_sensitivity",
        "Description": null, "Enum": ["disable", "low_sensitivity", "medium_sensitivity",
        "high_sensitivity"], "enabled_by": null, "enabled_by_type": null, "enabled_by_value":
        null, "model_list": null, "Capabilities": null, "dynamic_list": null, "allow_manual_entry":
        false, "is_multi_select": false, "generated_by": null, "input_type": "default"},
        "sexual_category": {"Name": null, "Type": ["string"], "Default": "medium_sensitivity",
        "Description": null, "Enum": ["disable", "low_sensitivity", "medium_sensitivity",
        "high_sensitivity"], "enabled_by": null, "enabled_by_type": null, "enabled_by_value":
        null, "model_list": null, "Capabilities": null, "dynamic_list": null, "allow_manual_entry":
        false, "is_multi_select": false, "generated_by": null, "input_type": "default"},
        "text": {"Name": null, "Type": ["string"], "Default": null, "Description":
        null, "Enum": null, "enabled_by": null, "enabled_by_type": null, "enabled_by_value":
        null, "model_list": null, "Capabilities": null, "dynamic_list": null, "allow_manual_entry":
        false, "is_multi_select": false, "generated_by": null, "input_type": "default"},
        "violence_category": {"Name": null, "Type": ["string"], "Default": "medium_sensitivity",
        "Description": null, "Enum": ["disable", "low_sensitivity", "medium_sensitivity",
        "high_sensitivity"], "enabled_by": null, "enabled_by_type": null, "enabled_by_value":
        null, "model_list": null, "Capabilities": null, "dynamic_list": null, "allow_manual_entry":
        false, "is_multi_select": false, "generated_by": null, "input_type": "default"}},
        "Outputs": null, "Description": "Use Azure Content Safety to detect harmful
        content.", "connection_type": null, "Module": "content_safety_text.tools.content_safety_text_tool",
        "class_name": null, "Source": null, "LkgCode": null, "Code": null, "Function":
        "analyze_text", "action_type": null, "provider_config": null, "function_config":
        null, "Icon": null, "Category": null, "Tags": null, "is_builtin": true, "package":
        "promptflow-contentsafety", "package_version": "0.0.9", "default_prompt":
        null, "enable_kwargs": false}, {"Name": "Embedding", "Type": "python", "Inputs":
        {"connection": {"Name": null, "Type": ["AzureOpenAIConnection", "OpenAIConnection"],
        "Default": null, "Description": null, "Enum": null, "enabled_by": null, "enabled_by_type":
        null, "enabled_by_value": null, "model_list": null, "Capabilities": null,
        "dynamic_list": null, "allow_manual_entry": false, "is_multi_select": false,
        "generated_by": null, "input_type": "default"}, "deployment_name": {"Name":
        null, "Type": ["string"], "Default": null, "Description": null, "Enum": null,
        "enabled_by": "connection", "enabled_by_type": ["AzureOpenAIConnection"],
        "enabled_by_value": null, "model_list": ["text-embedding-ada-002", "text-search-ada-doc-001",
        "text-search-ada-query-001"], "Capabilities": {"completion": false, "chat_completion":
        false, "embeddings": true}, "dynamic_list": null, "allow_manual_entry": false,
        "is_multi_select": false, "generated_by": null, "input_type": "default"},
        "input": {"Name": null, "Type": ["string"], "Default": null, "Description":
        null, "Enum": null, "enabled_by": null, "enabled_by_type": null, "enabled_by_value":
        null, "model_list": null, "Capabilities": null, "dynamic_list": null, "allow_manual_entry":
        false, "is_multi_select": false, "generated_by": null, "input_type": "default"},
        "model": {"Name": null, "Type": ["string"], "Default": null, "Description":
        null, "Enum": ["text-embedding-ada-002", "text-search-ada-doc-001", "text-search-ada-query-001"],
        "enabled_by": "connection", "enabled_by_type": ["OpenAIConnection"], "enabled_by_value":
        null, "model_list": null, "Capabilities": null, "dynamic_list": null, "allow_manual_entry":
        false, "is_multi_select": false, "generated_by": null, "input_type": "default"}},
        "Outputs": null, "Description": "Use Open AI''s embedding model to create
        an embedding vector representing the input text.", "connection_type": null,
        "Module": "promptflow.tools.embedding", "class_name": null, "Source": null,
        "LkgCode": null, "Code": null, "Function": "embedding", "action_type": null,
        "provider_config": null, "function_config": null, "Icon": null, "Category":
        null, "Tags": null, "is_builtin": true, "package": "promptflow-tools", "package_version":
        "0.1.0b10", "default_prompt": null, "enable_kwargs": false}, {"Name": "Open
        Source LLM", "Type": "custom_llm", "Inputs": {"api": {"Name": null, "Type":
        ["string"], "Default": null, "Description": null, "Enum": ["chat", "completion"],
        "enabled_by": null, "enabled_by_type": null, "enabled_by_value": null, "model_list":
        null, "Capabilities": null, "dynamic_list": null, "allow_manual_entry": false,
        "is_multi_select": false, "generated_by": null, "input_type": "default"},
        "connection": {"Name": null, "Type": ["CustomConnection"], "Default": null,
        "Description": null, "Enum": null, "enabled_by": null, "enabled_by_type":
        null, "enabled_by_value": null, "model_list": null, "Capabilities": null,
        "dynamic_list": null, "allow_manual_entry": false, "is_multi_select": false,
        "generated_by": null, "input_type": "default"}, "deployment_name": {"Name":
        null, "Type": ["string"], "Default": null, "Description": null, "Enum": null,
        "enabled_by": null, "enabled_by_type": null, "enabled_by_value": null, "model_list":
        null, "Capabilities": null, "dynamic_list": null, "allow_manual_entry": false,
        "is_multi_select": false, "generated_by": null, "input_type": "default"},
        "endpoint_name": {"Name": null, "Type": ["string"], "Default": "-- please
        enter an endpoint name --", "Description": null, "Enum": null, "enabled_by":
        null, "enabled_by_type": null, "enabled_by_value": null, "model_list": null,
        "Capabilities": null, "dynamic_list": null, "allow_manual_entry": false, "is_multi_select":
        false, "generated_by": null, "input_type": "default"}, "max_new_tokens": {"Name":
        null, "Type": ["int"], "Default": "500", "Description": null, "Enum": null,
        "enabled_by": null, "enabled_by_type": null, "enabled_by_value": null, "model_list":
        null, "Capabilities": null, "dynamic_list": null, "allow_manual_entry": false,
        "is_multi_select": false, "generated_by": null, "input_type": "default"},
        "model_kwargs": {"Name": null, "Type": ["object"], "Default": "{}", "Description":
        null, "Enum": null, "enabled_by": null, "enabled_by_type": null, "enabled_by_value":
        null, "model_list": null, "Capabilities": null, "dynamic_list": null, "allow_manual_entry":
        false, "is_multi_select": false, "generated_by": null, "input_type": "default"},
        "temperature": {"Name": null, "Type": ["double"], "Default": "1.0", "Description":
        null, "Enum": null, "enabled_by": null, "enabled_by_type": null, "enabled_by_value":
        null, "model_list": null, "Capabilities": null, "dynamic_list": null, "allow_manual_entry":
        false, "is_multi_select": false, "generated_by": null, "input_type": "default"},
        "top_p": {"Name": null, "Type": ["double"], "Default": "1.0", "Description":
        null, "Enum": null, "enabled_by": null, "enabled_by_type": null, "enabled_by_value":
        null, "model_list": null, "Capabilities": null, "dynamic_list": null, "allow_manual_entry":
        false, "is_multi_select": false, "generated_by": null, "input_type": "default"}},
        "Outputs": null, "Description": "Use an Open Source model from the Azure Model
        catalog, deployed to an AzureML Online Endpoint for LLM Chat or Completion
        API calls.", "connection_type": null, "Module": "promptflow.tools.open_source_llm",
        "class_name": "OpenSourceLLM", "Source": null, "LkgCode": null, "Code": null,
        "Function": "call", "action_type": null, "provider_config": null, "function_config":
        null, "Icon": "data:image/png;base64,iVBORw0KGgoAAAANSUhEUgAAABAAAAAQCAQAAAC1+jfqAAABYUlEQVR4nIWRsUtbcRRGz70v5BmHiLSh7pJu0oJDHUrf1kVwlCIRHMTN/yDasd0imCkgZGibFlrd5DmFNDSiksADsdAhk3TIZmj6kCa/65BERCie6Rsu93LPByPeajUxztWEKXcxzwTg/VQz18y9mwYwMQ9AxkNHLzI5nfvT9lwqa1H3c9AAwRATob7qLw8mLTz/tHEJxZnnK/4i/+Ivr8oGUNtqho1gdCz5yx+mRtAK63kAooPSAhwVTor7TwE+Zs+K4Q6UFqIDSIDG02nTb7tTa7N7xxFMPuvVrsumX9MaQwJM+wNxtNne9Fc/iJZfF2KAysAUbv81rzqxe939cfW9EFcnhi8CKIjz1BSjjyQfJR8j9DFTT8UNN6Q6XXFIRo3eRe/CyCgirtN1KQDq+VZ4GnCPRtAKa3nuiEq5w5+V9d+w82T+TXJJR6Luqf7b9pyftahXeXk8VP1gWbf8r+4bvICY0FkMumIAAAAASUVORK5CYII=",
        "Category": null, "Tags": null, "is_builtin": true, "package": "promptflow-tools",
        "package_version": "0.1.0b10", "default_prompt": null, "enable_kwargs": false},
        {"Name": "Serp API", "Type": "python", "Inputs": {"connection": {"Name": null,
        "Type": ["SerpConnection"], "Default": null, "Description": null, "Enum":
        null, "enabled_by": null, "enabled_by_type": null, "enabled_by_value": null,
        "model_list": null, "Capabilities": null, "dynamic_list": null, "allow_manual_entry":
        false, "is_multi_select": false, "generated_by": null, "input_type": "default"},
        "engine": {"Name": null, "Type": ["string"], "Default": "google", "Description":
        null, "Enum": ["google", "bing"], "enabled_by": null, "enabled_by_type": null,
        "enabled_by_value": null, "model_list": null, "Capabilities": null, "dynamic_list":
        null, "allow_manual_entry": false, "is_multi_select": false, "generated_by":
        null, "input_type": "default"}, "location": {"Name": null, "Type": ["string"],
        "Default": "", "Description": null, "Enum": null, "enabled_by": null, "enabled_by_type":
        null, "enabled_by_value": null, "model_list": null, "Capabilities": null,
        "dynamic_list": null, "allow_manual_entry": false, "is_multi_select": false,
        "generated_by": null, "input_type": "default"}, "num": {"Name": null, "Type":
        ["int"], "Default": "10", "Description": null, "Enum": null, "enabled_by":
        null, "enabled_by_type": null, "enabled_by_value": null, "model_list": null,
        "Capabilities": null, "dynamic_list": null, "allow_manual_entry": false, "is_multi_select":
        false, "generated_by": null, "input_type": "default"}, "query": {"Name": null,
        "Type": ["string"], "Default": null, "Description": null, "Enum": null, "enabled_by":
        null, "enabled_by_type": null, "enabled_by_value": null, "model_list": null,
        "Capabilities": null, "dynamic_list": null, "allow_manual_entry": false, "is_multi_select":
        false, "generated_by": null, "input_type": "default"}, "safe": {"Name": null,
        "Type": ["string"], "Default": "off", "Description": null, "Enum": ["active",
        "off"], "enabled_by": null, "enabled_by_type": null, "enabled_by_value": null,
        "model_list": null, "Capabilities": null, "dynamic_list": null, "allow_manual_entry":
        false, "is_multi_select": false, "generated_by": null, "input_type": "default"}},
        "Outputs": null, "Description": "Use Serp API to obtain search results from
        a specific search engine.", "connection_type": null, "Module": "promptflow.tools.serpapi",
        "class_name": "SerpAPI", "Source": null, "LkgCode": null, "Code": null, "Function":
        "search", "action_type": null, "provider_config": null, "function_config":
        null, "Icon": null, "Category": null, "Tags": null, "is_builtin": true, "package":
        "promptflow-tools", "package_version": "0.1.0b10", "default_prompt": null,
        "enable_kwargs": false}, {"Name": "Faiss Index Lookup", "Type": "python",
        "Inputs": {"path": {"Name": null, "Type": ["string"], "Default": null, "Description":
        null, "Enum": null, "enabled_by": null, "enabled_by_type": null, "enabled_by_value":
        null, "model_list": null, "Capabilities": null, "dynamic_list": null, "allow_manual_entry":
        false, "is_multi_select": false, "generated_by": null, "input_type": "default"},
        "top_k": {"Name": null, "Type": ["int"], "Default": "3", "Description": null,
        "Enum": null, "enabled_by": null, "enabled_by_type": null, "enabled_by_value":
        null, "model_list": null, "Capabilities": null, "dynamic_list": null, "allow_manual_entry":
        false, "is_multi_select": false, "generated_by": null, "input_type": "default"},
        "vector": {"Name": null, "Type": ["list"], "Default": null, "Description":
        null, "Enum": null, "enabled_by": null, "enabled_by_type": null, "enabled_by_value":
        null, "model_list": null, "Capabilities": null, "dynamic_list": null, "allow_manual_entry":
        false, "is_multi_select": false, "generated_by": null, "input_type": "default"}},
        "Outputs": null, "Description": "Search vector based query from the FAISS
        index file.", "connection_type": null, "Module": "promptflow_vectordb.tool.faiss_index_lookup",
        "class_name": "FaissIndexLookup", "Source": null, "LkgCode": null, "Code":
        null, "Function": "search", "action_type": null, "provider_config": null,
        "function_config": null, "Icon": null, "Category": null, "Tags": null, "is_builtin":
        true, "package": "promptflow-vectordb", "package_version": "0.0.1", "default_prompt":
        null, "enable_kwargs": false}, {"Name": "Vector DB Lookup", "Type": "python",
        "Inputs": {"class_name": {"Name": null, "Type": ["string"], "Default": null,
        "Description": null, "Enum": null, "enabled_by": "connection", "enabled_by_type":
        ["WeaviateConnection"], "enabled_by_value": null, "model_list": null, "Capabilities":
        null, "dynamic_list": null, "allow_manual_entry": false, "is_multi_select":
        false, "generated_by": null, "input_type": "default"}, "collection_name":
        {"Name": null, "Type": ["string"], "Default": null, "Description": null, "Enum":
        null, "enabled_by": "connection", "enabled_by_type": ["QdrantConnection"],
        "enabled_by_value": null, "model_list": null, "Capabilities": null, "dynamic_list":
        null, "allow_manual_entry": false, "is_multi_select": false, "generated_by":
        null, "input_type": "default"}, "connection": {"Name": null, "Type": ["CognitiveSearchConnection",
        "QdrantConnection", "WeaviateConnection"], "Default": null, "Description":
        null, "Enum": null, "enabled_by": null, "enabled_by_type": null, "enabled_by_value":
        null, "model_list": null, "Capabilities": null, "dynamic_list": null, "allow_manual_entry":
        false, "is_multi_select": false, "generated_by": null, "input_type": "default"},
        "index_name": {"Name": null, "Type": ["string"], "Default": null, "Description":
        null, "Enum": null, "enabled_by": "connection", "enabled_by_type": ["CognitiveSearchConnection"],
        "enabled_by_value": null, "model_list": null, "Capabilities": null, "dynamic_list":
        null, "allow_manual_entry": false, "is_multi_select": false, "generated_by":
        null, "input_type": "default"}, "search_filters": {"Name": null, "Type": ["object"],
        "Default": null, "Description": null, "Enum": null, "enabled_by": "connection",
        "enabled_by_type": ["CognitiveSearchConnection", "QdrantConnection"], "enabled_by_value":
        null, "model_list": null, "Capabilities": null, "dynamic_list": null, "allow_manual_entry":
        false, "is_multi_select": false, "generated_by": null, "input_type": "default"},
        "search_params": {"Name": null, "Type": ["object"], "Default": null, "Description":
        null, "Enum": null, "enabled_by": "connection", "enabled_by_type": ["CognitiveSearchConnection",
        "QdrantConnection"], "enabled_by_value": null, "model_list": null, "Capabilities":
        null, "dynamic_list": null, "allow_manual_entry": false, "is_multi_select":
        false, "generated_by": null, "input_type": "default"}, "text_field": {"Name":
        null, "Type": ["string"], "Default": null, "Description": null, "Enum": null,
        "enabled_by": "connection", "enabled_by_type": ["CognitiveSearchConnection",
        "QdrantConnection", "WeaviateConnection"], "enabled_by_value": null, "model_list":
        null, "Capabilities": null, "dynamic_list": null, "allow_manual_entry": false,
        "is_multi_select": false, "generated_by": null, "input_type": "default"},
        "top_k": {"Name": null, "Type": ["int"], "Default": "3", "Description": null,
        "Enum": null, "enabled_by": null, "enabled_by_type": null, "enabled_by_value":
        null, "model_list": null, "Capabilities": null, "dynamic_list": null, "allow_manual_entry":
        false, "is_multi_select": false, "generated_by": null, "input_type": "default"},
        "vector": {"Name": null, "Type": ["list"], "Default": null, "Description":
        null, "Enum": null, "enabled_by": null, "enabled_by_type": null, "enabled_by_value":
        null, "model_list": null, "Capabilities": null, "dynamic_list": null, "allow_manual_entry":
        false, "is_multi_select": false, "generated_by": null, "input_type": "default"},
        "vector_field": {"Name": null, "Type": ["string"], "Default": null, "Description":
        null, "Enum": null, "enabled_by": "connection", "enabled_by_type": ["CognitiveSearchConnection"],
        "enabled_by_value": null, "model_list": null, "Capabilities": null, "dynamic_list":
        null, "allow_manual_entry": false, "is_multi_select": false, "generated_by":
        null, "input_type": "default"}}, "Outputs": null, "Description": "Search vector
        based query from existing Vector Database.", "connection_type": null, "Module":
        "promptflow_vectordb.tool.vector_db_lookup", "class_name": "VectorDBLookup",
        "Source": null, "LkgCode": null, "Code": null, "Function": "search", "action_type":
        null, "provider_config": null, "function_config": null, "Icon": null, "Category":
        null, "Tags": null, "is_builtin": true, "package": "promptflow-vectordb",
        "package_version": "0.0.1", "default_prompt": null, "enable_kwargs": false},
        {"Name": "Vector Index Lookup", "Type": "python", "Inputs": {"path": {"Name":
        null, "Type": ["string"], "Default": null, "Description": null, "Enum": null,
        "enabled_by": null, "enabled_by_type": null, "enabled_by_value": null, "model_list":
        null, "Capabilities": null, "dynamic_list": null, "allow_manual_entry": false,
        "is_multi_select": false, "generated_by": null, "input_type": "default"},
        "query": {"Name": null, "Type": ["object"], "Default": null, "Description":
        null, "Enum": null, "enabled_by": null, "enabled_by_type": null, "enabled_by_value":
        null, "model_list": null, "Capabilities": null, "dynamic_list": null, "allow_manual_entry":
        false, "is_multi_select": false, "generated_by": null, "input_type": "default"},
        "top_k": {"Name": null, "Type": ["int"], "Default": "3", "Description": null,
        "Enum": null, "enabled_by": null, "enabled_by_type": null, "enabled_by_value":
        null, "model_list": null, "Capabilities": null, "dynamic_list": null, "allow_manual_entry":
        false, "is_multi_select": false, "generated_by": null, "input_type": "default"}},
        "Outputs": null, "Description": "Search text or vector based query from AzureML
        Vector Index.", "connection_type": null, "Module": "promptflow_vectordb.tool.vector_index_lookup",
        "class_name": "VectorIndexLookup", "Source": null, "LkgCode": null, "Code":
        null, "Function": "search", "action_type": null, "provider_config": null,
        "function_config": null, "Icon": null, "Category": null, "Tags": null, "is_builtin":
        true, "package": "promptflow-vectordb", "package_version": "0.0.1", "default_prompt":
        null, "enable_kwargs": false}, {"Name": "calculate_accuracy.py", "Type": "python",
        "Inputs": {"grades": {"Name": null, "Type": ["object"], "Default": null, "Description":
        null, "Enum": null, "enabled_by": null, "enabled_by_type": null, "enabled_by_value":
        null, "model_list": null, "Capabilities": null, "dynamic_list": null, "allow_manual_entry":
        false, "is_multi_select": false, "generated_by": null, "input_type": "default"}},
        "Outputs": null, "Description": null, "connection_type": null, "Module": null,
        "class_name": null, "Source": "calculate_accuracy.py", "LkgCode": null, "Code":
        null, "Function": "calculate_accuracy", "action_type": null, "provider_config":
        null, "function_config": null, "Icon": null, "Category": null, "Tags": null,
        "is_builtin": false, "package": null, "package_version": null, "default_prompt":
        null, "enable_kwargs": false}, {"Name": "grade.py", "Type": "python", "Inputs":
        {"groundtruth": {"Name": null, "Type": ["string"], "Default": null, "Description":
        null, "Enum": null, "enabled_by": null, "enabled_by_type": null, "enabled_by_value":
        null, "model_list": null, "Capabilities": null, "dynamic_list": null, "allow_manual_entry":
        false, "is_multi_select": false, "generated_by": null, "input_type": "default"},
        "prediction": {"Name": null, "Type": ["string"], "Default": null, "Description":
        null, "Enum": null, "enabled_by": null, "enabled_by_type": null, "enabled_by_value":
        null, "model_list": null, "Capabilities": null, "dynamic_list": null, "allow_manual_entry":
        false, "is_multi_select": false, "generated_by": null, "input_type": "default"}},
        "Outputs": null, "Description": null, "connection_type": null, "Module": null,
        "class_name": null, "Source": "grade.py", "LkgCode": null, "Code": null, "Function":
        "grade", "action_type": null, "provider_config": null, "function_config":
        null, "Icon": null, "Category": null, "Tags": null, "is_builtin": false, "package":
        null, "package_version": null, "default_prompt": null, "enable_kwargs": false}],
        "Codes": null, "Inputs": {"groundtruth": {"Name": null, "Type": "string",
        "Default": "APP", "Description": "Please specify the groundtruth column, which
        contains the true label to the outputs that your flow produces.", "is_chat_input":
        false, "is_chat_history": null}, "prediction": {"Name": null, "Type": "string",
        "Default": "APP", "Description": "Please specify the prediction column, which
        contains the predicted outputs that your flow produces.", "is_chat_input":
        false, "is_chat_history": null}}, "Outputs": {"grade": {"Name": null, "Type":
        "string", "Description": null, "Reference": "${grade.output}", "evaluation_only":
        false, "is_chat_output": false}}}, "jobSpecification": null, "systemSettings":
        null}'
    headers:
      connection:
      - keep-alive
      content-length:
      - '40519'
      content-type:
      - application/json; charset=utf-8
      strict-transport-security:
      - max-age=15724800; includeSubDomains; preload
      transfer-encoding:
      - chunked
      vary:
      - Accept-Encoding
      x-content-type-options:
      - nosniff
      x-request-time:
      - '0.051'
    status:
      code: 200
      message: OK
- request:
    body: null
    headers:
      Accept:
      - application/json
      Accept-Encoding:
      - gzip, deflate
      Connection:
      - keep-alive
      Content-Type:
      - application/json
      User-Agent:
      - promptflow-sdk/0.0.1 azsdk-python-azuremachinelearningdesignerserviceclient/unknown
        Python/3.10.13 (Windows-10-10.0.22631-SP0)
    method: GET
    uri: https://eastus.api.azureml.ms/flow/api/subscriptions/00000000-0000-0000-0000-000000000000/resourceGroups/00000/providers/Microsoft.MachineLearningServices/workspaces/00000/BulkRuns/batch_run_name/logContent
  response:
    body:
      string: '"2023-11-21 08:32:41 +0000 1328549 promptflow-runtime INFO     [batch_run_name]
        Receiving v2 bulk run request 9f951fca-f8db-4d56-91ed-e7fefd433811: {\"flow_id\":
        \"batch_run_name\", \"flow_run_id\": \"batch_run_name\", \"flow_source\":
        {\"flow_source_type\": 1, \"flow_source_info\": {\"snapshot_id\": \"fcb67010-6fe3-4f0d-8338-3be9f7f8c6fe\"},
        \"flow_dag_file\": \"flow.dag.yaml\"}, \"connections\": \"**data_scrubbed**\",
        \"log_path\": \"https://promptfloweast4063704120.blob.core.windows.net/azureml/ExperimentRun/dcid.batch_run_name/logs/azureml/executionlogs.txt?sv=2019-07-07&sr=b&sig=**data_scrubbed**&skoid=55b92eba-d7c7-4afd-ab76-7bb1cd345283&sktid=00000000-0000-0000-0000-000000000000&skt=2023-11-21T03%3A35%3A32Z&ske=2023-11-22T11%3A45%3A32Z&sks=b&skv=2019-07-07&st=2023-11-21T08%3A22%3A40Z&se=2023-11-21T16%3A32%3A40Z&sp=rcw\",
        \"app_insights_instrumentation_key\": \"InstrumentationKey=**data_scrubbed**;IngestionEndpoint=https://eastus-6.in.applicationinsights.azure.com/;LiveEndpoint=https://eastus.livediagnostics.monitor.azure.com/\",
        \"data_inputs\": {\"data\": \"azureml://datastores/workspaceblobstore/paths/LocalUpload/74c11bba717480b2d6b04b8e746d09d7/webClassification3.jsonl\"},
        \"inputs_mapping\": {\"url\": \"${data.url}\"}, \"azure_storage_setting\":
        {\"azure_storage_mode\": 1, \"storage_account_name\": \"promptfloweast4063704120\",
        \"blob_container_name\": \"azureml-blobstore-3e123da1-f9a5-4c91-9234-8d9ffbb39ff5\",
        \"flow_artifacts_root_path\": \"promptflow/PromptFlowArtifacts/batch_run_name\",
        \"blob_container_sas_token\": \"?sv=2019-07-07&sr=c&sig=**data_scrubbed**&skoid=55b92eba-d7c7-4afd-ab76-7bb1cd345283&sktid=00000000-0000-0000-0000-000000000000&skt=2023-11-21T08%3A32%3A40Z&ske=2023-11-28T08%3A32%3A40Z&sks=b&skv=2019-07-07&se=2023-11-28T08%3A32%3A40Z&sp=racwl\",
        \"output_datastore_name\": \"workspaceblobstore\"}}\n2023-11-21 08:32:41 +0000
        1328549 promptflow-runtime INFO     Runtime version: 20231030.v3. PromptFlow
        version: 0.1.0b9.dev2\n2023-11-21 08:32:41 +0000 1328549 promptflow-runtime
        INFO     Running <function RunHistoryClient.get_run at 0x7f2a03d9a3a0>, 3
        more tries to go.\n2023-11-21 08:32:41 +0000 1328549 promptflow-runtime INFO     Running
        <function RunHistoryClient.get_run at 0x7f2a03d9a310>, 3 more tries to go.\n2023-11-21
        08:32:41 +0000 1328549 promptflow-runtime INFO     Running <function RunHistoryClient.update_run_status
        at 0x7f2a03d9a160>, 3 more tries to go.\n2023-11-21 08:32:41 +0000 1328549
        promptflow-runtime INFO     Updating batch_run_name to Status.Preparing...\n2023-11-21
        08:32:41 +0000 1328549 promptflow-runtime INFO     Use default method to start
        child process. Region: eastus\n2023-11-21 08:32:42 +0000 1328549 promptflow-runtime
        INFO     Starting to check process 1358924 status for run batch_run_name\n2023-11-21
        08:32:42 +0000 1328549 promptflow-runtime INFO     Start checking run status
        for bulk run batch_run_name\n2023-11-21 08:32:42 +0000 1328549 promptflow-runtime
        INFO     Start checking run status for run batch_run_name\n2023-11-21 08:32:42
        +0000 1358924 promptflow-runtime INFO     [1328549--1358924] Start processing
        flowV2......\n2023-11-21 08:32:42 +0000 1358924 promptflow-runtime INFO     Runtime
        version: 20231030.v3. PromptFlow version: 0.1.0b9.dev2\n2023-11-21 08:32:42
        +0000 1358924 promptflow-runtime INFO     Setting mlflow tracking uri...\n2023-11-21
        08:32:42 +0000 1358924 promptflow-runtime INFO     Validating ''AzureML Data
        Scientist'' user authentication...\n2023-11-21 08:32:42 +0000 1358924 promptflow-runtime
        INFO     Running <function RuntimeConfig.validate_by_get_dummy_run at 0x7f2a03da48b0>,
        5 more tries to go.\n2023-11-21 08:32:42 +0000 1358924 promptflow-runtime
        INFO     Successfully validated ''AzureML Data Scientist'' user authentication.\n2023-11-21
        08:32:42 +0000 1358924 promptflow-runtime INFO     Using AzureMLRunStorageV2\n2023-11-21
        08:32:42 +0000 1358924 promptflow-runtime INFO     Setting mlflow tracking
        uri to ''azureml://eastus.api.azureml.ms/mlflow/v1.0/subscriptions/00000000-0000-0000-0000-000000000000/resourceGroups/00000/providers/Microsoft.MachineLearningServices/workspaces/promptflow-eastus''\n2023-11-21
        08:32:42 +0000 1358924 promptflow-runtime INFO     Running <function MlflowHelper.get_host_creds
        at 0x7f29faa8d700>, 5 more tries to go.\n2023-11-21 08:32:42 +0000 1358924
        promptflow-runtime INFO     Initialized blob service client for AzureMLRunTracker.\n2023-11-21
        08:32:42 +0000 1358924 promptflow-runtime INFO     Setting mlflow tracking
        uri to ''azureml://eastus.api.azureml.ms/mlflow/v1.0/subscriptions/00000000-0000-0000-0000-000000000000/resourceGroups/00000/providers/Microsoft.MachineLearningServices/workspaces/promptflow-eastus''\n2023-11-21
        08:32:42 +0000 1358924 promptflow-runtime INFO     Running <function MlflowHelper.get_host_creds
        at 0x7f29faa8d700>, 5 more tries to go.\n2023-11-21 08:32:42 +0000 1358924
        promptflow-runtime INFO     Running <function SnapshotsClient.download_snapshot
        at 0x7f2a1a932040>, 3 more tries to go.\n2023-11-21 08:32:42 +0000 1358924
        promptflow-runtime INFO     Get snapshot sas url for fcb67010-6fe3-4f0d-8338-3be9f7f8c6fe...\n2023-11-21
        08:32:49 +0000 1358924 promptflow-runtime INFO     Downloading snapshot fcb67010-6fe3-4f0d-8338-3be9f7f8c6fe
        from uri https://promptfloweast4063704120.blob.core.windows.net/snapshotzips/promptflow-eastus:3e123da1-f9a5-4c91-9234-8d9ffbb39ff5:snapshotzip/fcb67010-6fe3-4f0d-8338-3be9f7f8c6fe.zip...\n2023-11-21
        08:32:49 +0000 1358924 promptflow-runtime INFO     Downloaded file /service/app/36717/requests/batch_run_name/fcb67010-6fe3-4f0d-8338-3be9f7f8c6fe.zip
        with size 11415 for snapshot fcb67010-6fe3-4f0d-8338-3be9f7f8c6fe.\n2023-11-21
        08:32:49 +0000 1358924 promptflow-runtime INFO     Download snapshot fcb67010-6fe3-4f0d-8338-3be9f7f8c6fe
        completed.\n2023-11-21 08:32:49 +0000 1358924 promptflow-runtime INFO     Running
        <function prepare_data at 0x7f29f763aca0>, 3 more tries to go.\n2023-11-21
        08:32:49 +0000 1358924 promptflow-runtime INFO     Resolve data from url finished
        in 0.4800092549994588 seconds\n2023-11-21 08:32:49 +0000 1358924 promptflow-runtime
        INFO     Flow run is not terminated, skip persisting flow run record.\n2023-11-21
        08:32:49 +0000 1358924 promptflow-runtime INFO     Starting the aml run ''batch_run_name''...\n2023-11-21
        08:32:50 +0000 1358924 execution.bulk     INFO     Using fork, process count:
        3\n2023-11-21 08:32:50 +0000 1358953 execution          INFO     Process 1358953
        started.\n2023-11-21 08:32:50 +0000 1358958 execution          INFO     Process
        1358958 started.\n2023-11-21 08:32:50 +0000 1358962 execution          INFO     Process
        1358962 started.\n2023-11-21 08:32:50 +0000 1358924 execution          INFO     Process
        name: Process-150:2, Process id: 1358953, Line number: 0 start execution.\n2023-11-21
        08:32:50 +0000 1358924 execution          INFO     Process name: Process-150:3,
        Process id: 1358958, Line number: 1 start execution.\n2023-11-21 08:32:50
        +0000 1358924 promptflow-runtime INFO     Flow run is not terminated, skip
        persisting flow run record.\n2023-11-21 08:32:50 +0000 1358924 execution          INFO     Process
        name: Process-150:4, Process id: 1358962, Line number: 2 start execution.\n2023-11-21
        08:32:50 +0000 1358924 promptflow-runtime INFO     Flow run is not terminated,
        skip persisting flow run record.\n2023-11-21 08:32:50 +0000 1358924 promptflow-runtime
        INFO     Flow run is not terminated, skip persisting flow run record.\n2023-11-21
        08:32:53 +0000 1358924 execution          INFO     Process name: Process-150:2,
        Process id: 1358953, Line number: 0 completed.\n2023-11-21 08:32:53 +0000
        1358924 execution.bulk     INFO     Finished 1 / 3 lines.\n2023-11-21 08:32:53
        +0000 1358924 execution.bulk     INFO     Average execution time for completed
        lines: 2.7 seconds. Estimated time for incomplete lines: 5.4 seconds.\n2023-11-21
        08:32:54 +0000 1358924 execution          INFO     Process name: Process-150:3,
        Process id: 1358958, Line number: 1 completed.\n2023-11-21 08:32:54 +0000
        1358924 execution.bulk     INFO     Finished 2 / 3 lines.\n2023-11-21 08:32:54
        +0000 1358924 execution.bulk     INFO     Average execution time for completed
        lines: 1.74 seconds. Estimated time for incomplete lines: 1.74 seconds.\n2023-11-21
        08:32:54 +0000 1358924 execution          INFO     Process name: Process-150:4,
        Process id: 1358962, Line number: 2 completed.\n2023-11-21 08:32:54 +0000
        1358924 execution.bulk     INFO     Finished 3 / 3 lines.\n2023-11-21 08:32:54
        +0000 1358924 execution.bulk     INFO     Average execution time for completed
        lines: 1.29 seconds. Estimated time for incomplete lines: 0.0 seconds.\n2023-11-21
        08:32:58 +0000 1358924 execution.bulk     INFO     Upload status summary metrics
        for run batch_run_name finished in 2.8264057750348 seconds\n2023-11-21 08:32:58
        +0000 1358924 promptflow-runtime INFO     Successfully write run properties
        {\"azureml.promptflow.total_tokens\": 2480, \"_azureml.evaluate_artifacts\":
        \"[{\\\"path\\\": \\\"instance_results.jsonl\\\", \\\"type\\\": \\\"table\\\"}]\"}
        with run id ''batch_run_name''\n2023-11-21 08:32:58 +0000 1358924 execution.bulk     INFO     Upload
        RH properties for run batch_run_name finished in 0.07627552817575634 seconds\n2023-11-21
        08:32:58 +0000 1358924 promptflow-runtime INFO     Running <function AssetClient.create_unregistered_output
        at 0x7f2a1aa61790>, 10 more tries to go.\n2023-11-21 08:32:58 +0000 1358924
        promptflow-runtime INFO     Creating unregistered output Asset for Run batch_run_name...\n2023-11-21
        08:32:58 +0000 1358924 promptflow-runtime INFO     Created debug_info Asset:
        azureml://locations/eastus/workspaces/00000/data/azureml_batch_run_name_output_data_debug_info/versions/1\n2023-11-21
        08:32:58 +0000 1358924 promptflow-runtime INFO     Running <function AssetClient.create_unregistered_output
        at 0x7f2a1aa61790>, 10 more tries to go.\n2023-11-21 08:32:58 +0000 1358924
        promptflow-runtime INFO     Creating unregistered output Asset for Run batch_run_name...\n2023-11-21
        08:32:59 +0000 1358924 promptflow-runtime INFO     Created flow_outputs output
        Asset: azureml://locations/eastus/workspaces/00000/data/azureml_batch_run_name_output_data_flow_outputs/versions/1\n2023-11-21
        08:32:59 +0000 1358924 promptflow-runtime INFO     Running <function ArtifactClient.register_artifact
        at 0x7f2a1aa61a60>, 3 more tries to go.\n2023-11-21 08:32:59 +0000 1358924
        promptflow-runtime INFO     Creating Artifact for Run batch_run_name...\n2023-11-21
        08:32:59 +0000 1358924 promptflow-runtime INFO     Created instance_results.jsonl
        Artifact.\n2023-11-21 08:32:59 +0000 1358924 promptflow-runtime INFO     Running
        <function RunHistoryClient.patch_run at 0x7f2a03d9a040>, 3 more tries to go.\n2023-11-21
        08:32:59 +0000 1358924 promptflow-runtime INFO     Patching batch_run_name...\n2023-11-21
        08:32:59 +0000 1358924 promptflow-runtime INFO     Ending the aml run ''batch_run_name''
        with status ''Completed''...\n2023-11-21 08:33:00 +0000 1328549 promptflow-runtime
        INFO     Process 1358924 finished\n2023-11-21 08:33:00 +0000 1328549 promptflow-runtime
        INFO     [1328549] Child process finished!\n2023-11-21 08:33:00 +0000 1328549
        promptflow-runtime INFO     [batch_run_name] End processing bulk run\n2023-11-21
        08:33:02 +0000 1328549 promptflow-runtime INFO     Running <function RunHistoryClient.get_run
        at 0x7f2a03d9a3a0>, 3 more tries to go.\n2023-11-21 08:33:02 +0000 1328549
        promptflow-runtime INFO     Running <function RunHistoryClient.get_run at
        0x7f2a03d9a310>, 3 more tries to go.\n2023-11-21 08:33:02 +0000 1328549 promptflow-runtime
        INFO     Run batch_run_name is in progress, Execution status: Completed\n"'
    headers:
      connection:
      - keep-alive
      content-length:
      - '12198'
      content-type:
      - application/json; charset=utf-8
      strict-transport-security:
      - max-age=15724800; includeSubDomains; preload
      transfer-encoding:
      - chunked
      vary:
      - Accept-Encoding
      x-content-type-options:
      - nosniff
      x-request-time:
      - '0.893'
    status:
      code: 200
      message: OK
- request:
    body: null
    headers:
      Accept:
      - application/json
      Accept-Encoding:
      - gzip, deflate
      Connection:
      - keep-alive
      Content-Type:
      - application/json
      User-Agent:
      - promptflow-sdk/0.0.1 azsdk-python-azuremachinelearningdesignerserviceclient/unknown
        Python/3.10.13 (Windows-10-10.0.22631-SP0)
    method: GET
    uri: https://eastus.api.azureml.ms/flow/api/subscriptions/00000000-0000-0000-0000-000000000000/resourceGroups/00000/providers/Microsoft.MachineLearningServices/workspaces/00000/BulkRuns/eval_run_name/logContent
  response:
    body:
      string: '"2023-11-21 08:33:19 +0000 1328549 promptflow-runtime INFO     [eval_run_name]
        Receiving v2 bulk run request e8bfe851-0eae-4e82-a845-6a9e6f9951e9: {\"flow_id\":
        \"eval_run_name\", \"flow_run_id\": \"eval_run_name\", \"flow_source\": {\"flow_source_type\":
        1, \"flow_source_info\": {\"snapshot_id\": \"5e534290-c988-4bbe-8453-ab1483548754\"},
        \"flow_dag_file\": \"flow.dag.yaml\"}, \"log_path\": \"https://promptfloweast4063704120.blob.core.windows.net/azureml/ExperimentRun/dcid.eval_run_name/logs/azureml/executionlogs.txt?sv=2019-07-07&sr=b&sig=**data_scrubbed**&skoid=55b92eba-d7c7-4afd-ab76-7bb1cd345283&sktid=00000000-0000-0000-0000-000000000000&skt=2023-11-21T05%3A49%3A28Z&ske=2023-11-22T13%3A59%3A28Z&sks=b&skv=2019-07-07&st=2023-11-21T08%3A23%3A18Z&se=2023-11-21T16%3A33%3A18Z&sp=rcw\",
        \"app_insights_instrumentation_key\": \"InstrumentationKey=**data_scrubbed**;IngestionEndpoint=https://eastus-6.in.applicationinsights.azure.com/;LiveEndpoint=https://eastus.livediagnostics.monitor.azure.com/\",
        \"data_inputs\": {\"data\": \"azureml://datastores/workspaceblobstore/paths/LocalUpload/74c11bba717480b2d6b04b8e746d09d7/webClassification3.jsonl\",
        \"run.outputs\": \"azureml:/subscriptions/00000000-0000-0000-0000-000000000000/resourceGroups/00000/providers/Microsoft.MachineLearningServices/workspaces/00000/data/azureml_batch_run_name_output_data_flow_outputs/versions/1\"},
        \"inputs_mapping\": {\"groundtruth\": \"${data.answer}\", \"prediction\":
        \"${run.outputs.category}\"}, \"azure_storage_setting\": {\"azure_storage_mode\":
        1, \"storage_account_name\": \"promptfloweast4063704120\", \"blob_container_name\":
        \"azureml-blobstore-3e123da1-f9a5-4c91-9234-8d9ffbb39ff5\", \"flow_artifacts_root_path\":
        \"promptflow/PromptFlowArtifacts/eval_run_name\", \"blob_container_sas_token\":
        \"?sv=2019-07-07&sr=c&sig=**data_scrubbed**&skoid=55b92eba-d7c7-4afd-ab76-7bb1cd345283&sktid=00000000-0000-0000-0000-000000000000&skt=2023-11-21T08%3A33%3A19Z&ske=2023-11-28T08%3A33%3A19Z&sks=b&skv=2019-07-07&se=2023-11-28T08%3A33%3A19Z&sp=racwl\",
        \"output_datastore_name\": \"workspaceblobstore\"}}\n2023-11-21 08:33:19 +0000
        1328549 promptflow-runtime INFO     Runtime version: 20231030.v3. PromptFlow
        version: 0.1.0b9.dev2\n2023-11-21 08:33:19 +0000 1328549 promptflow-runtime
        INFO     Running <function RunHistoryClient.get_run at 0x7f2a03d9a3a0>, 3
        more tries to go.\n2023-11-21 08:33:19 +0000 1328549 promptflow-runtime INFO     Running
        <function RunHistoryClient.get_run at 0x7f2a03d9a310>, 3 more tries to go.\n2023-11-21
        08:33:20 +0000 1328549 promptflow-runtime INFO     Running <function RunHistoryClient.update_run_status
        at 0x7f2a03d9a160>, 3 more tries to go.\n2023-11-21 08:33:20 +0000 1328549
        promptflow-runtime INFO     Updating eval_run_name to Status.Preparing...\n2023-11-21
        08:33:20 +0000 1328549 promptflow-runtime INFO     Use default method to start
        child process. Region: eastus\n2023-11-21 08:33:20 +0000 1328549 promptflow-runtime
        INFO     Starting to check process 1359028 status for run eval_run_name\n2023-11-21
        08:33:20 +0000 1328549 promptflow-runtime INFO     Start checking run status
        for bulk run eval_run_name\n2023-11-21 08:33:20 +0000 1328549 promptflow-runtime
        INFO     Start checking run status for run eval_run_name\n2023-11-21 08:33:20
        +0000 1359028 promptflow-runtime INFO     [1328549--1359028] Start processing
        flowV2......\n2023-11-21 08:33:20 +0000 1359028 promptflow-runtime INFO     Runtime
        version: 20231030.v3. PromptFlow version: 0.1.0b9.dev2\n2023-11-21 08:33:20
        +0000 1359028 promptflow-runtime INFO     Setting mlflow tracking uri...\n2023-11-21
        08:33:20 +0000 1359028 promptflow-runtime INFO     Validating ''AzureML Data
        Scientist'' user authentication...\n2023-11-21 08:33:20 +0000 1359028 promptflow-runtime
        INFO     Running <function RuntimeConfig.validate_by_get_dummy_run at 0x7f2a03da48b0>,
        5 more tries to go.\n2023-11-21 08:33:21 +0000 1359028 promptflow-runtime
        INFO     Successfully validated ''AzureML Data Scientist'' user authentication.\n2023-11-21
        08:33:21 +0000 1359028 promptflow-runtime INFO     Using AzureMLRunStorageV2\n2023-11-21
        08:33:21 +0000 1359028 promptflow-runtime INFO     Setting mlflow tracking
        uri to ''azureml://eastus.api.azureml.ms/mlflow/v1.0/subscriptions/00000000-0000-0000-0000-000000000000/resourceGroups/00000/providers/Microsoft.MachineLearningServices/workspaces/promptflow-eastus''\n2023-11-21
        08:33:21 +0000 1359028 promptflow-runtime INFO     Running <function MlflowHelper.get_host_creds
        at 0x7f29faa8d700>, 5 more tries to go.\n2023-11-21 08:33:21 +0000 1359028
        promptflow-runtime INFO     Initialized blob service client for AzureMLRunTracker.\n2023-11-21
        08:33:21 +0000 1359028 promptflow-runtime INFO     Setting mlflow tracking
        uri to ''azureml://eastus.api.azureml.ms/mlflow/v1.0/subscriptions/00000000-0000-0000-0000-000000000000/resourceGroups/00000/providers/Microsoft.MachineLearningServices/workspaces/promptflow-eastus''\n2023-11-21
        08:33:21 +0000 1359028 promptflow-runtime INFO     Running <function MlflowHelper.get_host_creds
        at 0x7f29faa8d700>, 5 more tries to go.\n2023-11-21 08:33:21 +0000 1359028
        promptflow-runtime INFO     Running <function SnapshotsClient.download_snapshot
        at 0x7f2a1a9b51f0>, 3 more tries to go.\n2023-11-21 08:33:21 +0000 1359028
        promptflow-runtime INFO     Get snapshot sas url for 5e534290-c988-4bbe-8453-ab1483548754...\n2023-11-21
        08:33:27 +0000 1359028 promptflow-runtime INFO     Downloading snapshot 5e534290-c988-4bbe-8453-ab1483548754
        from uri https://promptfloweast4063704120.blob.core.windows.net/snapshotzips/promptflow-eastus:3e123da1-f9a5-4c91-9234-8d9ffbb39ff5:snapshotzip/5e534290-c988-4bbe-8453-ab1483548754.zip...\n2023-11-21
        08:33:27 +0000 1359028 promptflow-runtime INFO     Downloaded file /service/app/36717/requests/eval_run_name/5e534290-c988-4bbe-8453-ab1483548754.zip
        with size 1221 for snapshot 5e534290-c988-4bbe-8453-ab1483548754.\n2023-11-21
        08:33:27 +0000 1359028 promptflow-runtime INFO     Download snapshot 5e534290-c988-4bbe-8453-ab1483548754
        completed.\n2023-11-21 08:33:27 +0000 1359028 promptflow-runtime INFO     Running
        <function prepare_data at 0x7f29f763aca0>, 3 more tries to go.\n2023-11-21
        08:33:28 +0000 1359028 promptflow-runtime INFO     Resolve data from url finished
        in 0.5820102950092405 seconds\n2023-11-21 08:33:28 +0000 1359028 promptflow-runtime
        INFO     Running <function prepare_data at 0x7f29f763aca0>, 3 more tries to
        go.\n2023-11-21 08:33:29 +0000 1359028 promptflow-runtime INFO     Resolve
        data from url finished in 0.6046019808854908 seconds\n2023-11-21 08:33:29
        +0000 1359028 promptflow-runtime INFO     Flow run is not terminated, skip
        persisting flow run record.\n2023-11-21 08:33:29 +0000 1359028 promptflow-runtime
        INFO     Starting the aml run ''eval_run_name''...\n2023-11-21 08:33:29 +0000
        1359028 execution.bulk     INFO     Using fork, process count: 3\n2023-11-21
        08:33:29 +0000 1359057 execution          INFO     Process 1359057 started.\n2023-11-21
        08:33:29 +0000 1359066 execution          INFO     Process 1359066 started.\n2023-11-21
        08:33:29 +0000 1359062 execution          INFO     Process 1359062 started.\n2023-11-21
        08:33:29 +0000 1359028 execution          INFO     Process name: Process-152:2,
        Process id: 1359057, Line number: 0 start execution.\n2023-11-21 08:33:29
        +0000 1359028 execution          INFO     Process name: Process-152:4, Process
        id: 1359066, Line number: 1 start execution.\n2023-11-21 08:33:29 +0000 1359028
        promptflow-runtime INFO     Flow run is not terminated, skip persisting flow
        run record.\n2023-11-21 08:33:29 +0000 1359028 execution          INFO     Process
        name: Process-152:3, Process id: 1359062, Line number: 2 start execution.\n2023-11-21
        08:33:29 +0000 1359028 promptflow-runtime INFO     Flow run is not terminated,
        skip persisting flow run record.\n2023-11-21 08:33:29 +0000 1359028 promptflow-runtime
        INFO     Flow run is not terminated, skip persisting flow run record.\n2023-11-21
        08:33:29 +0000 1359028 execution          INFO     Process name: Process-152:2,
        Process id: 1359057, Line number: 0 completed.\n2023-11-21 08:33:29 +0000
        1359028 execution          INFO     Process name: Process-152:3, Process id:
        1359062, Line number: 2 completed.\n2023-11-21 08:33:29 +0000 1359028 execution.bulk     INFO     Finished
        3 / 3 lines.\n2023-11-21 08:33:29 +0000 1359028 execution          INFO     Process
        name: Process-152:4, Process id: 1359066, Line number: 1 completed.\n2023-11-21
        08:33:29 +0000 1359028 execution.bulk     INFO     Finished 3 / 3 lines.\n2023-11-21
        08:33:29 +0000 1359028 execution.bulk     INFO     Average execution time
        for completed lines: 0.1 seconds. Estimated time for incomplete lines: 0.0
        seconds.\n2023-11-21 08:33:29 +0000 1359028 execution.bulk     INFO     Finished
        3 / 3 lines.\n2023-11-21 08:33:29 +0000 1359028 execution.bulk     INFO     Average
        execution time for completed lines: 0.11 seconds. Estimated time for incomplete
        lines: 0.0 seconds.\n2023-11-21 08:33:29 +0000 1359028 execution.bulk     INFO     Average
        execution time for completed lines: 0.11 seconds. Estimated time for incomplete
        lines: 0.0 seconds.\n2023-11-21 08:33:30 +0000 1359028 execution          INFO     Executing
        aggregation nodes...\n2023-11-21 08:33:31 +0000 1359028 execution          INFO     Finish
        executing aggregation nodes.\n2023-11-21 08:33:32 +0000 1359028 execution.bulk     INFO     Upload
        status summary metrics for run eval_run_name finished in 1.3566507769282907
        seconds\n2023-11-21 08:33:32 +0000 1359028 execution.bulk     INFO     Upload
        metrics for run eval_run_name finished in 0.3296836169902235 seconds\n2023-11-21
        08:33:32 +0000 1359028 promptflow-runtime INFO     Successfully write run
        properties {\"azureml.promptflow.total_tokens\": 0, \"_azureml.evaluate_artifacts\":
        \"[{\\\"path\\\": \\\"instance_results.jsonl\\\", \\\"type\\\": \\\"table\\\"}]\"}
        with run id ''eval_run_name''\n2023-11-21 08:33:32 +0000 1359028 execution.bulk     INFO     Upload
        RH properties for run eval_run_name finished in 0.08805462601594627 seconds\n2023-11-21
        08:33:32 +0000 1359028 promptflow-runtime INFO     Running <function AssetClient.create_unregistered_output
        at 0x7f29f47f0a60>, 10 more tries to go.\n2023-11-21 08:33:32 +0000 1359028
        promptflow-runtime INFO     Creating unregistered output Asset for Run eval_run_name...\n2023-11-21
        08:33:33 +0000 1359028 promptflow-runtime INFO     Created debug_info Asset:
        azureml://locations/eastus/workspaces/00000/data/azureml_eval_run_name_output_data_debug_info/versions/1\n2023-11-21
        08:33:33 +0000 1359028 promptflow-runtime INFO     Running <function AssetClient.create_unregistered_output
        at 0x7f29f47f0a60>, 10 more tries to go.\n2023-11-21 08:33:33 +0000 1359028
        promptflow-runtime INFO     Creating unregistered output Asset for Run eval_run_name...\n2023-11-21
        08:33:33 +0000 1359028 promptflow-runtime INFO     Created flow_outputs output
        Asset: azureml://locations/eastus/workspaces/00000/data/azureml_eval_run_name_output_data_flow_outputs/versions/1\n2023-11-21
        08:33:33 +0000 1359028 promptflow-runtime INFO     Running <function ArtifactClient.register_artifact
        at 0x7f29f47f0d30>, 3 more tries to go.\n2023-11-21 08:33:33 +0000 1359028
        promptflow-runtime INFO     Creating Artifact for Run eval_run_name...\n2023-11-21
        08:33:33 +0000 1359028 promptflow-runtime INFO     Created instance_results.jsonl
        Artifact.\n2023-11-21 08:33:33 +0000 1359028 promptflow-runtime INFO     Running
        <function RunHistoryClient.patch_run at 0x7f2a03d9a040>, 3 more tries to go.\n2023-11-21
        08:33:33 +0000 1359028 promptflow-runtime INFO     Patching eval_run_name...\n2023-11-21
        08:33:33 +0000 1359028 promptflow-runtime INFO     Ending the aml run ''eval_run_name''
        with status ''Completed''...\n2023-11-21 08:33:34 +0000 1328549 promptflow-runtime
        INFO     Process 1359028 finished\n2023-11-21 08:33:34 +0000 1328549 promptflow-runtime
        INFO     [1328549] Child process finished!\n2023-11-21 08:33:34 +0000 1328549
        promptflow-runtime INFO     [eval_run_name] End processing bulk run\n2023-11-21
        08:33:40 +0000 1328549 promptflow-runtime INFO     Running <function RunHistoryClient.get_run
        at 0x7f2a03d9a3a0>, 3 more tries to go.\n2023-11-21 08:33:40 +0000 1328549
        promptflow-runtime INFO     Running <function RunHistoryClient.get_run at
        0x7f2a03d9a310>, 3 more tries to go.\n2023-11-21 08:33:40 +0000 1328549 promptflow-runtime
        INFO     Run eval_run_name is in progress, Execution status: Completed\n"'
    headers:
      connection:
      - keep-alive
      content-length:
      - '13092'
      content-type:
      - application/json; charset=utf-8
      strict-transport-security:
      - max-age=15724800; includeSubDomains; preload
      transfer-encoding:
      - chunked
      vary:
      - Accept-Encoding
      x-content-type-options:
      - nosniff
      x-request-time:
      - '0.729'
    status:
      code: 200
      message: OK
- request:
    body: null
    headers:
      Accept:
      - application/json
      Accept-Encoding:
      - gzip, deflate
      Connection:
      - keep-alive
      Content-Type:
      - application/json
      User-Agent:
      - promptflow-sdk/0.0.1 azsdk-python-azuremachinelearningdesignerserviceclient/unknown
        Python/3.10.13 (Windows-10-10.0.22631-SP0)
    method: GET
    uri: https://eastus.api.azureml.ms/flow/api/subscriptions/00000000-0000-0000-0000-000000000000/resourceGroups/00000/providers/Microsoft.MachineLearningServices/workspaces/00000/BulkRuns/eval_run_name_1/logContent
  response:
    body:
      string: '"2023-11-21 08:33:55 +0000 1328549 promptflow-runtime INFO     [eval_run_name_1]
        Receiving v2 bulk run request 79536af2-0656-48f0-8a4a-82e0d3dc1a75: {\"flow_id\":
        \"eval_run_name_1\", \"flow_run_id\": \"eval_run_name_1\", \"flow_source\":
        {\"flow_source_type\": 1, \"flow_source_info\": {\"snapshot_id\": \"59ec61bd-131c-42d0-9cf8-140809a67b99\"},
        \"flow_dag_file\": \"flow.dag.yaml\"}, \"log_path\": \"https://promptfloweast4063704120.blob.core.windows.net/azureml/ExperimentRun/dcid.eval_run_name_1/logs/azureml/executionlogs.txt?sv=2019-07-07&sr=b&sig=**data_scrubbed**&skoid=55b92eba-d7c7-4afd-ab76-7bb1cd345283&sktid=00000000-0000-0000-0000-000000000000&skt=2023-11-21T03%3A24%3A46Z&ske=2023-11-22T11%3A34%3A46Z&sks=b&skv=2019-07-07&st=2023-11-21T08%3A23%3A53Z&se=2023-11-21T16%3A33%3A53Z&sp=rcw\",
        \"app_insights_instrumentation_key\": \"InstrumentationKey=**data_scrubbed**;IngestionEndpoint=https://eastus-6.in.applicationinsights.azure.com/;LiveEndpoint=https://eastus.livediagnostics.monitor.azure.com/\",
        \"data_inputs\": {\"run.outputs\": \"azureml:/subscriptions/00000000-0000-0000-0000-000000000000/resourceGroups/00000/providers/Microsoft.MachineLearningServices/workspaces/00000/data/azureml_batch_run_name_output_data_flow_outputs/versions/1\",
        \"run.inputs\": \"azureml://datastores/workspaceblobstore/paths/LocalUpload/74c11bba717480b2d6b04b8e746d09d7/webClassification3.jsonl\"},
        \"inputs_mapping\": {\"groundtruth\": \"${run.inputs.url}\", \"prediction\":
        \"${run.outputs.category}\"}, \"azure_storage_setting\": {\"azure_storage_mode\":
        1, \"storage_account_name\": \"promptfloweast4063704120\", \"blob_container_name\":
        \"azureml-blobstore-3e123da1-f9a5-4c91-9234-8d9ffbb39ff5\", \"flow_artifacts_root_path\":
        \"promptflow/PromptFlowArtifacts/eval_run_name_1\", \"blob_container_sas_token\":
        \"?sv=2019-07-07&sr=c&sig=**data_scrubbed**&skoid=55b92eba-d7c7-4afd-ab76-7bb1cd345283&sktid=00000000-0000-0000-0000-000000000000&skt=2023-11-21T08%3A33%3A54Z&ske=2023-11-28T08%3A33%3A54Z&sks=b&skv=2019-07-07&se=2023-11-28T08%3A33%3A54Z&sp=racwl\",
        \"output_datastore_name\": \"workspaceblobstore\"}}\n2023-11-21 08:33:55 +0000
        1328549 promptflow-runtime INFO     Runtime version: 20231030.v3. PromptFlow
        version: 0.1.0b9.dev2\n2023-11-21 08:33:55 +0000 1328549 promptflow-runtime
        INFO     Running <function RunHistoryClient.get_run at 0x7f2a03d9a3a0>, 3
        more tries to go.\n2023-11-21 08:33:55 +0000 1328549 promptflow-runtime INFO     Running
        <function RunHistoryClient.get_run at 0x7f2a03d9a310>, 3 more tries to go.\n2023-11-21
        08:33:55 +0000 1328549 promptflow-runtime INFO     Running <function RunHistoryClient.update_run_status
        at 0x7f2a03d9a160>, 3 more tries to go.\n2023-11-21 08:33:55 +0000 1328549
        promptflow-runtime INFO     Updating eval_run_name_1 to Status.Preparing...\n2023-11-21
        08:33:55 +0000 1328549 promptflow-runtime INFO     Use default method to start
        child process. Region: eastus\n2023-11-21 08:33:55 +0000 1328549 promptflow-runtime
        INFO     Starting to check process 1359119 status for run eval_run_name_1\n2023-11-21
        08:33:55 +0000 1328549 promptflow-runtime INFO     Start checking run status
        for bulk run eval_run_name_1\n2023-11-21 08:33:55 +0000 1328549 promptflow-runtime
        INFO     Start checking run status for run eval_run_name_1\n2023-11-21 08:33:55
        +0000 1359119 promptflow-runtime INFO     [1328549--1359119] Start processing
        flowV2......\n2023-11-21 08:33:55 +0000 1359119 promptflow-runtime INFO     Runtime
        version: 20231030.v3. PromptFlow version: 0.1.0b9.dev2\n2023-11-21 08:33:55
        +0000 1359119 promptflow-runtime INFO     Setting mlflow tracking uri...\n2023-11-21
        08:33:56 +0000 1359119 promptflow-runtime INFO     Validating ''AzureML Data
        Scientist'' user authentication...\n2023-11-21 08:33:56 +0000 1359119 promptflow-runtime
        INFO     Running <function RuntimeConfig.validate_by_get_dummy_run at 0x7f2a03da48b0>,
        5 more tries to go.\n2023-11-21 08:33:56 +0000 1359119 promptflow-runtime
        INFO     Successfully validated ''AzureML Data Scientist'' user authentication.\n2023-11-21
        08:33:56 +0000 1359119 promptflow-runtime INFO     Using AzureMLRunStorageV2\n2023-11-21
        08:33:56 +0000 1359119 promptflow-runtime INFO     Setting mlflow tracking
        uri to ''azureml://eastus.api.azureml.ms/mlflow/v1.0/subscriptions/00000000-0000-0000-0000-000000000000/resourceGroups/00000/providers/Microsoft.MachineLearningServices/workspaces/promptflow-eastus''\n2023-11-21
        08:33:56 +0000 1359119 promptflow-runtime INFO     Running <function MlflowHelper.get_host_creds
        at 0x7f29faa8d700>, 5 more tries to go.\n2023-11-21 08:33:56 +0000 1359119
        promptflow-runtime INFO     Initialized blob service client for AzureMLRunTracker.\n2023-11-21
        08:33:56 +0000 1359119 promptflow-runtime INFO     Setting mlflow tracking
        uri to ''azureml://eastus.api.azureml.ms/mlflow/v1.0/subscriptions/00000000-0000-0000-0000-000000000000/resourceGroups/00000/providers/Microsoft.MachineLearningServices/workspaces/promptflow-eastus''\n2023-11-21
        08:33:56 +0000 1359119 promptflow-runtime INFO     Running <function MlflowHelper.get_host_creds
        at 0x7f29faa8d700>, 5 more tries to go.\n2023-11-21 08:33:56 +0000 1359119
        promptflow-runtime INFO     Running <function SnapshotsClient.download_snapshot
        at 0x7f2a1a9a1ee0>, 3 more tries to go.\n2023-11-21 08:33:56 +0000 1359119
        promptflow-runtime INFO     Get snapshot sas url for 59ec61bd-131c-42d0-9cf8-140809a67b99...\n2023-11-21
        08:34:03 +0000 1359119 promptflow-runtime INFO     Downloading snapshot 59ec61bd-131c-42d0-9cf8-140809a67b99
        from uri https://promptfloweast4063704120.blob.core.windows.net/snapshotzips/promptflow-eastus:3e123da1-f9a5-4c91-9234-8d9ffbb39ff5:snapshotzip/59ec61bd-131c-42d0-9cf8-140809a67b99.zip...\n2023-11-21
        08:34:03 +0000 1359119 promptflow-runtime INFO     Downloaded file /service/app/36717/requests/eval_run_name_1/59ec61bd-131c-42d0-9cf8-140809a67b99.zip
        with size 1221 for snapshot 59ec61bd-131c-42d0-9cf8-140809a67b99.\n2023-11-21
        08:34:03 +0000 1359119 promptflow-runtime INFO     Download snapshot 59ec61bd-131c-42d0-9cf8-140809a67b99
        completed.\n2023-11-21 08:34:03 +0000 1359119 promptflow-runtime INFO     Running
        <function prepare_data at 0x7f29f763aca0>, 3 more tries to go.\n2023-11-21
        08:34:03 +0000 1359119 promptflow-runtime INFO     Resolve data from url finished
        in 0.6493597431108356 seconds\n2023-11-21 08:34:03 +0000 1359119 promptflow-runtime
        INFO     Running <function prepare_data at 0x7f29f763aca0>, 3 more tries to
        go.\n2023-11-21 08:34:04 +0000 1359119 promptflow-runtime INFO     Resolve
        data from url finished in 0.4529636260122061 seconds\n2023-11-21 08:34:04
        +0000 1359119 promptflow-runtime INFO     Flow run is not terminated, skip
        persisting flow run record.\n2023-11-21 08:34:04 +0000 1359119 promptflow-runtime
        INFO     Starting the aml run ''eval_run_name_1''...\n2023-11-21 08:34:04
        +0000 1359119 execution.bulk     INFO     Using fork, process count: 3\n2023-11-21
        08:34:05 +0000 1359148 execution          INFO     Process 1359148 started.\n2023-11-21
        08:34:05 +0000 1359153 execution          INFO     Process 1359153 started.\n2023-11-21
        08:34:05 +0000 1359157 execution          INFO     Process 1359157 started.\n2023-11-21
        08:34:05 +0000 1359119 execution          INFO     Process name: Process-154:2,
        Process id: 1359148, Line number: 0 start execution.\n2023-11-21 08:34:05
        +0000 1359119 execution          INFO     Process name: Process-154:3, Process
        id: 1359153, Line number: 1 start execution.\n2023-11-21 08:34:05 +0000 1359119
        promptflow-runtime INFO     Flow run is not terminated, skip persisting flow
        run record.\n2023-11-21 08:34:05 +0000 1359119 execution          INFO     Process
        name: Process-154:4, Process id: 1359157, Line number: 2 start execution.\n2023-11-21
        08:34:05 +0000 1359119 promptflow-runtime INFO     Flow run is not terminated,
        skip persisting flow run record.\n2023-11-21 08:34:05 +0000 1359119 promptflow-runtime
        INFO     Flow run is not terminated, skip persisting flow run record.\n2023-11-21
        08:34:05 +0000 1359119 execution          INFO     Process name: Process-154:2,
        Process id: 1359148, Line number: 0 completed.\n2023-11-21 08:34:05 +0000
        1359119 execution.bulk     INFO     Finished 1 / 3 lines.\n2023-11-21 08:34:05
        +0000 1359119 execution.bulk     INFO     Average execution time for completed
        lines: 0.3 seconds. Estimated time for incomplete lines: 0.6 seconds.\n2023-11-21
        08:34:05 +0000 1359119 execution          INFO     Process name: Process-154:3,
        Process id: 1359153, Line number: 1 completed.\n2023-11-21 08:34:05 +0000
        1359119 execution          INFO     Process name: Process-154:4, Process id:
        1359157, Line number: 2 completed.\n2023-11-21 08:34:05 +0000 1359119 execution.bulk     INFO     Finished
        3 / 3 lines.\n2023-11-21 08:34:05 +0000 1359119 execution.bulk     INFO     Finished
        3 / 3 lines.\n2023-11-21 08:34:05 +0000 1359119 execution.bulk     INFO     Average
        execution time for completed lines: 0.13 seconds. Estimated time for incomplete
        lines: 0.0 seconds.\n2023-11-21 08:34:05 +0000 1359119 execution.bulk     INFO     Average
        execution time for completed lines: 0.13 seconds. Estimated time for incomplete
        lines: 0.0 seconds.\n2023-11-21 08:34:06 +0000 1359119 execution          INFO     Executing
        aggregation nodes...\n2023-11-21 08:34:06 +0000 1359119 execution          INFO     Finish
        executing aggregation nodes.\n2023-11-21 08:34:08 +0000 1359119 execution.bulk     INFO     Upload
        status summary metrics for run eval_run_name_1 finished in 1.6509137579705566
        seconds\n2023-11-21 08:34:08 +0000 1359119 execution.bulk     INFO     Upload
        metrics for run eval_run_name_1 finished in 0.37889860896393657 seconds\n2023-11-21
        08:34:08 +0000 1359119 promptflow-runtime INFO     Successfully write run
        properties {\"azureml.promptflow.total_tokens\": 0, \"_azureml.evaluate_artifacts\":
        \"[{\\\"path\\\": \\\"instance_results.jsonl\\\", \\\"type\\\": \\\"table\\\"}]\"}
        with run id ''eval_run_name_1''\n2023-11-21 08:34:08 +0000 1359119 execution.bulk     INFO     Upload
        RH properties for run eval_run_name_1 finished in 0.06529403594322503 seconds\n2023-11-21
        08:34:08 +0000 1359119 promptflow-runtime INFO     Running <function AssetClient.create_unregistered_output
        at 0x7f29f47929d0>, 10 more tries to go.\n2023-11-21 08:34:08 +0000 1359119
        promptflow-runtime INFO     Creating unregistered output Asset for Run eval_run_name_1...\n2023-11-21
        08:34:08 +0000 1359119 promptflow-runtime INFO     Created debug_info Asset:
        azureml://locations/eastus/workspaces/00000/data/azureml_eval_run_name_1_output_data_debug_info/versions/1\n2023-11-21
        08:34:09 +0000 1359119 promptflow-runtime INFO     Running <function AssetClient.create_unregistered_output
        at 0x7f29f47929d0>, 10 more tries to go.\n2023-11-21 08:34:09 +0000 1359119
        promptflow-runtime INFO     Creating unregistered output Asset for Run eval_run_name_1...\n2023-11-21
        08:34:09 +0000 1359119 promptflow-runtime INFO     Created flow_outputs output
        Asset: azureml://locations/eastus/workspaces/00000/data/azureml_eval_run_name_1_output_data_flow_outputs/versions/1\n2023-11-21
        08:34:09 +0000 1359119 promptflow-runtime INFO     Running <function ArtifactClient.register_artifact
        at 0x7f29f4792ca0>, 3 more tries to go.\n2023-11-21 08:34:09 +0000 1359119
        promptflow-runtime INFO     Creating Artifact for Run eval_run_name_1...\n2023-11-21
        08:34:09 +0000 1359119 promptflow-runtime INFO     Created instance_results.jsonl
        Artifact.\n2023-11-21 08:34:09 +0000 1359119 promptflow-runtime INFO     Running
        <function RunHistoryClient.patch_run at 0x7f2a03d9a040>, 3 more tries to go.\n2023-11-21
        08:34:09 +0000 1359119 promptflow-runtime INFO     Patching eval_run_name_1...\n2023-11-21
        08:34:09 +0000 1359119 promptflow-runtime INFO     Ending the aml run ''eval_run_name_1''
        with status ''Completed''...\n2023-11-21 08:34:10 +0000 1328549 promptflow-runtime
        INFO     Process 1359119 finished\n2023-11-21 08:34:10 +0000 1328549 promptflow-runtime
        INFO     [1328549] Child process finished!\n2023-11-21 08:34:10 +0000 1328549
        promptflow-runtime INFO     [eval_run_name_1] End processing bulk run\n2023-11-21
        08:34:15 +0000 1328549 promptflow-runtime INFO     Running <function RunHistoryClient.get_run
        at 0x7f2a03d9a3a0>, 3 more tries to go.\n2023-11-21 08:34:15 +0000 1328549
        promptflow-runtime INFO     Running <function RunHistoryClient.get_run at
        0x7f2a03d9a310>, 3 more tries to go.\n2023-11-21 08:34:16 +0000 1328549 promptflow-runtime
        INFO     Run eval_run_name_1 is in progress, Execution status: Completed\n"'
    headers:
      connection:
      - keep-alive
      content-length:
      - '13102'
      content-type:
      - application/json; charset=utf-8
      strict-transport-security:
      - max-age=15724800; includeSubDomains; preload
      transfer-encoding:
      - chunked
      vary:
      - Accept-Encoding
      x-content-type-options:
      - nosniff
      x-request-time:
      - '0.595'
    status:
      code: 200
      message: OK
version: 1
